/Users/wanda/QSTC_PROJECT/TriQG/.venv/lib/python3.12/site-packages/qutip/core/data/expm.py:146: LinAlgWarning: Matrix is singular. The result might be inaccurate or the array might not have a square root.
  return Dense(scipy.linalg.sqrtm(matrix.as_ndarray()))
==========================================================================================
a = 4.0 um fine-scan, K = 1, ARC-verified lifetimes
==========================================================================================
Fixed:  a = 4.00 um,  K = 1.0,  alpha = 4.0
V_ct / (2 pi) =  441.94 MHz
R_DD = 199.6,  R_AA = 159.1   (both >> 100, selectivity OK)
Lifetimes (ARC, 0 K):    tau_R = 164.55 us,  tau_r = 138.87 us,  tau_P =  0.270 us
Grids:
    omega_p_MHz    [50.0, 55.0, 60.0, 65.0, 70.0]
    ratio          [2.8, 3.0, 3.2]
    delta_MHz      [400.0, 450.0, 500.0, 550.0, 600.0]
    omega_c_MHz    [50.0, 60.0, 70.0]
Total cells: 225

   #    Op     r     D    Oc    Tc     Tf   Ttot    M2     F_bar  eta
--------------------------------------------------------------------------------
   1    50  2.80   400    50  10.0  153.7  327.3  50.5  0.983525  145s
   2    50  2.80   400    60   8.3  153.7  324.0  50.5  0.983988  151s
   3    50  2.80   400    70   7.1  153.7  321.6  50.5  0.984250  153s
   4    50  2.80   450    50  10.0  172.9  365.7  56.8  0.984270  142s
   5    50  2.80   450    60   8.3  172.9  362.4  56.8  0.984816  146s
   6    50  2.80   450    70   7.1  172.9  360.0  56.8  0.985155  148s
   7    50  2.80   500    50  10.0  192.1  404.1  63.1  0.985018  149s
   8    50  2.80   500    60   8.3  192.1  400.8  63.1  0.985547  144s
   9    50  2.80   500    70   7.1  192.1  398.4  63.1  0.985862  149s
  10    50  2.80   550    50  10.0  211.3  442.5  69.4  0.985836  156s
  11    50  2.80   550    60   8.3  211.3  439.2  69.4  0.986251  161s
  12    50  2.80   550    70   7.1  211.3  436.8  69.4  0.986504  174s
  13    50  2.80   600    50  10.0  230.5  481.0  75.8  0.986634  190s
  14    50  2.80   600    60   8.3  230.5  477.6  75.8  0.986899  189s
  15    50  2.80   600    70   7.1  230.5  475.2  75.8  0.987057  187s
  16    50  3.00   400    50  10.0  153.7  327.3  47.1  0.993903  182s
  17    50  3.00   400    60   8.3  153.7  324.0  47.1  0.994367  180s
  18    50  3.00   400    70   7.1  153.7  321.6  47.1  0.994644  178s
  19    50  3.00   450    50  10.0  172.9  365.7  53.0  0.993371  172s
  20    50  3.00   450    60   8.3  172.9  362.4  53.0  0.993914  170s
  21    50  3.00   450    70   7.1  172.9  360.0  53.0  0.994243  171s
  22    50  3.00   500    50  10.0  192.1  404.1  58.9  0.993110  167s
  23    50  3.00   500    60   8.3  192.1  400.8  58.9  0.993633  164s
  24    50  3.00   500    70   7.1  192.1  398.4  58.9  0.993952  164s
  25    50  3.00   550    50  10.0  211.3  442.5  64.8  0.993137  161s
  26    50  3.00   550    60   8.3  211.3  439.2  64.8  0.993548  164s
  27    50  3.00   550    70   7.1  211.3  436.8  64.8  0.993802  167s
  28    50  3.00   600    50  10.0  230.5  481.0  70.7  0.993313  173s
  29    50  3.00   600    60   8.3  230.5  477.6  70.7  0.993573  171s
  30    50  3.00   600    70   7.1  230.5  475.2  70.7  0.993732  176s
  31    50  3.20   400    50  10.0  153.7  327.3  44.2  0.989425  173s
  32    50  3.20   400    60   8.3  153.7  324.0  44.2  0.989889  171s
  33    50  3.20   400    70   7.1  153.7  321.6  44.2  0.990167  169s
  34    50  3.20   450    50  10.0  172.9  365.7  49.7  0.989036  166s
  35    50  3.20   450    60   8.3  172.9  362.4  49.7  0.989580  164s
  36    50  3.20   450    70   7.1  172.9  360.0  49.7  0.989909  163s
  37    50  3.20   500    50  10.0  192.1  404.1  55.2  0.989004  160s
  38    50  3.20   500    60   8.3  192.1  400.8  55.2  0.989528  158s
  39    50  3.20   500    70   7.1  192.1  398.4  55.2  0.989846  157s
  40    50  3.20   550    50  10.0  211.3  442.5  60.8  0.989272  158s
  41    50  3.20   550    60   8.3  211.3  439.2  60.8  0.989685  156s
  42    50  3.20   550    70   7.1  211.3  436.8  60.8  0.989937  156s
  43    50  3.20   600    50  10.0  230.5  481.0  66.3  0.989671  159s
  44    50  3.20   600    60   8.3  230.5  477.6  66.3  0.989931  157s
  45    50  3.20   600    70   7.1  230.5  475.2  66.3  0.990090  157s
  46    55  2.80   400    50  10.0  127.0  274.0  41.7  0.983223  155s
  47    55  2.80   400    60   8.3  127.0  270.6  41.7  0.983478  154s
  48    55  2.80   400    70   7.1  127.0  268.3  41.7  0.983632  152s
  49    55  2.80   450    50  10.0  142.9  305.7  47.0  0.984098  150s
  50    55  2.80   450    60   8.3  142.9  302.4  47.0  0.984498  148s
  51    55  2.80   450    70   7.1  142.9  300.0  47.0  0.984729  146s
  52    55  2.80   500    50  10.0  158.7  337.5  52.2  0.984675  145s
  53    55  2.80   500    60   8.3  158.7  334.1  52.2  0.985168  145s
  54    55  2.80   500    70   7.1  158.7  331.8  52.2  0.985467  144s
  55    55  2.80   550    50  10.0  174.6  369.2  57.4  0.985151  142s
  56    55  2.80   550    60   8.3  174.6  365.9  57.4  0.985701  141s
  57    55  2.80   550    70   7.1  174.6  363.5  57.4  0.986031  140s
  58    55  2.80   600    50  10.0  190.5  401.0  62.6  0.985658  140s
  59    55  2.80   600    60   8.3  190.5  397.6  62.6  0.986190  140s
  60    55  2.80   600    70   7.1  190.5  395.2  62.6  0.986512  139s
  61    55  3.00   400    50  10.0  127.0  274.0  39.0  0.994675  138s
  62    55  3.00   400    60   8.3  127.0  270.6  39.0  0.994935  137s
  63    55  3.00   400    70   7.1  127.0  268.3  39.0  0.995090  135s
  64    55  3.00   450    50  10.0  142.9  305.7  43.8  0.994179  134s
  65    55  3.00   450    60   8.3  142.9  302.4  43.8  0.994565  132s
  66    55  3.00   450    70   7.1  142.9  300.0  43.8  0.994796  131s
  67    55  3.00   500    50  10.0  158.7  337.5  48.7  0.993626  130s
  68    55  3.00   500    60   8.3  158.7  334.1  48.7  0.994119  129s
  69    55  3.00   500    70   7.1  158.7  331.8  48.7  0.994416  129s
  70    55  3.00   550    50  10.0  174.6  369.2  53.6  0.993202  127s
  71    55  3.00   550    60   8.3  174.6  365.9  53.6  0.993747  127s
  72    55  3.00   550    70   7.1  174.6  363.5  53.6  0.994076  127s
  73    55  3.00   600    50  10.0  190.5  401.0  58.4  0.992992  127s
  74    55  3.00   600    60   8.3  190.5  397.6  58.4  0.993521  126s
  75    55  3.00   600    70   7.1  190.5  395.2  58.4  0.993842  127s
  76    55  3.20   400    50  10.0  127.0  274.0  36.5  0.990139  125s
  77    55  3.20   400    60   8.3  127.0  270.6  36.5  0.990397  125s
  78    55  3.20   400    70   7.1  127.0  268.3  36.5  0.990551  123s
  79    55  3.20   450    50  10.0  142.9  305.7  41.1  0.989626  122s
  80    55  3.20   450    60   8.3  142.9  302.4  41.1  0.990012  120s
  81    55  3.20   450    70   7.1  142.9  300.0  41.1  0.990243  119s
  82    55  3.20   500    50  10.0  158.7  337.5  45.7  0.989240  118s
  83    55  3.20   500    60   8.3  158.7  334.1  45.7  0.989731  117s
  84    55  3.20   500    70   7.1  158.7  331.8  45.7  0.990027  117s
  85    55  3.20   550    50  10.0  174.6  369.2  50.2  0.989035  116s
  86    55  3.20   550    60   8.3  174.6  365.9  50.2  0.989582  115s
  87    55  3.20   550    70   7.1  174.6  363.5  50.2  0.989912  115s
  88    55  3.20   600    50  10.0  190.5  401.0  54.8  0.989051  114s
  89    55  3.20   600    60   8.3  190.5  397.6  54.8  0.989581  114s
  90    55  3.20   600    70   7.1  190.5  395.2  54.8  0.989903  114s
  91    60  2.80   400    50  10.0  106.7  233.4  35.1  0.982452  113s
  92    60  2.80   400    60   8.3  106.7  230.1  35.1  0.982573  111s
  93    60  2.80   400    70   7.1  106.7  227.7  35.1  0.982626  110s
  94    60  2.80   450    50  10.0  120.0  260.1  39.5  0.983749  109s
  95    60  2.80   450    60   8.3  120.0  256.7  39.5  0.983974  107s
  96    60  2.80   450    70   7.1  120.0  254.4  39.5  0.984076  106s
  97    60  2.80   500    50  10.0  133.4  286.8  43.8  0.984596  105s
  98    60  2.80   500    60   8.3  133.4  283.4  43.8  0.984887  104s
  99    60  2.80   500    70   7.1  133.4  281.0  43.8  0.985089  103s
 100    60  2.80   550    50  10.0  146.7  313.4  48.2  0.985093  102s
 101    60  2.80   550    60   8.3  146.7  310.1  48.2  0.985519  101s
 102    60  2.80   550    70   7.1  146.7  307.7  48.2  0.985759  100s
 103    60  2.80   600    50  10.0  160.1  340.1  52.6  0.985441   99s
 104    60  2.80   600    60   8.3  160.1  336.8  52.6  0.985943   99s
 105    60  2.80   600    70   7.1  160.1  334.4  52.6  0.986251   98s
 106    60  3.00   400    50  10.0  106.7  233.4  32.7  0.994873   97s
 107    60  3.00   400    60   8.3  106.7  230.1  32.7  0.994996   96s
 108    60  3.00   400    70   7.1  106.7  227.7  32.7  0.995072   95s
 109    60  3.00   450    50  10.0  120.0  260.1  36.8  0.994776   94s
 110    60  3.00   450    60   8.3  120.0  256.7  36.8  0.994983   93s
 111    60  3.00   450    70   7.1  120.0  254.4  36.8  0.995108   92s
 112    60  3.00   500    50  10.0  133.4  286.8  40.9  0.994391   91s
 113    60  3.00   500    60   8.3  133.4  283.4  40.9  0.994703   90s
 114    60  3.00   500    70   7.1  133.4  281.0  40.9  0.994890   89s
 115    60  3.00   550    50  10.0  146.7  313.4  45.0  0.993909   88s
 116    60  3.00   550    60   8.3  146.7  310.1  45.0  0.994320   87s
 117    60  3.00   550    70   7.1  146.7  307.7  45.0  0.994573   86s
 118    60  3.00   600    50  10.0  160.1  340.1  49.1  0.993446   85s
 119    60  3.00   600    60   8.3  160.1  336.8  49.1  0.993945   85s
 120    60  3.00   600    70   7.1  160.1  334.4  49.1  0.994247   85s
 121    60  3.20   400    50  10.0  106.7  233.4  30.7  0.990434   84s
 122    60  3.20   400    60   8.3  106.7  230.1  30.7  0.990561   83s
 123    60  3.20   400    70   7.1  106.7  227.7  30.7  0.990632   82s
 124    60  3.20   450    50  10.0  120.0  260.1  34.5  0.990093   81s
 125    60  3.20   450    60   8.3  120.0  256.7  34.5  0.990297   80s
 126    60  3.20   450    70   7.1  120.0  254.4  34.5  0.990425   79s
 127    60  3.20   500    50  10.0  133.4  286.8  38.4  0.989763   78s
 128    60  3.20   500    60   8.3  133.4  283.4  38.4  0.990073   77s
 129    60  3.20   500    70   7.1  133.4  281.0  38.4  0.990261   76s
 130    60  3.20   550    50  10.0  146.7  313.4  42.2  0.989458   75s
 131    60  3.20   550    60   8.3  146.7  310.1  42.2  0.989870   74s
 132    60  3.20   550    70   7.1  146.7  307.7  42.2  0.990122   73s
 133    60  3.20   600    50  10.0  160.1  340.1  46.0  0.989212   73s
 134    60  3.20   600    60   8.3  160.1  336.8  46.0  0.989712   72s
 135    60  3.20   600    70   7.1  160.1  334.4  46.0  0.990013   71s
 136    65  2.80   400    50  10.0   90.9  201.8  29.9  0.981198   70s
 137    65  2.80   400    60   8.3   90.9  198.5  29.9  0.981275   69s
 138    65  2.80   400    70   7.1   90.9  196.1  29.9  0.981324   68s
 139    65  2.80   450    50  10.0  102.3  224.6  33.6  0.982950   67s
 140    65  2.80   450    60   8.3  102.3  221.2  33.6  0.983053   67s
 141    65  2.80   450    70   7.1  102.3  218.9  33.6  0.983117   66s
 142    65  2.80   500    50  10.0  113.6  247.3  37.4  0.984170   65s
 143    65  2.80   500    60   8.3  113.6  244.0  37.4  0.984330   64s
 144    65  2.80   500    70   7.1  113.6  241.6  37.4  0.984406   63s
 145    65  2.80   550    50  10.0  125.0  270.0  41.1  0.984957   62s
 146    65  2.80   550    60   8.3  125.0  266.7  41.1  0.985195   61s
 147    65  2.80   550    70   7.1  125.0  264.3  41.1  0.985354   61s
 148    65  2.80   600    50  10.0  136.4  292.8  44.8  0.985458   60s
 149    65  2.80   600    60   8.3  136.4  289.4  44.8  0.985796   59s
 150    65  2.80   600    70   7.1  136.4  287.0  44.8  0.985992   58s
 151    65  3.00   400    50  10.0   90.9  201.8  27.9  0.994404   57s
 152    65  3.00   400    60   8.3   90.9  198.5  27.9  0.994486   56s
 153    65  3.00   400    70   7.1   90.9  196.1  27.9  0.994537   55s
 154    65  3.00   450    50  10.0  102.3  224.6  31.4  0.994821   55s
 155    65  3.00   450    60   8.3  102.3  221.2  31.4  0.994925   54s
 156    65  3.00   450    70   7.1  102.3  218.9  31.4  0.994989   53s
 157    65  3.00   500    50  10.0  113.6  247.3  34.9  0.994794   52s
 158    65  3.00   500    60   8.3  113.6  244.0  34.9  0.994958   51s
 159    65  3.00   500    70   7.1  113.6  241.6  34.9  0.995053   50s
 160    65  3.00   550    50  10.0  125.0  270.0  38.4  0.994528   49s
 161    65  3.00   550    60   8.3  125.0  266.7  38.4  0.994773   49s
 162    65  3.00   550    70   7.1  125.0  264.3  38.4  0.994916   48s
 163    65  3.00   600    50  10.0  136.4  292.8  41.8  0.994144   47s
 164    65  3.00   600    60   8.3  136.4  289.4  41.8  0.994479   46s
 165    65  3.00   600    70   7.1  136.4  287.0  41.8  0.994680   46s
 166    65  3.20   400    50  10.0   90.9  201.8  26.2  0.990242   45s
 167    65  3.20   400    60   8.3   90.9  198.5  26.2  0.990324   44s
 168    65  3.20   400    70   7.1   90.9  196.1  26.2  0.990374   43s
 169    65  3.20   450    50  10.0  102.3  224.6  29.4  0.990111   42s
 170    65  3.20   450    60   8.3  102.3  221.2  29.4  0.990216   41s
 171    65  3.20   450    70   7.1  102.3  218.9  29.4  0.990278   40s
 172    65  3.20   500    50  10.0  113.6  247.3  32.7  0.989991   40s
 173    65  3.20   500    60   8.3  113.6  244.0  32.7  0.990154   39s
 174    65  3.20   500    70   7.1  113.6  241.6  32.7  0.990244   38s
 175    65  3.20   550    50  10.0  125.0  270.0  36.0  0.989826   37s
 176    65  3.20   550    60   8.3  125.0  266.7  36.0  0.990068   37s
 177    65  3.20   550    70   7.1  125.0  264.3  36.0  0.990213   36s
 178    65  3.20   600    50  10.0  136.4  292.8  39.2  0.989627   35s
 179    65  3.20   600    60   8.3  136.4  289.4  39.2  0.989960   34s
 180    65  3.20   600    70   7.1  136.4  287.0  39.2  0.990162   33s
 181    70  2.80   400    50  10.0   78.4  176.8  25.8  0.979606   33s
 182    70  2.80   400    60   8.3   78.4  173.5  25.8  0.979702   32s
 183    70  2.80   400    70   7.1   78.4  171.1  25.8  0.979761   31s
 184    70  2.80   450    50  10.0   88.2  196.4  29.0  0.981700   30s
 185    70  2.80   450    60   8.3   88.2  193.1  29.0  0.981779   29s
 186    70  2.80   450    70   7.1   88.2  190.7  29.0  0.981827   29s
 187    70  2.80   500    50  10.0   98.0  216.0  32.2  0.983271   28s
 188    70  2.80   500    60   8.3   98.0  212.7  32.2  0.983384   27s
 189    70  2.80   500    70   7.1   98.0  210.3  32.2  0.983439   26s
 190    70  2.80   550    50  10.0  107.8  235.6  35.4  0.984426   25s
 191    70  2.80   550    60   8.3  107.8  232.3  35.4  0.984572   25s
 192    70  2.80   550    70   7.1  107.8  229.9  35.4  0.984647   24s
 193    70  2.80   600    50  10.0  117.6  255.2  38.7  0.985235   23s
 194    70  2.80   600    60   8.3  117.6  251.8  38.7  0.985407   22s
 195    70  2.80   600    70   7.1  117.6  249.5  38.7  0.985519   22s
 196    70  3.00   400    50  10.0   78.4  176.8  24.1  0.993348   21s
 197    70  3.00   400    60   8.3   78.4  173.5  24.1  0.993448   20s
 198    70  3.00   400    70   7.1   78.4  171.1  24.1  0.993512   19s
 199    70  3.00   450    50  10.0   88.2  196.4  27.1  0.994303   19s
 200    70  3.00   450    60   8.3   88.2  193.1  27.1  0.994385   18s
 201    70  3.00   450    70   7.1   88.2  190.7  27.1  0.994437   17s
 202    70  3.00   500    50  10.0   98.0  216.0  30.1  0.994688   16s
 203    70  3.00   500    60   8.3   98.0  212.7  30.1  0.994782   16s
 204    70  3.00   500    70   7.1   98.0  210.3  30.1  0.994837   15s
 205    70  3.00   550    50  10.0  107.8  235.6  33.1  0.994736   14s
 206    70  3.00   550    60   8.3  107.8  232.3  33.1  0.994865   13s
 207    70  3.00   550    70   7.1  107.8  229.9  33.1  0.994944   13s
 208    70  3.00   600    50  10.0  117.6  255.2  36.1  0.994581   12s
 209    70  3.00   600    60   8.3  117.6  251.8  36.1  0.994775   11s
 210    70  3.00   600    70   7.1  117.6  249.5  36.1  0.994886   11s
 211    70  3.20   400    50  10.0   78.4  176.8  22.5  0.989638   10s
 212    70  3.20   400    60   8.3   78.4  173.5  22.5  0.989739    9s
 213    70  3.20   400    70   7.1   78.4  171.1  22.5  0.989801    8s
 214    70  3.20   450    50  10.0   88.2  196.4  25.4  0.989687    8s
 215    70  3.20   450    60   8.3   88.2  193.1  25.4  0.989769    7s
 216    70  3.20   450    70   7.1   88.2  190.7  25.4  0.989819    6s
 217    70  3.20   500    50  10.0   98.0  216.0  28.2  0.989767    6s
 218    70  3.20   500    60   8.3   98.0  212.7  28.2  0.989859    5s
 219    70  3.20   500    70   7.1   98.0  210.3  28.2  0.989913    4s
 220    70  3.20   550    50  10.0  107.8  235.6  31.0  0.989812    3s
 221    70  3.20   550    60   8.3  107.8  232.3  31.0  0.989941    3s
 222    70  3.20   550    70   7.1  107.8  229.9  31.0  0.990018    2s
 223    70  3.20   600    50  10.0  117.6  255.2  33.8  0.989797    1s
 224    70  3.20   600    60   8.3  117.6  251.8  33.8  0.989986    1s
 225    70  3.20   600    70   7.1  117.6  249.5  33.8  0.990097    0s

Wrote a4_finescan_K1.csv (225 rows).

==========================================================================================
K = 1, a = 4.0 um:  cells with F_bar > 0.99:  106 / 225  (47.1 %)
==========================================================================================

Top 30 robust cells (ranked by robust_score then F_bar):
rank    Op     r     D    Oc     F_bar      F_11   robust   Ttot    M2
------------------------------------------------------------------------------------------
   1    60  3.20   400    70  0.990632  0.994286   5 /   5   227.7  30.7
   2    60  3.20   400    60  0.990561  0.994002   6 /   6   230.1  30.7
   3    55  3.20   400    70  0.990551  0.993025   5 /   5   268.3  36.5
   4    60  3.20   400    50  0.990434  0.993526   5 /   5   233.4  30.7
   5    60  3.20   450    70  0.990425  0.993569   6 /   6   254.4  34.5
   6    60  3.20   450    60  0.990297  0.993095   7 /   7   256.7  34.5
   7    60  3.20   500    70  0.990261  0.992658   6 /   6   281.0  38.4
   8    65  3.20   550    70  0.990213  0.993308   6 /   6   264.3  36.0
   9    60  3.00   450    60  0.994983  0.993294   7 /   8   256.7  36.8
  10    65  3.00   500    60  0.994958  0.993857   7 /   8   244.0  34.9
  11    65  3.00   450    60  0.994925  0.994529   7 /   8   221.2  31.4
  12    65  3.00   550    60  0.994773  0.992940   7 /   8   266.7  38.4
  13    60  3.00   500    60  0.994703  0.992094   7 /   8   283.4  40.9
  14    55  3.00   450    60  0.994565  0.991104   7 /   8   302.4  43.8
  15    60  3.00   450    70  0.995108  0.993769   6 /   7   254.4  36.8
  16    65  3.00   500    70  0.995053  0.994234   6 /   7   241.6  34.9
  17    60  3.00   400    60  0.994996  0.994235   6 /   7   230.1  32.7
  18    65  3.00   450    70  0.994989  0.994768   6 /   7   218.9  31.4
  19    55  3.00   400    60  0.994935  0.992584   6 /   7   270.6  39.0
  20    65  3.00   550    70  0.994916  0.993508   6 /   7   264.3  38.4
  21    60  3.00   500    70  0.994890  0.992828   6 /   7   281.0  40.9
  22    65  3.00   450    50  0.994821  0.994129   6 /   7   224.6  31.4
  23    55  3.00   450    70  0.994796  0.992017   6 /   7   300.0  43.8
  24    60  3.00   450    50  0.994776  0.992489   6 /   7   260.1  36.8
  25    60  3.00   550    70  0.994573  0.991844   6 /   7   307.7  45.0
  26    65  3.00   400    60  0.994486  0.994873   6 /   7   198.5  27.9
  27    55  3.00   500    70  0.994416  0.990958   6 /   7   331.8  48.7
  28    65  3.20   450    60  0.990216  0.994257   6 /   7   221.2  29.4
  29    55  3.00   400    70  0.995090  0.993188   5 /   6   268.3  39.0
  30    60  3.00   400    70  0.995072  0.994520   5 /   6   227.7  32.7

Wrote a4_finescan_K1_robust.csv (106 rows).

==========================================================================================
CHAMPION (highest robust_score, then highest F_bar):
==========================================================================================
   omega_p_MHz            = 60.000000
   ratio                  = 3.200000
   delta_MHz              = 400.000000
   omega_c_MHz            = 70.000000
   omega_R_MHz            = 192.000000
   T_c_ns                 = 7.142857
   T_f_ns                 = 106.703402
   sigma_ns               = 0.303721
   t_total_ns             = 227.692519
   M1                     = 98.209275
   M2                     = 30.690398
   F_bar                  = 0.990632
   F_00                   = 0.983002
   F_01                   = 0.992620
   F_10                   = 0.992620
   F_11                   = 0.994286
   n_neighbors_total      = 5
   n_neighbors_pass       = 5
   robust_score           = 1.000000
   pass                   = 1

HIGHEST F_bar:
   omega_p_MHz            = 60.000000
   ratio                  = 3.000000
   delta_MHz              = 450.000000
   omega_c_MHz            = 70.000000
   omega_R_MHz            = 180.000000
   T_c_ns                 = 7.142857
   T_f_ns                 = 120.041328
   sigma_ns               = 0.432446
   t_total_ns             = 254.368370
   M1                     = 110.485435
   M2                     = 36.828478
   F_bar                  = 0.995108
   F_00                   = 0.997845
   F_01                   = 0.994408
   F_10                   = 0.994408
   F_11                   = 0.993769
   n_neighbors_total      = 7
   n_neighbors_pass       = 6
   robust_score           = 0.857143
   pass                   = 1

FASTEST (lowest T_total) with F_bar > 0.99:
   omega_p_MHz            = 70.000000
   ratio                  = 3.000000
   delta_MHz              = 400.000000
   omega_c_MHz            = 70.000000
   omega_R_MHz            = 210.000000
   T_c_ns                 = 7.142857
   T_f_ns                 = 78.394336
   sigma_ns               = 0.120446
   t_total_ns             = 171.074387
   M1                     = 72.153753
   M2                     = 24.051251
   F_bar                  = 0.993512
   F_00                   = 0.996001
   F_01                   = 0.991484
   F_10                   = 0.991484
   F_11                   = 0.995077
   n_neighbors_total      = 5
   n_neighbors_pass       = 3
   robust_score           = 0.600000
   pass                   = 1

Total wall time: 156.5 s (2.6 min).
