/Users/wanda/QSTC_PROJECT/TriQG/.venv/lib/python3.12/site-packages/qutip/core/data/expm.py:146: LinAlgWarning: Matrix is singular. The result might be inaccurate or the array might not have a square root.
  return Dense(scipy.linalg.sqrtm(matrix.as_ndarray()))
==========================================================================================
Brute-force OR sweep, K = 1, SMALL-a variant   (a in [3.5, 4.5] um)
==========================================================================================
Fixed:   K = 1.0,  alpha = 4.0
Pulse area:  area = K * pi/4 = 0.785398  (canonical paper value)
Grids:
    a_um           [3.5, 3.75, 4.0, 4.25, 4.5]
    omega_p_MHz    [50.0, 60.0, 70.0]
    ratio          [2.5, 3.0, 3.5]
    delta_MHz      [400.0, 500.0, 600.0, 800.0]
    omega_c_MHz    [50.0, 70.0]
Total cells: 360

Selectivity preview (R_DD = 3.12 a^3, R_AA = 2.49 a^3; budget >= 100):
    a = 3.50 um:  V_ct =   659.7 MHz,  R_DD =  133.8,  R_AA =  106.8   OK
    a = 3.75 um:  V_ct =   536.4 MHz,  R_DD =  164.5,  R_AA =  131.3   OK
    a = 4.00 um:  V_ct =   441.9 MHz,  R_DD =  199.7,  R_AA =  159.4   OK
    a = 4.25 um:  V_ct =   368.4 MHz,  R_DD =  239.5,  R_AA =  191.1   OK
    a = 4.50 um:  V_ct =   310.4 MHz,  R_DD =  284.3,  R_AA =  226.9   OK

    #     a    Op     r     D    Oc    Vct    RDD    RAA    Tc     Tf   Ttot    M2     F_bar   eta
--------------------------------------------------------------------------------------------------------------
    1  3.50    50  2.50   400    50  659.7  133.7  106.6  10.0  153.7  327.3  84.4  0.967575   470s
    2  3.50    50  2.50   400    70  659.7  133.7  106.6   7.1  153.7  321.6  84.4  0.971599   435s
    3  3.50    50  2.50   500    50  659.7  133.7  106.6  10.0  192.1  404.1 105.6  0.970836   497s
    4  3.50    50  2.50   500    70  659.7  133.7  106.6   7.1  192.1  398.4 105.6  0.971755   539s
    5  3.50    50  2.50   600    50  659.7  133.7  106.6  10.0  230.5  481.0 126.7  0.963266   556s
    6  3.50    50  2.50   600    70  659.7  133.7  106.6   7.1  230.5  475.2 126.7  0.966967   549s
    7  3.50    50  2.50   800    50  659.7  133.7  106.6  10.0  307.3  634.6 168.9  0.961296   600s
    8  3.50    50  2.50   800    70  659.7  133.7  106.6   7.1  307.3  628.9 168.9  0.964528   624s
    9  3.50    50  3.00   400    50  659.7  133.7  106.6  10.0  153.7  327.3  70.4  0.985020   605s
   10  3.50    50  3.00   400    70  659.7  133.7  106.6   7.1  153.7  321.6  70.4  0.989042   597s
   11  3.50    50  3.00   500    50  659.7  133.7  106.6  10.0  192.1  404.1  88.0  0.990190   580s
   12  3.50    50  3.00   500    70  659.7  133.7  106.6   7.1  192.1  398.4  88.0  0.991138   565s
   13  3.50    50  3.00   600    50  659.7  133.7  106.6  10.0  230.5  481.0 105.6  0.983688   562s
   14  3.50    50  3.00   600    70  659.7  133.7  106.6   7.1  230.5  475.2 105.6  0.987369   540s
   15  3.50    50  3.00   800    50  659.7  133.7  106.6  10.0  307.3  634.6 140.7  0.982587   580s
   16  3.50    50  3.00   800    70  659.7  133.7  106.6   7.1  307.3  628.9 140.7  0.985806   593s
   17  3.50    50  3.50   400    50  659.7  133.7  106.6  10.0  153.7  327.3  60.3  0.985124   588s
   18  3.50    50  3.50   400    70  659.7  133.7  106.6   7.1  153.7  321.6  60.3  0.989143   583s
   19  3.50    50  3.50   500    50  659.7  133.7  106.6  10.0  192.1  404.1  75.4  0.990778   575s
   20  3.50    50  3.50   500    70  659.7  133.7  106.6   7.1  192.1  398.4  75.4  0.991729   565s
   21  3.50    50  3.50   600    50  659.7  133.7  106.6  10.0  230.5  481.0  90.5  0.984625   564s
   22  3.50    50  3.50   600    70  659.7  133.7  106.6   7.1  230.5  475.2  90.5  0.988304   549s
   23  3.50    50  3.50   800    50  659.7  133.7  106.6  10.0  307.3  634.6 120.6  0.983914   540s
   24  3.50    50  3.50   800    70  659.7  133.7  106.6   7.1  307.3  628.9 120.6  0.987134   539s
   25  3.50    60  2.50   400    50  659.7  133.7  106.6  10.0  106.7  233.4  58.6  0.976665   522s
   26  3.50    60  2.50   400    70  659.7  133.7  106.6   7.1  106.7  227.7  58.6  0.978078   512s
   27  3.50    60  2.50   500    50  659.7  133.7  106.6  10.0  133.4  286.8  73.3  0.973014   506s
   28  3.50    60  2.50   500    70  659.7  133.7  106.6   7.1  133.4  281.0  73.3  0.974543   497s
   29  3.50    60  2.50   600    50  659.7  133.7  106.6  10.0  160.1  340.1  88.0  0.965029   493s
   30  3.50    60  2.50   600    70  659.7  133.7  106.6   7.1  160.1  334.4  88.0  0.969289   481s
   31  3.50    60  2.50   800    50  659.7  133.7  106.6  10.0  213.4  446.8 117.3  0.968017   481s
   32  3.50    60  2.50   800    70  659.7  133.7  106.6   7.1  213.4  441.1 117.3  0.969468   481s
   33  3.50    60  3.00   400    50  659.7  133.7  106.6  10.0  106.7  233.4  48.9  0.991154   469s
   34  3.50    60  3.00   400    70  659.7  133.7  106.6   7.1  106.7  227.7  48.9  0.992593   461s
   35  3.50    60  3.00   500    50  659.7  133.7  106.6  10.0  133.4  286.8  61.1  0.990821   459s
   36  3.50    60  3.00   500    70  659.7  133.7  106.6   7.1  133.4  281.0  61.1  0.992367   449s
   37  3.50    60  3.00   600    50  659.7  133.7  106.6  10.0  160.1  340.1  73.3  0.984454   449s
   38  3.50    60  3.00   600    70  659.7  133.7  106.6   7.1  160.1  334.4  73.3  0.988692   445s
   39  3.50    60  3.00   800    50  659.7  133.7  106.6  10.0  213.4  446.8  97.7  0.988776   452s
   40  3.50    60  3.00   800    70  659.7  133.7  106.6   7.1  213.4  441.1  97.7  0.990234   453s
   41  3.50    60  3.50   400    50  659.7  133.7  106.6  10.0  106.7  233.4  41.9  0.990527   444s
   42  3.50    60  3.50   400    70  659.7  133.7  106.6   7.1  106.7  227.7  41.9  0.991981   439s
   43  3.50    60  3.50   500    50  659.7  133.7  106.6  10.0  133.4  286.8  52.4  0.990807   436s
   44  3.50    60  3.50   500    70  659.7  133.7  106.6   7.1  133.4  281.0  52.4  0.992348   431s
   45  3.50    60  3.50   600    50  659.7  133.7  106.6  10.0  160.1  340.1  62.8  0.984903   427s
   46  3.50    60  3.50   600    70  659.7  133.7  106.6   7.1  160.1  334.4  62.8  0.989138   424s
   47  3.50    60  3.50   800    50  659.7  133.7  106.6  10.0  213.4  446.8  83.8  0.989786   425s
   48  3.50    60  3.50   800    70  659.7  133.7  106.6   7.1  213.4  441.1  83.8  0.991243   425s
   49  3.50    70  2.50   400    50  659.7  133.7  106.6  10.0   78.4  176.8  43.1  0.974627   418s
   50  3.50    70  2.50   400    70  659.7  133.7  106.6   7.1   78.4  171.1  43.1  0.978884   412s
   51  3.50    70  2.50   500    50  659.7  133.7  106.6  10.0   98.0  216.0  53.9  0.973489   405s
   52  3.50    70  2.50   500    70  659.7  133.7  106.6   7.1   98.0  210.3  53.9  0.976066   401s
   53  3.50    70  2.50   600    50  659.7  133.7  106.6  10.0  117.6  255.2  64.6  0.975015   397s
   54  3.50    70  2.50   600    70  659.7  133.7  106.6   7.1  117.6  249.5  64.6  0.975616   395s
   55  3.50    70  2.50   800    50  659.7  133.7  106.6  10.0  156.8  333.6  86.2  0.964480   395s
   56  3.50    70  2.50   800    70  659.7  133.7  106.6   7.1  156.8  327.9  86.2  0.968690   390s
   57  3.50    70  3.00   400    50  659.7  133.7  106.6  10.0   78.4  176.8  35.9  0.985308   384s
   58  3.50    70  3.00   400    70  659.7  133.7  106.6   7.1   78.4  171.1  35.9  0.989551   379s
   59  3.50    70  3.00   500    50  659.7  133.7  106.6  10.0   98.0  216.0  44.9  0.989045   374s
   60  3.50    70  3.00   500    70  659.7  133.7  106.6   7.1   98.0  210.3  44.9  0.991678   371s
   61  3.50    70  3.00   600    50  659.7  133.7  106.6  10.0  117.6  255.2  53.9  0.992986   370s
   62  3.50    70  3.00   600    70  659.7  133.7  106.6   7.1  117.6  249.5  53.9  0.993604   366s
   63  3.50    70  3.00   800    50  659.7  133.7  106.6  10.0  156.8  333.6  71.8  0.984640   364s
   64  3.50    70  3.00   800    70  659.7  133.7  106.6   7.1  156.8  327.9  71.8  0.988824   363s
   65  3.50    70  3.50   400    50  659.7  133.7  106.6  10.0   78.4  176.8  30.8  0.983975   358s
   66  3.50    70  3.50   400    70  659.7  133.7  106.6   7.1   78.4  171.1  30.8  0.988215   354s
   67  3.50    70  3.50   500    50  659.7  133.7  106.6  10.0   98.0  216.0  38.5  0.988254   351s
   68  3.50    70  3.50   500    70  659.7  133.7  106.6   7.1   98.0  210.3  38.5  0.990894   348s
   69  3.50    70  3.50   600    50  659.7  133.7  106.6  10.0  117.6  255.2  46.2  0.992795   346s
   70  3.50    70  3.50   600    70  659.7  133.7  106.6   7.1  117.6  249.5  46.2  0.993415   343s
   71  3.50    70  3.50   800    50  659.7  133.7  106.6  10.0  156.8  333.6  61.5  0.985244   343s
   72  3.50    70  3.50   800    70  659.7  133.7  106.6   7.1  156.8  327.9  61.5  0.989426   341s
   73  3.75    50  2.50   400    50  536.4  164.4  131.1  10.0  153.7  327.3  68.7  0.973677   338s
   74  3.75    50  2.50   400    70  536.4  164.4  131.1   7.1  153.7  321.6  68.7  0.974635   336s
   75  3.75    50  2.50   500    50  536.4  164.4  131.1  10.0  192.1  404.1  85.8  0.971996   333s
   76  3.75    50  2.50   500    70  536.4  164.4  131.1   7.1  192.1  398.4  85.8  0.972369   331s
   77  3.75    50  2.50   600    50  536.4  164.4  131.1  10.0  230.5  481.0 103.0  0.967198   329s
   78  3.75    50  2.50   600    70  536.4  164.4  131.1   7.1  230.5  475.2 103.0  0.968928   331s
   79  3.75    50  2.50   800    50  536.4  164.4  131.1  10.0  307.3  634.6 137.3  0.967231   333s
   80  3.75    50  2.50   800    70  536.4  164.4  131.1   7.1  307.3  628.9 137.3  0.967503   332s
   81  3.75    50  3.00   400    50  536.4  164.4  131.1  10.0  153.7  327.3  57.2  0.990911   330s
   82  3.75    50  3.00   400    70  536.4  164.4  131.1   7.1  153.7  321.6  57.2  0.991902   329s
   83  3.75    50  3.00   500    50  536.4  164.4  131.1  10.0  192.1  404.1  71.5  0.991290   327s
   84  3.75    50  3.00   500    70  536.4  164.4  131.1   7.1  192.1  398.4  71.5  0.991676   326s
   85  3.75    50  3.00   600    50  536.4  164.4  131.1  10.0  230.5  481.0  85.8  0.987531   323s
   86  3.75    50  3.00   600    70  536.4  164.4  131.1   7.1  230.5  475.2  85.8  0.989249   325s
   87  3.75    50  3.00   800    50  536.4  164.4  131.1  10.0  307.3  634.6 114.4  0.988433   326s
   88  3.75    50  3.00   800    70  536.4  164.4  131.1   7.1  307.3  628.9 114.4  0.988716   329s
   89  3.75    50  3.50   400    50  536.4  164.4  131.1  10.0  153.7  327.3  49.0  0.990746   326s
   90  3.75    50  3.50   400    70  536.4  164.4  131.1   7.1  153.7  321.6  49.0  0.991741   324s
   91  3.75    50  3.50   500    50  536.4  164.4  131.1  10.0  192.1  404.1  61.3  0.991713   322s
   92  3.75    50  3.50   500    70  536.4  164.4  131.1   7.1  192.1  398.4  61.3  0.992097   322s
   93  3.75    50  3.50   600    50  536.4  164.4  131.1  10.0  230.5  481.0  73.6  0.988342   321s
   94  3.75    50  3.50   600    70  536.4  164.4  131.1   7.1  230.5  475.2  73.6  0.990066   319s
   95  3.75    50  3.50   800    50  536.4  164.4  131.1  10.0  307.3  634.6  98.1  0.989692   320s
   96  3.75    50  3.50   800    70  536.4  164.4  131.1   7.1  307.3  628.9  98.1  0.989975   326s
   97  3.75    60  2.50   400    50  536.4  164.4  131.1  10.0  106.7  233.4  47.7  0.976061   323s
   98  3.75    60  2.50   400    70  536.4  164.4  131.1   7.1  106.7  227.7  47.7  0.977754   320s
   99  3.75    60  2.50   500    50  536.4  164.4  131.1  10.0  133.4  286.8  59.6  0.972358   318s
  100  3.75    60  2.50   500    70  536.4  164.4  131.1   7.1  133.4  281.0  59.6  0.974072   316s
  101  3.75    60  2.50   600    50  536.4  164.4  131.1  10.0  160.1  340.1  71.5  0.972154   314s
  102  3.75    60  2.50   600    70  536.4  164.4  131.1   7.1  160.1  334.4  71.5  0.972872   312s
  103  3.75    60  2.50   800    50  536.4  164.4  131.1  10.0  213.4  446.8  95.4  0.968548   313s
  104  3.75    60  2.50   800    70  536.4  164.4  131.1   7.1  213.4  441.1  95.4  0.969674   312s
  105  3.75    60  3.00   400    50  536.4  164.4  131.1  10.0  106.7  233.4  39.7  0.990331   310s
  106  3.75    60  3.00   400    70  536.4  164.4  131.1   7.1  106.7  227.7  39.7  0.992014   307s
  107  3.75    60  3.00   500    50  536.4  164.4  131.1  10.0  133.4  286.8  49.7  0.989964   305s
  108  3.75    60  3.00   500    70  536.4  164.4  131.1   7.1  133.4  281.0  49.7  0.991701   304s
  109  3.75    60  3.00   600    50  536.4  164.4  131.1  10.0  160.1  340.1  59.6  0.991368   302s
  110  3.75    60  3.00   600    70  536.4  164.4  131.1   7.1  160.1  334.4  59.6  0.992103   300s
  111  3.75    60  3.00   800    50  536.4  164.4  131.1  10.0  213.4  446.8  79.5  0.989248   298s
  112  3.75    60  3.00   800    70  536.4  164.4  131.1   7.1  213.4  441.1  79.5  0.990369   298s
  113  3.75    60  3.50   400    50  536.4  164.4  131.1  10.0  106.7  233.4  34.1  0.989191   295s
  114  3.75    60  3.50   400    70  536.4  164.4  131.1   7.1  106.7  227.7  34.1  0.990869   293s
  115  3.75    60  3.50   500    50  536.4  164.4  131.1  10.0  133.4  286.8  42.6  0.989590   291s
  116  3.75    60  3.50   500    70  536.4  164.4  131.1   7.1  133.4  281.0  42.6  0.991322   289s
  117  3.75    60  3.50   600    50  536.4  164.4  131.1  10.0  160.1  340.1  51.1  0.991556   287s
  118  3.75    60  3.50   600    70  536.4  164.4  131.1   7.1  160.1  334.4  51.1  0.992291   287s
  119  3.75    60  3.50   800    50  536.4  164.4  131.1  10.0  213.4  446.8  68.1  0.990118   287s
  120  3.75    60  3.50   800    70  536.4  164.4  131.1   7.1  213.4  441.1  68.1  0.991239   286s
  121  3.75    70  2.50   400    50  536.4  164.4  131.1  10.0   78.4  176.8  35.0  0.981807   283s
  122  3.75    70  2.50   400    70  536.4  164.4  131.1   7.1   78.4  171.1  35.0  0.982416   281s
  123  3.75    70  2.50   500    50  536.4  164.4  131.1  10.0   98.0  216.0  43.8  0.975906   278s
  124  3.75    70  2.50   500    70  536.4  164.4  131.1   7.1   98.0  210.3  43.8  0.977278   276s
  125  3.75    70  2.50   600    50  536.4  164.4  131.1  10.0  117.6  255.2  52.5  0.972194   273s
  126  3.75    70  2.50   600    70  536.4  164.4  131.1   7.1  117.6  249.5  52.5  0.974095   271s
  127  3.75    70  2.50   800    50  536.4  164.4  131.1  10.0  156.8  333.6  70.1  0.971189   270s
  128  3.75    70  2.50   800    70  536.4  164.4  131.1   7.1  156.8  327.9  70.1  0.972038   268s
  129  3.75    70  3.00   400    50  536.4  164.4  131.1  10.0   78.4  176.8  29.2  0.991906   265s
  130  3.75    70  3.00   400    70  536.4  164.4  131.1   7.1   78.4  171.1  29.2  0.992514   263s
  131  3.75    70  3.00   500    50  536.4  164.4  131.1  10.0   98.0  216.0  36.5  0.991159   261s
  132  3.75    70  3.00   500    70  536.4  164.4  131.1   7.1   98.0  210.3  36.5  0.992549   259s
  133  3.75    70  3.00   600    50  536.4  164.4  131.1  10.0  117.6  255.2  43.8  0.989971   257s
  134  3.75    70  3.00   600    70  536.4  164.4  131.1   7.1  117.6  249.5  43.8  0.991855   255s
  135  3.75    70  3.00   800    50  536.4  164.4  131.1  10.0  156.8  333.6  58.4  0.991119   254s
  136  3.75    70  3.00   800    70  536.4  164.4  131.1   7.1  156.8  327.9  58.4  0.991984   253s
  137  3.75    70  3.50   400    50  536.4  164.4  131.1  10.0   78.4  176.8  25.0  0.989538   250s
  138  3.75    70  3.50   400    70  536.4  164.4  131.1   7.1   78.4  171.1  25.0  0.990138   248s
  139  3.75    70  3.50   500    50  536.4  164.4  131.1  10.0   98.0  216.0  31.3  0.989720   246s
  140  3.75    70  3.50   500    70  536.4  164.4  131.1   7.1   98.0  210.3  31.3  0.991102   244s
  141  3.75    70  3.50   600    50  536.4  164.4  131.1  10.0  117.6  255.2  37.5  0.989319   243s
  142  3.75    70  3.50   600    70  536.4  164.4  131.1   7.1  117.6  249.5  37.5  0.991197   241s
  143  3.75    70  3.50   800    50  536.4  164.4  131.1  10.0  156.8  333.6  50.0  0.991445   239s
  144  3.75    70  3.50   800    70  536.4  164.4  131.1   7.1  156.8  327.9  50.0  0.992308   239s
  145  4.00    50  2.50   400    50  441.9  199.6  159.1  10.0  153.7  327.3  56.6  0.974043   237s
  146  4.00    50  2.50   400    70  441.9  199.6  159.1   7.1  153.7  321.6  56.6  0.974776   236s
  147  4.00    50  2.50   500    50  441.9  199.6  159.1  10.0  192.1  404.1  70.7  0.970891   234s
  148  4.00    50  2.50   500    70  441.9  199.6  159.1   7.1  192.1  398.4  70.7  0.971742   232s
  149  4.00    50  2.50   600    50  441.9  199.6  159.1  10.0  230.5  481.0  84.9  0.969760   231s
  150  4.00    50  2.50   600    70  441.9  199.6  159.1   7.1  230.5  475.2  84.9  0.970183   230s
  151  4.00    50  2.50   800    50  441.9  199.6  159.1  10.0  307.3  634.6 113.1  0.966870   230s
  152  4.00    50  2.50   800    70  441.9  199.6  159.1   7.1  307.3  628.9 113.1  0.967297   230s
  153  4.00    50  3.00   400    50  441.9  199.6  159.1  10.0  153.7  327.3  47.1  0.991094   228s
  154  4.00    50  3.00   400    70  441.9  199.6  159.1   7.1  153.7  321.6  47.1  0.991846   227s
  155  4.00    50  3.00   500    50  441.9  199.6  159.1  10.0  192.1  404.1  58.9  0.990068   225s
  156  4.00    50  3.00   500    70  441.9  199.6  159.1   7.1  192.1  398.4  58.9  0.990918   224s
  157  4.00    50  3.00   600    50  441.9  199.6  159.1  10.0  230.5  481.0  70.7  0.989961   223s
  158  4.00    50  3.00   600    70  441.9  199.6  159.1   7.1  230.5  475.2  70.7  0.990391   223s
  159  4.00    50  3.00   800    50  441.9  199.6  159.1  10.0  307.3  634.6  94.3  0.988036   223s
  160  4.00    50  3.00   800    70  441.9  199.6  159.1   7.1  307.3  628.9  94.3  0.988465   224s
  161  4.00    50  3.50   400    50  441.9  199.6  159.1  10.0  153.7  327.3  40.4  0.990566   222s
  162  4.00    50  3.50   400    70  441.9  199.6  159.1   7.1  153.7  321.6  40.4  0.991313   221s
  163  4.00    50  3.50   500    50  441.9  199.6  159.1  10.0  192.1  404.1  50.5  0.990244   219s
  164  4.00    50  3.50   500    70  441.9  199.6  159.1   7.1  192.1  398.4  50.5  0.991097   219s
  165  4.00    50  3.50   600    50  441.9  199.6  159.1  10.0  230.5  481.0  60.6  0.990603   218s
  166  4.00    50  3.50   600    70  441.9  199.6  159.1   7.1  230.5  475.2  60.6  0.991035   217s
  167  4.00    50  3.50   800    50  441.9  199.6  159.1  10.0  307.3  634.6  80.8  0.989196   217s
  168  4.00    50  3.50   800    70  441.9  199.6  159.1   7.1  307.3  628.9  80.8  0.989628   218s
  169  4.00    60  2.50   400    50  441.9  199.6  159.1  10.0  106.7  233.4  39.3  0.978783   217s
  170  4.00    60  2.50   400    70  441.9  199.6  159.1   7.1  106.7  227.7  39.3  0.978996   215s
  171  4.00    60  2.50   500    50  441.9  199.6  159.1  10.0  133.4  286.8  49.1  0.974685   213s
  172  4.00    60  2.50   500    70  441.9  199.6  159.1   7.1  133.4  281.0  49.1  0.975178   211s
  173  4.00    60  2.50   600    50  441.9  199.6  159.1  10.0  160.1  340.1  58.9  0.971855   210s
  174  4.00    60  2.50   600    70  441.9  199.6  159.1   7.1  160.1  334.4  58.9  0.972666   208s
  175  4.00    60  2.50   800    50  441.9  199.6  159.1  10.0  213.4  446.8  78.6  0.969378   207s
  176  4.00    60  2.50   800    70  441.9  199.6  159.1   7.1  213.4  441.1  78.6  0.970026   207s
  177  4.00    60  3.00   400    50  441.9  199.6  159.1  10.0  106.7  233.4  32.7  0.992585   205s
  178  4.00    60  3.00   400    70  441.9  199.6  159.1   7.1  106.7  227.7  32.7  0.992795   203s
  179  4.00    60  3.00   500    50  441.9  199.6  159.1  10.0  133.4  286.8  40.9  0.992005   201s
  180  4.00    60  3.00   500    70  441.9  199.6  159.1   7.1  133.4  281.0  40.9  0.992517   200s
  181  4.00    60  3.00   600    50  441.9  199.6  159.1  10.0  160.1  340.1  49.1  0.990894   198s
  182  4.00    60  3.00   600    70  441.9  199.6  159.1   7.1  160.1  334.4  49.1  0.991705   197s
  183  4.00    60  3.00   800    50  441.9  199.6  159.1  10.0  213.4  446.8  65.5  0.989947   196s
  184  4.00    60  3.00   800    70  441.9  199.6  159.1   7.1  213.4  441.1  65.5  0.990597   196s
  185  4.00    60  3.50   400    50  441.9  199.6  159.1  10.0  106.7  233.4  28.1  0.990634   194s
  186  4.00    60  3.50   400    70  441.9  199.6  159.1   7.1  106.7  227.7  28.1  0.990845   192s
  187  4.00    60  3.50   500    50  441.9  199.6  159.1  10.0  133.4  286.8  35.1  0.991113   191s
  188  4.00    60  3.50   500    70  441.9  199.6  159.1   7.1  133.4  281.0  35.1  0.991620   189s
  189  4.00    60  3.50   600    50  441.9  199.6  159.1  10.0  160.1  340.1  42.1  0.990728   188s
  190  4.00    60  3.50   600    70  441.9  199.6  159.1   7.1  160.1  334.4  42.1  0.991537   187s
  191  4.00    60  3.50   800    50  441.9  199.6  159.1  10.0  213.4  446.8  56.1  0.990611   186s
  192  4.00    60  3.50   800    70  441.9  199.6  159.1   7.1  213.4  441.1  56.1  0.991261   186s
  193  4.00    70  2.50   400    50  441.9  199.6  159.1  10.0   78.4  176.8  28.9  0.982139   184s
  194  4.00    70  2.50   400    70  441.9  199.6  159.1   7.1   78.4  171.1  28.9  0.982304   182s
  195  4.00    70  2.50   500    50  441.9  199.6  159.1  10.0   98.0  216.0  36.1  0.978023   181s
  196  4.00    70  2.50   500    70  441.9  199.6  159.1   7.1   98.0  210.3  36.1  0.978152   179s
  197  4.00    70  2.50   600    50  441.9  199.6  159.1  10.0  117.6  255.2  43.3  0.975133   178s
  198  4.00    70  2.50   600    70  441.9  199.6  159.1   7.1  117.6  249.5  43.3  0.975458   176s
  199  4.00    70  2.50   800    50  441.9  199.6  159.1  10.0  156.8  333.6  57.7  0.971193   175s
  200  4.00    70  2.50   800    70  441.9  199.6  159.1   7.1  156.8  327.9  57.7  0.971978   174s
  201  4.00    70  3.00   400    50  441.9  199.6  159.1  10.0   78.4  176.8  24.1  0.991381   173s
  202  4.00    70  3.00   400    70  441.9  199.6  159.1   7.1   78.4  171.1  24.1  0.991557   171s
  203  4.00    70  3.00   500    50  441.9  199.6  159.1  10.0   98.0  216.0  30.1  0.992694   170s
  204  4.00    70  3.00   500    70  441.9  199.6  159.1   7.1   98.0  210.3  30.1  0.992857   168s
  205  4.00    70  3.00   600    50  441.9  199.6  159.1  10.0  117.6  255.2  36.1  0.992503   167s
  206  4.00    70  3.00   600    70  441.9  199.6  159.1   7.1  117.6  249.5  36.1  0.992821   165s
  207  4.00    70  3.00   800    50  441.9  199.6  159.1  10.0  156.8  333.6  48.1  0.990935   164s
  208  4.00    70  3.00   800    70  441.9  199.6  159.1   7.1  156.8  327.9  48.1  0.991716   163s
  209  4.00    70  3.50   400    50  441.9  199.6  159.1  10.0   78.4  176.8  20.6  0.987448   162s
  210  4.00    70  3.50   400    70  441.9  199.6  159.1   7.1   78.4  171.1  20.6  0.987627   160s
  211  4.00    70  3.50   500    50  441.9  199.6  159.1  10.0   98.0  216.0  25.8  0.990245   159s
  212  4.00    70  3.50   500    70  441.9  199.6  159.1   7.1   98.0  210.3  25.8  0.990406   157s
  213  4.00    70  3.50   600    50  441.9  199.6  159.1  10.0  117.6  255.2  30.9  0.991156   156s
  214  4.00    70  3.50   600    70  441.9  199.6  159.1   7.1  117.6  249.5  30.9  0.991469   155s
  215  4.00    70  3.50   800    50  441.9  199.6  159.1  10.0  156.8  333.6  41.2  0.990878   154s
  216  4.00    70  3.50   800    70  441.9  199.6  159.1   7.1  156.8  327.9  41.2  0.991660   153s
  217  4.25    50  2.50   400    50  368.4  239.4  190.9  10.0  153.7  327.3  47.2  0.975130   151s
  218  4.25    50  2.50   400    70  368.4  239.4  190.9   7.1  153.7  321.6  47.2  0.975223   150s
  219  4.25    50  2.50   500    50  368.4  239.4  190.9  10.0  192.1  404.1  59.0  0.971964   149s
  220  4.25    50  2.50   500    70  368.4  239.4  190.9   7.1  192.1  398.4  59.0  0.972221   147s
  221  4.25    50  2.50   600    50  368.4  239.4  190.9  10.0  230.5  481.0  70.7  0.969701   146s
  222  4.25    50  2.50   600    70  368.4  239.4  190.9   7.1  230.5  475.2  70.7  0.970107   145s
  223  4.25    50  2.50   800    50  368.4  239.4  190.9  10.0  307.3  634.6  94.3  0.966989   145s
  224  4.25    50  2.50   800    70  368.4  239.4  190.9   7.1  307.3  628.9  94.3  0.967320   143s
  225  4.25    50  3.00   400    50  368.4  239.4  190.9  10.0  153.7  327.3  39.3  0.991870   142s
  226  4.25    50  3.00   400    70  368.4  239.4  190.9   7.1  153.7  321.6  39.3  0.991988   141s
  227  4.25    50  3.00   500    50  368.4  239.4  190.9  10.0  192.1  404.1  49.1  0.990940   140s
  228  4.25    50  3.00   500    70  368.4  239.4  190.9   7.1  192.1  398.4  49.1  0.991199   138s
  229  4.25    50  3.00   600    50  368.4  239.4  190.9  10.0  230.5  481.0  59.0  0.989777   137s
  230  4.25    50  3.00   600    70  368.4  239.4  190.9   7.1  230.5  475.2  59.0  0.990185   136s
  231  4.25    50  3.00   800    50  368.4  239.4  190.9  10.0  307.3  634.6  78.6  0.988080   136s
  232  4.25    50  3.00   800    70  368.4  239.4  190.9   7.1  307.3  628.9  78.6  0.988410   134s
  233  4.25    50  3.50   400    50  368.4  239.4  190.9  10.0  153.7  327.3  33.7  0.990799   133s
  234  4.25    50  3.50   400    70  368.4  239.4  190.9   7.1  153.7  321.6  33.7  0.990917   132s
  235  4.25    50  3.50   500    50  368.4  239.4  190.9  10.0  192.1  404.1  42.1  0.990777   131s
  236  4.25    50  3.50   500    70  368.4  239.4  190.9   7.1  192.1  398.4  42.1  0.991035   130s
  237  4.25    50  3.50   600    50  368.4  239.4  190.9  10.0  230.5  481.0  50.5  0.990183   129s
  238  4.25    50  3.50   600    70  368.4  239.4  190.9   7.1  230.5  475.2  50.5  0.990590   128s
  239  4.25    50  3.50   800    50  368.4  239.4  190.9  10.0  307.3  634.6  67.4  0.989106   127s
  240  4.25    50  3.50   800    70  368.4  239.4  190.9   7.1  307.3  628.9  67.4  0.989438   127s
  241  4.25    60  2.50   400    50  368.4  239.4  190.9  10.0  106.7  233.4  32.8  0.978533   126s
  242  4.25    60  2.50   400    70  368.4  239.4  190.9   7.1  106.7  227.7  32.8  0.978646   124s
  243  4.25    60  2.50   500    50  368.4  239.4  190.9  10.0  133.4  286.8  40.9  0.975234   123s
  244  4.25    60  2.50   500    70  368.4  239.4  190.9   7.1  133.4  281.0  40.9  0.975299   122s
  245  4.25    60  2.50   600    50  368.4  239.4  190.9  10.0  160.1  340.1  49.1  0.973019   121s
  246  4.25    60  2.50   600    70  368.4  239.4  190.9   7.1  160.1  334.4  49.1  0.973149   119s
  247  4.25    60  2.50   800    50  368.4  239.4  190.9  10.0  213.4  446.8  65.5  0.969867   118s
  248  4.25    60  2.50   800    70  368.4  239.4  190.9   7.1  213.4  441.1  65.5  0.970217   118s
  249  4.25    60  3.00   400    50  368.4  239.4  190.9  10.0  106.7  233.4  27.3  0.991693   117s
  250  4.25    60  3.00   400    70  368.4  239.4  190.9   7.1  106.7  227.7  27.3  0.991813   115s
  251  4.25    60  3.00   500    50  368.4  239.4  190.9  10.0  133.4  286.8  34.1  0.992125   114s
  252  4.25    60  3.00   500    70  368.4  239.4  190.9   7.1  133.4  281.0  34.1  0.992216   113s
  253  4.25    60  3.00   600    50  368.4  239.4  190.9  10.0  160.1  340.1  40.9  0.991756   112s
  254  4.25    60  3.00   600    70  368.4  239.4  190.9   7.1  160.1  334.4  40.9  0.991890   111s
  255  4.25    60  3.00   800    50  368.4  239.4  190.9  10.0  213.4  446.8  54.6  0.990277   110s
  256  4.25    60  3.00   800    70  368.4  239.4  190.9   7.1  213.4  441.1  54.6  0.990627   109s
  257  4.25    60  3.50   400    50  368.4  239.4  190.9  10.0  106.7  233.4  23.4  0.988577   108s
  258  4.25    60  3.50   400    70  368.4  239.4  190.9   7.1  106.7  227.7  23.4  0.988694   106s
  259  4.25    60  3.50   500    50  368.4  239.4  190.9  10.0  133.4  286.8  29.2  0.990489   105s
  260  4.25    60  3.50   500    70  368.4  239.4  190.9   7.1  133.4  281.0  29.2  0.990575   104s
  261  4.25    60  3.50   600    50  368.4  239.4  190.9  10.0  160.1  340.1  35.1  0.991072   103s
  262  4.25    60  3.50   600    70  368.4  239.4  190.9   7.1  160.1  334.4  35.1  0.991206   102s
  263  4.25    60  3.50   800    50  368.4  239.4  190.9  10.0  213.4  446.8  46.8  0.990657   101s
  264  4.25    60  3.50   800    70  368.4  239.4  190.9   7.1  213.4  441.1  46.8  0.991006   100s
  265  4.25    70  2.50   400    50  368.4  239.4  190.9  10.0   78.4  176.8  24.1  0.981240    99s
  266  4.25    70  2.50   400    70  368.4  239.4  190.9   7.1   78.4  171.1  24.1  0.981445    97s
  267  4.25    70  2.50   500    50  368.4  239.4  190.9  10.0   98.0  216.0  30.1  0.977492    96s
  268  4.25    70  2.50   500    70  368.4  239.4  190.9   7.1   98.0  210.3  30.1  0.977598    95s
  269  4.25    70  2.50   600    50  368.4  239.4  190.9  10.0  117.6  255.2  36.1  0.975158    94s
  270  4.25    70  2.50   600    70  368.4  239.4  190.9   7.1  117.6  249.5  36.1  0.975257    93s
  271  4.25    70  2.50   800    50  368.4  239.4  190.9  10.0  156.8  333.6  48.1  0.972295    91s
  272  4.25    70  2.50   800    70  368.4  239.4  190.9   7.1  156.8  327.9  48.1  0.972415    90s
  273  4.25    70  3.00   400    50  368.4  239.4  190.9  10.0   78.4  176.8  20.1  0.989276    89s
  274  4.25    70  3.00   400    70  368.4  239.4  190.9   7.1   78.4  171.1  20.1  0.989491    88s
  275  4.25    70  3.00   500    50  368.4  239.4  190.9  10.0   98.0  216.0  25.1  0.991371    87s
  276  4.25    70  3.00   500    70  368.4  239.4  190.9   7.1   98.0  210.3  25.1  0.991511    85s
  277  4.25    70  3.00   600    50  368.4  239.4  190.9  10.0  117.6  255.2  30.1  0.991965    84s
  278  4.25    70  3.00   600    70  368.4  239.4  190.9   7.1  117.6  249.5  30.1  0.992062    83s
  279  4.25    70  3.00   800    50  368.4  239.4  190.9  10.0  156.8  333.6  40.1  0.991710    82s
  280  4.25    70  3.00   800    70  368.4  239.4  190.9   7.1  156.8  327.9  40.1  0.991834    81s
  281  4.25    70  3.50   400    50  368.4  239.4  190.9  10.0   78.4  176.8  17.2  0.983088    80s
  282  4.25    70  3.50   400    70  368.4  239.4  190.9   7.1   78.4  171.1  17.2  0.983307    79s
  283  4.25    70  3.50   500    50  368.4  239.4  190.9  10.0   98.0  216.0  21.5  0.987479    78s
  284  4.25    70  3.50   500    70  368.4  239.4  190.9   7.1   98.0  210.3  21.5  0.987621    76s
  285  4.25    70  3.50   600    50  368.4  239.4  190.9  10.0  117.6  255.2  25.8  0.989621    75s
  286  4.25    70  3.50   600    70  368.4  239.4  190.9   7.1  117.6  249.5  25.8  0.989719    74s
  287  4.25    70  3.50   800    50  368.4  239.4  190.9  10.0  156.8  333.6  34.4  0.991103    73s
  288  4.25    70  3.50   800    70  368.4  239.4  190.9   7.1  156.8  327.9  34.4  0.991228    72s
  289  4.50    50  2.50   400    50  310.4  284.2  226.6  10.0  153.7  327.3  39.7  0.974911    71s
  290  4.50    50  2.50   400    70  310.4  284.2  226.6   7.1  153.7  321.6  39.7  0.974958    70s
  291  4.50    50  2.50   500    50  310.4  284.2  226.6  10.0  192.1  404.1  49.7  0.972158    69s
  292  4.50    50  2.50   500    70  310.4  284.2  226.6   7.1  192.1  398.4  49.7  0.972214    68s
  293  4.50    50  2.50   600    50  310.4  284.2  226.6  10.0  230.5  481.0  59.6  0.970202    67s
  294  4.50    50  2.50   600    70  310.4  284.2  226.6   7.1  230.5  475.2  59.6  0.970287    66s
  295  4.50    50  2.50   800    50  310.4  284.2  226.6  10.0  307.3  634.6  79.5  0.967172    65s
  296  4.50    50  2.50   800    70  310.4  284.2  226.6   7.1  307.3  628.9  79.5  0.967372    64s
  297  4.50    50  3.00   400    50  310.4  284.2  226.6  10.0  153.7  327.3  33.1  0.991231    63s
  298  4.50    50  3.00   400    70  310.4  284.2  226.6   7.1  153.7  321.6  33.1  0.991303    62s
  299  4.50    50  3.00   500    50  310.4  284.2  226.6  10.0  192.1  404.1  41.4  0.990857    60s
  300  4.50    50  3.00   500    70  310.4  284.2  226.6   7.1  192.1  398.4  41.4  0.990918    59s
  301  4.50    50  3.00   600    50  310.4  284.2  226.6  10.0  230.5  481.0  49.7  0.990082    58s
  302  4.50    50  3.00   600    70  310.4  284.2  226.6   7.1  230.5  475.2  49.7  0.990171    57s
  303  4.50    50  3.00   800    50  310.4  284.2  226.6  10.0  307.3  634.6  66.2  0.988155    57s
  304  4.50    50  3.00   800    70  310.4  284.2  226.6   7.1  307.3  628.9  66.2  0.988355    56s
  305  4.50    50  3.50   400    50  310.4  284.2  226.6  10.0  153.7  327.3  28.4  0.989409    55s
  306  4.50    50  3.50   400    70  310.4  284.2  226.6   7.1  153.7  321.6  28.4  0.989481    54s
  307  4.50    50  3.50   500    50  310.4  284.2  226.6  10.0  192.1  404.1  35.5  0.990213    53s
  308  4.50    50  3.50   500    70  310.4  284.2  226.6   7.1  192.1  398.4  35.5  0.990274    52s
  309  4.50    50  3.50   600    50  310.4  284.2  226.6  10.0  230.5  481.0  42.6  0.990157    51s
  310  4.50    50  3.50   600    70  310.4  284.2  226.6   7.1  230.5  475.2  42.6  0.990245    50s
  311  4.50    50  3.50   800    50  310.4  284.2  226.6  10.0  307.3  634.6  56.8  0.989001    49s
  312  4.50    50  3.50   800    70  310.4  284.2  226.6   7.1  307.3  628.9  56.8  0.989199    48s
  313  4.50    60  2.50   400    50  310.4  284.2  226.6  10.0  106.7  233.4  27.6  0.977859    47s
  314  4.50    60  2.50   400    70  310.4  284.2  226.6   7.1  106.7  227.7  27.6  0.977988    46s
  315  4.50    60  2.50   500    50  310.4  284.2  226.6  10.0  133.4  286.8  34.5  0.974782    45s
  316  4.50    60  2.50   500    70  310.4  284.2  226.6   7.1  133.4  281.0  34.5  0.974853    44s
  317  4.50    60  2.50   600    50  310.4  284.2  226.6  10.0  160.1  340.1  41.4  0.972837    43s
  318  4.50    60  2.50   600    70  310.4  284.2  226.6   7.1  160.1  334.4  41.4  0.972897    42s
  319  4.50    60  2.50   800    50  310.4  284.2  226.6  10.0  213.4  446.8  55.2  0.970252    41s
  320  4.50    60  2.50   800    70  310.4  284.2  226.6   7.1  213.4  441.1  55.2  0.970319    40s
  321  4.50    60  3.00   400    50  310.4  284.2  226.6  10.0  106.7  233.4  23.0  0.990128    39s
  322  4.50    60  3.00   400    70  310.4  284.2  226.6   7.1  106.7  227.7  23.0  0.990258    38s
  323  4.50    60  3.00   500    50  310.4  284.2  226.6  10.0  133.4  286.8  28.7  0.991095    37s
  324  4.50    60  3.00   500    70  310.4  284.2  226.6   7.1  133.4  281.0  28.7  0.991191    36s
  325  4.50    60  3.00   600    50  310.4  284.2  226.6  10.0  160.1  340.1  34.5  0.991167    35s
  326  4.50    60  3.00   600    70  310.4  284.2  226.6   7.1  160.1  334.4  34.5  0.991234    34s
  327  4.50    60  3.00   800    50  310.4  284.2  226.6  10.0  213.4  446.8  46.0  0.990427    33s
  328  4.50    60  3.00   800    70  310.4  284.2  226.6   7.1  213.4  441.1  46.0  0.990498    32s
  329  4.50    60  3.50   400    50  310.4  284.2  226.6  10.0  106.7  233.4  19.7  0.985372    31s
  330  4.50    60  3.50   400    70  310.4  284.2  226.6   7.1  106.7  227.7  19.7  0.985506    30s
  331  4.50    60  3.50   500    50  310.4  284.2  226.6  10.0  133.4  286.8  24.6  0.988416    29s
  332  4.50    60  3.50   500    70  310.4  284.2  226.6   7.1  133.4  281.0  24.6  0.988510    28s
  333  4.50    60  3.50   600    50  310.4  284.2  226.6  10.0  160.1  340.1  29.6  0.989768    27s
  334  4.50    60  3.50   600    70  310.4  284.2  226.6   7.1  160.1  334.4  29.6  0.989835    26s
  335  4.50    60  3.50   800    50  310.4  284.2  226.6  10.0  213.4  446.8  39.4  0.990411    25s
  336  4.50    60  3.50   800    70  310.4  284.2  226.6   7.1  213.4  441.1  39.4  0.990482    24s
  337  4.50    70  2.50   400    50  310.4  284.2  226.6  10.0   78.4  176.8  20.3  0.980122    23s
  338  4.50    70  2.50   400    70  310.4  284.2  226.6   7.1   78.4  171.1  20.3  0.980293    22s
  339  4.50    70  2.50   500    50  310.4  284.2  226.6  10.0   98.0  216.0  25.3  0.976660    21s
  340  4.50    70  2.50   500    70  310.4  284.2  226.6   7.1   98.0  210.3  25.3  0.976771    20s
  341  4.50    70  2.50   600    50  310.4  284.2  226.6  10.0  117.6  255.2  30.4  0.974524    19s
  342  4.50    70  2.50   600    70  310.4  284.2  226.6   7.1  117.6  249.5  30.4  0.974644    18s
  343  4.50    70  2.50   800    50  310.4  284.2  226.6  10.0  156.8  333.6  40.5  0.972059    17s
  344  4.50    70  2.50   800    70  310.4  284.2  226.6   7.1  156.8  327.9  40.5  0.972122    16s
  345  4.50    70  3.00   400    50  310.4  284.2  226.6  10.0   78.4  176.8  16.9  0.986451    15s
  346  4.50    70  3.00   400    70  310.4  284.2  226.6   7.1   78.4  171.1  16.9  0.986633    14s
  347  4.50    70  3.00   500    50  310.4  284.2  226.6  10.0   98.0  216.0  21.1  0.989435    13s
  348  4.50    70  3.00   500    70  310.4  284.2  226.6   7.1   98.0  210.3  21.1  0.989579    12s
  349  4.50    70  3.00   600    50  310.4  284.2  226.6  10.0  117.6  255.2  25.3  0.990562    11s
  350  4.50    70  3.00   600    70  310.4  284.2  226.6   7.1  117.6  249.5  25.3  0.990679    10s
  351  4.50    70  3.00   800    50  310.4  284.2  226.6  10.0  156.8  333.6  33.8  0.991041     9s
  352  4.50    70  3.00   800    70  310.4  284.2  226.6   7.1  156.8  327.9  33.8  0.991108     8s
  353  4.50    70  3.50   400    50  310.4  284.2  226.6  10.0   78.4  176.8  14.5  0.977043     7s
  354  4.50    70  3.50   400    70  310.4  284.2  226.6   7.1   78.4  171.1  14.5  0.977220     6s
  355  4.50    70  3.50   500    50  310.4  284.2  226.6  10.0   98.0  216.0  18.1  0.983513     5s
  356  4.50    70  3.50   500    70  310.4  284.2  226.6   7.1   98.0  210.3  18.1  0.983659     4s
  357  4.50    70  3.50   600    50  310.4  284.2  226.6  10.0  117.6  255.2  21.7  0.986830     3s
  358  4.50    70  3.50   600    70  310.4  284.2  226.6   7.1  117.6  249.5  21.7  0.986945     2s
  359  4.50    70  3.50   800    50  310.4  284.2  226.6  10.0  156.8  333.6  29.0  0.989670     1s
  360  4.50    70  3.50   800    70  310.4  284.2  226.6   7.1  156.8  327.9  29.0  0.989740     0s

Wrote brute_force_results_K1_smallA.csv (360 rows).

==========================================================================================
K = 1, a in [3.5, 4.5]:  cells with F_bar > 0.99:  150 / 360  (41.7 %)
==========================================================================================

Per-axis pass-rate marginal (count / total) and max F_bar in marginal:

  Axis: a_um
    a_um = 3.5     pass:  20 /  72  ( 27.8 %)  max F_bar = 0.9936
    a_um = 3.75    pass:  33 /  72  ( 45.8 %)  max F_bar = 0.9925
    a_um = 4.0     pass:  40 /  72  ( 55.6 %)  max F_bar = 0.9929
    a_um = 4.25    pass:  33 /  72  ( 45.8 %)  max F_bar = 0.9922
    a_um = 4.5     pass:  24 /  72  ( 33.3 %)  max F_bar = 0.9913

  Axis: omega_p_MHz
    omega_p_MHz = 50.0    pass:  45 / 120  ( 37.5 %)  max F_bar = 0.9921
    omega_p_MHz = 60.0    pass:  61 / 120  ( 50.8 %)  max F_bar = 0.9928
    omega_p_MHz = 70.0    pass:  44 / 120  ( 36.7 %)  max F_bar = 0.9936

  Axis: ratio
    ratio = 2.5     pass:   0 / 120  (  0.0 %)  max F_bar = 0.9824
    ratio = 3.0     pass:  84 / 120  ( 70.0 %)  max F_bar = 0.9936
    ratio = 3.5     pass:  66 / 120  ( 55.0 %)  max F_bar = 0.9934

  Axis: delta_MHz
    delta_MHz = 400.0   pass:  34 /  90  ( 37.8 %)  max F_bar = 0.9928
    delta_MHz = 500.0   pass:  47 /  90  ( 52.2 %)  max F_bar = 0.9929
    delta_MHz = 600.0   pass:  39 /  90  ( 43.3 %)  max F_bar = 0.9936
    delta_MHz = 800.0   pass:  30 /  90  ( 33.3 %)  max F_bar = 0.9923

  Axis: omega_c_MHz
    omega_c_MHz = 50.0    pass:  67 / 180  ( 37.2 %)  max F_bar = 0.9930
    omega_c_MHz = 70.0    pass:  83 / 180  ( 46.1 %)  max F_bar = 0.9936

====================================================================================================
Top 30 robust cells (ranked by robust_score then F_bar):
====================================================================================================
rank     a    Op     r     D    Oc     F_bar      F_11  robust   Ttot    M2   RDD
----------------------------------------------------------------------------------------------------
   1  3.75    50  3.50   500    70  0.992097  0.986351    1.00  398.4  61.3   164
   2  4.00    70  3.50   800    70  0.991660  0.986602    1.00  327.9  41.2   200
   3  4.00    60  3.50   500    70  0.991620  0.988190    1.00  281.0  35.1   200
   4  4.00    60  3.50   600    70  0.991537  0.986041    1.00  334.4  42.1   200
   5  4.00    50  3.50   400    70  0.991313  0.985960    1.00  321.6  40.4   200
   6  4.00    50  3.50   500    70  0.991097  0.984118    1.00  398.4  50.5   200
   7  4.25    50  3.50   500    70  0.991035  0.986373    1.00  398.4  42.1   239
   8  4.00    70  3.50   800    50  0.990878  0.983537    1.00  333.6  41.2   200
   9  4.25    50  3.50   500    50  0.990777  0.985404    1.00  404.1  42.1   239
  10  4.00    60  3.50   600    50  0.990728  0.982866    1.00  340.1  42.1   200
  11  4.00    50  3.50   400    50  0.990566  0.983021    1.00  327.3  40.4   200
  12  4.00    50  3.50   500    50  0.990244  0.980766    1.00  404.1  50.5   200
  13  4.00    60  3.00   500    70  0.992517  0.988714    0.89  281.0  40.9   200
  14  4.25    60  3.00   500    70  0.992216  0.990154    0.89  281.0  34.1   239
  15  4.25    60  3.00   500    50  0.992125  0.989866    0.89  286.8  34.1   239
  16  4.25    60  3.00   600    70  0.991890  0.989044    0.89  334.4  40.9   239
  17  4.00    60  3.00   600    70  0.991705  0.986425    0.89  334.4  49.1   200
  18  4.00    70  3.00   500    70  0.992857  0.991628    0.88  210.3  30.1   200
  19  4.00    70  3.00   600    70  0.992821  0.990452    0.88  249.5  36.1   200
  20  4.00    60  3.00   400    70  0.992795  0.990763    0.88  227.7  32.7   200
  21  4.00    70  3.00   500    50  0.992694  0.991042    0.88  216.0  30.1   200
  22  4.00    60  3.00   400    50  0.992585  0.989976    0.88  233.4  32.7   200
  23  3.75    70  3.00   500    70  0.992549  0.986954    0.88  210.3  36.5   164
  24  3.75    60  3.50   600    70  0.992291  0.986426    0.88  334.4  51.1   164
  25  3.75    60  3.00   400    70  0.992014  0.984911    0.88  227.7  39.7   164
  26  3.75    60  3.50   500    70  0.991322  0.983278    0.88  281.0  42.6   164
  27  4.25    50  3.00   500    70  0.991199  0.986763    0.88  398.4  49.1   239
  28  4.00    60  3.50   500    50  0.991113  0.986229    0.88  286.8  35.1   200
  29  4.00    50  3.00   500    70  0.990918  0.984377    0.88  398.4  58.9   200
  30  3.50    60  3.50   500    70  0.992348  0.984847    0.86  281.0  52.4   134

Wrote brute_force_robust_K1_smallA.csv (150 rows).

==========================================================================================
HIGHEST F_bar cell at K = 1 (a in [3.5, 4.5]):
==========================================================================================
   a_um                   = 3.500000
   omega_p_MHz            = 70.000000
   ratio                  = 3.000000
   delta_MHz              = 600.000000
   omega_c_MHz            = 70.000000
   omega_R_MHz            = 210.000000
   V_ct_MHz               = 659.691458
   V_DD_MHz               = 4.933999
   V_cc_MHz               = -6.187898
   R_DD                   = 133.703212
   R_AA                   = 106.609945
   selectivity_ok         = 1
   T_c_ns                 = 7.142857
   T_f_ns                 = 117.591505
   sigma_ns               = 0.406507
   t_total_ns             = 249.468724
   M1                     = 161.557092
   M2                     = 53.852364
   F_bar                  = 0.993604
   F_00                   = 0.996911
   F_01                   = 0.994038
   F_10                   = 0.994038
   F_11                   = 0.989432
   n_neighbors_total      = 7
   n_neighbors_pass       = 4
   robust_score           = 0.571429
   pass                   = 1

FASTEST cell with F_bar > 0.99:
   a_um                   = 3.750000
   omega_p_MHz            = 70.000000
   ratio                  = 3.000000
   delta_MHz              = 400.000000
   omega_c_MHz            = 70.000000
   omega_R_MHz            = 210.000000
   V_ct_MHz               = 536.353588
   V_DD_MHz               = 3.261517
   V_cc_MHz               = -4.090381
   R_DD                   = 164.449103
   R_AA                   = 131.125571
   selectivity_ok         = 1
   T_c_ns                 = 7.142857
   T_f_ns                 = 78.394336
   sigma_ns               = 0.120446
   t_total_ns             = 171.074387
   M1                     = 87.567933
   M2                     = 29.189311
   F_bar                  = 0.992514
   F_00                   = 0.995806
   F_01                   = 0.991767
   F_10                   = 0.991767
   F_11                   = 0.990717
   n_neighbors_total      = 7
   n_neighbors_pass       = 5
   robust_score           = 0.714286
   pass                   = 1

MOST ROBUST cell:
   a_um                   = 3.750000
   omega_p_MHz            = 50.000000
   ratio                  = 3.500000
   delta_MHz              = 500.000000
   omega_c_MHz            = 70.000000
   omega_R_MHz            = 175.000000
   V_ct_MHz               = 536.353588
   V_DD_MHz               = 3.261517
   V_cc_MHz               = -4.090381
   R_DD                   = 164.449103
   R_AA                   = 131.125571
   selectivity_ok         = 1
   T_c_ns                 = 7.142857
   T_f_ns                 = 192.066124
   sigma_ns               = 1.771301
   t_total_ns             = 398.417963
   M1                     = 214.541435
   M2                     = 61.297553
   F_bar                  = 0.992097
   F_00                   = 0.999041
   F_01                   = 0.991497
   F_10                   = 0.991497
   F_11                   = 0.986351
   n_neighbors_total      = 7
   n_neighbors_pass       = 7
   robust_score           = 1.000000
   pass                   = 1

Pareto front (low T_total, high F_bar) for F_bar > 0.99:
  Tg= 171.1ns  F=0.9925  a=3.75 Op=70 r=3.0 D=400 Oc=70  robust=0.71
  Tg= 210.3ns  F=0.9929  a=4.00 Op=70 r=3.0 D=500 Oc=70  robust=0.88
  Tg= 249.5ns  F=0.9934  a=3.50 Op=70 r=3.5 D=600 Oc=70  robust=0.67
  Tg= 249.5ns  F=0.9936  a=3.50 Op=70 r=3.0 D=600 Oc=70  robust=0.57

Total wall time: 345.2 s (5.8 min).
