================================================================================
Brute-force OR-gate sweep over (a, Omega_p, Omega_R/Omega_p, Delta, Omega_c)
================================================================================
Fixed:   K = 0.95,  alpha = 4.0  (super-Gaussian, edge/peak = 1.13e-07)
Grids:
    a_um           [4.0, 4.5, 5.0, 5.5]
    omega_p_MHz    [40.0, 50.0, 60.0]
    ratio          [3.0, 3.5, 4.0]
    delta_MHz      [400.0, 500.0, 600.0, 800.0]
    omega_c_MHz    [30.0, 50.0, 70.0]
Total cells: 432   (8 mesolve runs each)
Pulse area:  area = K * pi/4 = 0.746128

    #     a    Op     r     D    Oc    Vct     Vcc    Tc     Tf   Ttot    M1    M2     F_bar   eta
--------------------------------------------------------------------------------------------------------------
/Users/wanda/QSTC_PROJECT/TriQG/.venv/lib/python3.12/site-packages/qutip/core/data/expm.py:146: LinAlgWarning: Matrix is singular. The result might be inaccurate or the array might not have a square root.
  return Dense(scipy.linalg.sqrtm(matrix.as_ndarray()))
    1  4.00    40  3.00   400    30  441.9 -2.7771  16.7  228.1  489.5 221.0  73.7  0.985777   653s
    2  4.00    40  3.00   400    50  441.9 -2.7771  10.0  228.1  476.2 221.0  73.7  0.987348   642s
    3  4.00    40  3.00   400    70  441.9 -2.7771   7.1  228.1  470.4 221.0  73.7  0.987807   641s
    4  4.00    40  3.00   500    30  441.9 -2.7771  16.7  285.1  603.5 276.2  92.1  0.986249   558s
    5  4.00    40  3.00   500    50  441.9 -2.7771  10.0  285.1  590.2 276.2  92.1  0.986964   571s
    6  4.00    40  3.00   500    70  441.9 -2.7771   7.1  285.1  584.5 276.2  92.1  0.987163   598s
    7  4.00    40  3.00   600    30  441.9 -2.7771  16.7  342.1  717.6 331.5 110.5  0.981496   592s
    8  4.00    40  3.00   600    50  441.9 -2.7771  10.0  342.1  704.2 331.5 110.5  0.984436   636s
    9  4.00    40  3.00   600    70  441.9 -2.7771   7.1  342.1  698.5 331.5 110.5  0.985256   650s
   10  4.00    40  3.00   800    30  441.9 -2.7771  16.7  456.2  945.6 441.9 147.3  0.982467   780s
   11  4.00    40  3.00   800    50  441.9 -2.7771  10.0  456.2  932.3 441.9 147.3  0.982994   832s
   12  4.00    40  3.00   800    70  441.9 -2.7771   7.1  456.2  926.6 441.9 147.3  0.983147   821s
   13  4.00    40  3.50   400    30  441.9 -2.7771  16.7  228.1  489.5 221.0  63.1  0.987147   799s
   14  4.00    40  3.50   400    50  441.9 -2.7771  10.0  228.1  476.2 221.0  63.1  0.988714   784s
   15  4.00    40  3.50   400    70  441.9 -2.7771   7.1  228.1  470.4 221.0  63.1  0.989173   771s
   16  4.00    40  3.50   500    30  441.9 -2.7771  16.7  285.1  603.5 276.2  78.9  0.987355   763s
   17  4.00    40  3.50   500    50  441.9 -2.7771  10.0  285.1  590.2 276.2  78.9  0.988073   752s
   18  4.00    40  3.50   500    70  441.9 -2.7771   7.1  285.1  584.5 276.2  78.9  0.988275   740s
   19  4.00    40  3.50   600    30  441.9 -2.7771  16.7  342.1  717.6 331.5  94.7  0.982469   741s
   20  4.00    40  3.50   600    50  441.9 -2.7771  10.0  342.1  704.2 331.5  94.7  0.985417   761s
   21  4.00    40  3.50   600    70  441.9 -2.7771   7.1  342.1  698.5 331.5  94.7  0.986238   759s
   22  4.00    40  3.50   800    30  441.9 -2.7771  16.7  456.2  945.6 441.9 126.3  0.983309   797s
   23  4.00    40  3.50   800    50  441.9 -2.7771  10.0  456.2  932.3 441.9 126.3  0.983838   819s
   24  4.00    40  3.50   800    70  441.9 -2.7771   7.1  456.2  926.6 441.9 126.3  0.983992   808s
   25  4.00    40  4.00   400    30  441.9 -2.7771  16.7  228.1  489.5 221.0  55.2  0.988388   799s
   26  4.00    40  4.00   400    50  441.9 -2.7771  10.0  228.1  476.2 221.0  55.2  0.989964   781s
   27  4.00    40  4.00   400    70  441.9 -2.7771   7.1  228.1  470.4 221.0  55.2  0.990425   773s
   28  4.00    40  4.00   500    30  441.9 -2.7771  16.7  285.1  603.5 276.2  69.1  0.988325   764s
   29  4.00    40  4.00   500    50  441.9 -2.7771  10.0  285.1  590.2 276.2  69.1  0.989041   757s
   30  4.00    40  4.00   500    70  441.9 -2.7771   7.1  285.1  584.5 276.2  69.1  0.989243   739s
   31  4.00    40  4.00   600    30  441.9 -2.7771  16.7  342.1  717.6 331.5  82.9  0.983276   732s
   32  4.00    40  4.00   600    50  441.9 -2.7771  10.0  342.1  704.2 331.5  82.9  0.986223   731s
   33  4.00    40  4.00   600    70  441.9 -2.7771   7.1  342.1  698.5 331.5  82.9  0.987044   730s
   34  4.00    40  4.00   800    30  441.9 -2.7771  16.7  456.2  945.6 441.9 110.5  0.983934   762s
   35  4.00    40  4.00   800    50  441.9 -2.7771  10.0  456.2  932.3 441.9 110.5  0.984464   776s
   36  4.00    40  4.00   800    70  441.9 -2.7771   7.1  456.2  926.6 441.9 110.5  0.984617   768s
   37  4.00    50  3.00   400    30  441.9 -2.7771  16.7  146.0  325.3 141.4  47.1  0.986557   754s
   38  4.00    50  3.00   400    50  441.9 -2.7771  10.0  146.0  311.9 141.4  47.1  0.988956   739s
   39  4.00    50  3.00   400    70  441.9 -2.7771   7.1  146.0  306.2 141.4  47.1  0.989630   725s
   40  4.00    50  3.00   500    30  441.9 -2.7771  16.7  182.5  398.3 176.8  58.9  0.985389   714s
   41  4.00    50  3.00   500    50  441.9 -2.7771  10.0  182.5  384.9 176.8  58.9  0.988533   701s
   42  4.00    50  3.00   500    70  441.9 -2.7771   7.1  182.5  379.2 176.8  58.9  0.989417   687s
   43  4.00    50  3.00   600    30  441.9 -2.7771  16.7  219.0  471.2 212.1  70.7  0.986556   680s
   44  4.00    50  3.00   600    50  441.9 -2.7771  10.0  219.0  457.9 212.1  70.7  0.988552   673s
   45  4.00    50  3.00   600    70  441.9 -2.7771   7.1  219.0  452.2 212.1  70.7  0.989132   667s
   46  4.00    50  3.00   800    30  441.9 -2.7771  16.7  291.9  617.2 282.8  94.3  0.986581   669s
   47  4.00    50  3.00   800    50  441.9 -2.7771  10.0  291.9  603.9 282.8  94.3  0.987507   666s
   48  4.00    50  3.00   800    70  441.9 -2.7771   7.1  291.9  598.2 282.8  94.3  0.987764   673s
   49  4.00    50  3.50   400    30  441.9 -2.7771  16.7  146.0  325.3 141.4  40.4  0.988382   665s
   50  4.00    50  3.50   400    50  441.9 -2.7771  10.0  146.0  311.9 141.4  40.4  0.990801   655s
   51  4.00    50  3.50   400    70  441.9 -2.7771   7.1  146.0  306.2 141.4  40.4  0.991464   645s
   52  4.00    50  3.50   500    30  441.9 -2.7771  16.7  182.5  398.3 176.8  50.5  0.986780   638s
   53  4.00    50  3.50   500    50  441.9 -2.7771  10.0  182.5  384.9 176.8  50.5  0.989927   630s
   54  4.00    50  3.50   500    70  441.9 -2.7771   7.1  182.5  379.2 176.8  50.5  0.990813   622s
   55  4.00    50  3.50   600    30  441.9 -2.7771  16.7  219.0  471.2 212.1  60.6  0.987757   621s
   56  4.00    50  3.50   600    50  441.9 -2.7771  10.0  219.0  457.9 212.1  60.6  0.989754   613s
   57  4.00    50  3.50   600    70  441.9 -2.7771   7.1  219.0  452.2 212.1  60.6  0.990333   610s
   58  4.00    50  3.50   800    30  441.9 -2.7771  16.7  291.9  617.2 282.8  80.8  0.987592   612s
   59  4.00    50  3.50   800    50  441.9 -2.7771  10.0  291.9  603.9 282.8  80.8  0.988520   616s
   60  4.00    50  3.50   800    70  441.9 -2.7771   7.1  291.9  598.2 282.8  80.8  0.988778   622s
   61  4.00    50  4.00   400    30  441.9 -2.7771  16.7  146.0  325.3 141.4  35.4  0.989899   616s
   62  4.00    50  4.00   400    50  441.9 -2.7771  10.0  146.0  311.9 141.4  35.4  0.992305   609s
   63  4.00    50  4.00   400    70  441.9 -2.7771   7.1  146.0  306.2 141.4  35.4  0.992968   602s
   64  4.00    50  4.00   500    30  441.9 -2.7771  16.7  182.5  398.3 176.8  44.2  0.987972   598s
   65  4.00    50  4.00   500    50  441.9 -2.7771  10.0  182.5  384.9 176.8  44.2  0.991123   590s
   66  4.00    50  4.00   500    70  441.9 -2.7771   7.1  182.5  379.2 176.8  44.2  0.992010   586s
   67  4.00    50  4.00   600    30  441.9 -2.7771  16.7  219.0  471.2 212.1  53.0  0.988762   585s
   68  4.00    50  4.00   600    50  441.9 -2.7771  10.0  219.0  457.9 212.1  53.0  0.990766   581s
   69  4.00    50  4.00   600    70  441.9 -2.7771   7.1  219.0  452.2 212.1  53.0  0.991346   579s
   70  4.00    50  4.00   800    30  441.9 -2.7771  16.7  291.9  617.2 282.8  70.7  0.988400   580s
   71  4.00    50  4.00   800    50  441.9 -2.7771  10.0  291.9  603.9 282.8  70.7  0.989329   585s
   72  4.00    50  4.00   800    70  441.9 -2.7771   7.1  291.9  598.2 282.8  70.7  0.989586   590s
   73  4.00    60  3.00   400    30  441.9 -2.7771  16.7  101.4  236.1  98.2  32.7  0.989756   582s
   74  4.00    60  3.00   400    50  441.9 -2.7771  10.0  101.4  222.7  98.2  32.7  0.990371   575s
   75  4.00    60  3.00   400    70  441.9 -2.7771   7.1  101.4  217.0  98.2  32.7  0.990546   568s
   76  4.00    60  3.00   500    30  441.9 -2.7771  16.7  126.7  286.8 122.8  40.9  0.989445   562s
   77  4.00    60  3.00   500    50  441.9 -2.7771  10.0  126.7  273.4 122.8  40.9  0.990967   556s
   78  4.00    60  3.00   500    70  441.9 -2.7771   7.1  126.7  267.7 122.8  40.9  0.991395   550s
   79  4.00    60  3.00   600    30  441.9 -2.7771  16.7  152.1  337.4 147.3  49.1  0.987670   544s
   80  4.00    60  3.00   600    50  441.9 -2.7771  10.0  152.1  324.1 147.3  49.1  0.990324   539s
   81  4.00    60  3.00   600    70  441.9 -2.7771   7.1  152.1  318.4 147.3  49.1  0.991058   536s
   82  4.00    60  3.00   800    30  441.9 -2.7771  16.7  202.7  438.8 196.4  65.5  0.986566   533s
   83  4.00    60  3.00   800    50  441.9 -2.7771  10.0  202.7  425.5 196.4  65.5  0.989250   531s
   84  4.00    60  3.00   800    70  441.9 -2.7771   7.1  202.7  419.8 196.4  65.5  0.990017   531s
   85  4.00    60  3.50   400    30  441.9 -2.7771  16.7  101.4  236.1  98.2  28.1  0.992105   525s
   86  4.00    60  3.50   400    50  441.9 -2.7771  10.0  101.4  222.7  98.2  28.1  0.992719   519s
   87  4.00    60  3.50   400    70  441.9 -2.7771   7.1  101.4  217.0  98.2  28.1  0.992894   514s
   88  4.00    60  3.50   500    30  441.9 -2.7771  16.7  126.7  286.8 122.8  35.1  0.991078   510s
   89  4.00    60  3.50   500    50  441.9 -2.7771  10.0  126.7  273.4 122.8  35.1  0.992606   506s
   90  4.00    60  3.50   500    70  441.9 -2.7771   7.1  126.7  267.7 122.8  35.1  0.993026   500s
   91  4.00    60  3.50   600    30  441.9 -2.7771  16.7  152.1  337.4 147.3  42.1  0.989043   496s
   92  4.00    60  3.50   600    50  441.9 -2.7771  10.0  152.1  324.1 147.3  42.1  0.991694   492s
   93  4.00    60  3.50   600    70  441.9 -2.7771   7.1  152.1  318.4 147.3  42.1  0.992429   488s
   94  4.00    60  3.50   800    30  441.9 -2.7771  16.7  202.7  438.8 196.4  56.1  0.987720   484s
   95  4.00    60  3.50   800    50  441.9 -2.7771  10.0  202.7  425.5 196.4  56.1  0.990405   482s
   96  4.00    60  3.50   800    70  441.9 -2.7771   7.1  202.7  419.8 196.4  56.1  0.991172   483s
   97  4.00    60  4.00   400    30  441.9 -2.7771  16.7  101.4  236.1  98.2  24.6  0.993324   479s
   98  4.00    60  4.00   400    50  441.9 -2.7771  10.0  101.4  222.7  98.2  24.6  0.993936   474s
   99  4.00    60  4.00   400    70  441.9 -2.7771   7.1  101.4  217.0  98.2  24.6  0.994111   469s
  100  4.00    60  4.00   500    30  441.9 -2.7771  16.7  126.7  286.8 122.8  30.7  0.992230   465s
  101  4.00    60  4.00   500    50  441.9 -2.7771  10.0  126.7  273.4 122.8  30.7  0.993744   462s
  102  4.00    60  4.00   500    70  441.9 -2.7771   7.1  126.7  267.7 122.8  30.7  0.994161   458s
  103  4.00    60  4.00   600    30  441.9 -2.7771  16.7  152.1  337.4 147.3  36.8  0.990091   454s
  104  4.00    60  4.00   600    50  441.9 -2.7771  10.0  152.1  324.1 147.3  36.8  0.992740   451s
  105  4.00    60  4.00   600    70  441.9 -2.7771   7.1  152.1  318.4 147.3  36.8  0.993473   448s
  106  4.00    60  4.00   800    30  441.9 -2.7771  16.7  202.7  438.8 196.4  49.1  0.988614   447s
  107  4.00    60  4.00   800    50  441.9 -2.7771  10.0  202.7  425.5 196.4  49.1  0.991304   445s
  108  4.00    60  4.00   800    70  441.9 -2.7771   7.1  202.7  419.8 196.4  49.1  0.992075   446s
  109  4.50    40  3.00   400    30  310.4 -1.3699  16.7  228.1  489.5 155.2  51.7  0.988671   444s
  110  4.50    40  3.00   400    50  310.4 -1.3699  10.0  228.1  476.2 155.2  51.7  0.988943   441s
  111  4.50    40  3.00   400    70  310.4 -1.3699   7.1  228.1  470.4 155.2  51.7  0.989028   439s
  112  4.50    40  3.00   500    30  310.4 -1.3699  16.7  285.1  603.5 194.0  64.7  0.987169   437s
  113  4.50    40  3.00   500    50  310.4 -1.3699  10.0  285.1  590.2 194.0  64.7  0.987735   436s
  114  4.50    40  3.00   500    70  310.4 -1.3699   7.1  285.1  584.5 194.0  64.7  0.987903   434s
  115  4.50    40  3.00   600    30  310.4 -1.3699  16.7  342.1  717.6 232.8  77.6  0.985453   435s
  116  4.50    40  3.00   600    50  310.4 -1.3699  10.0  342.1  704.2 232.8  77.6  0.986256   434s
  117  4.50    40  3.00   600    70  310.4 -1.3699   7.1  342.1  698.5 232.8  77.6  0.986488   434s
  118  4.50    40  3.00   800    30  310.4 -1.3699  16.7  456.2  945.6 310.4 103.5  0.983016   437s
  119  4.50    40  3.00   800    50  310.4 -1.3699  10.0  456.2  932.3 310.4 103.5  0.983504   441s
  120  4.50    40  3.00   800    70  310.4 -1.3699   7.1  456.2  926.6 310.4 103.5  0.983651   442s
  121  4.50    40  3.50   400    30  310.4 -1.3699  16.7  228.1  489.5 155.2  44.3  0.990070   439s
  122  4.50    40  3.50   400    50  310.4 -1.3699  10.0  228.1  476.2 155.2  44.3  0.990340   436s
  123  4.50    40  3.50   400    70  310.4 -1.3699   7.1  228.1  470.4 155.2  44.3  0.990424   434s
  124  4.50    40  3.50   500    30  310.4 -1.3699  16.7  285.1  603.5 194.0  55.4  0.988369   432s
  125  4.50    40  3.50   500    50  310.4 -1.3699  10.0  285.1  590.2 194.0  55.4  0.988939   430s
  126  4.50    40  3.50   500    70  310.4 -1.3699   7.1  285.1  584.5 194.0  55.4  0.989106   429s
  127  4.50    40  3.50   600    30  310.4 -1.3699  16.7  342.1  717.6 232.8  66.5  0.986549   430s
  128  4.50    40  3.50   600    50  310.4 -1.3699  10.0  342.1  704.2 232.8  66.5  0.987352   428s
  129  4.50    40  3.50   600    70  310.4 -1.3699   7.1  342.1  698.5 232.8  66.5  0.987584   428s
  130  4.50    40  3.50   800    30  310.4 -1.3699  16.7  456.2  945.6 310.4  88.7  0.983982   432s
  131  4.50    40  3.50   800    50  310.4 -1.3699  10.0  456.2  932.3 310.4  88.7  0.984468   435s
  132  4.50    40  3.50   800    70  310.4 -1.3699   7.1  456.2  926.6 310.4  88.7  0.984616   435s
  133  4.50    40  4.00   400    30  310.4 -1.3699  16.7  228.1  489.5 155.2  38.8  0.991162   432s
  134  4.50    40  4.00   400    50  310.4 -1.3699  10.0  228.1  476.2 155.2  38.8  0.991432   430s
  135  4.50    40  4.00   400    70  310.4 -1.3699   7.1  228.1  470.4 155.2  38.8  0.991517   427s
  136  4.50    40  4.00   500    30  310.4 -1.3699  16.7  285.1  603.5 194.0  48.5  0.989323   424s
  137  4.50    40  4.00   500    50  310.4 -1.3699  10.0  285.1  590.2 194.0  48.5  0.989892   421s
  138  4.50    40  4.00   500    70  310.4 -1.3699   7.1  285.1  584.5 194.0  48.5  0.990059   419s
  139  4.50    40  4.00   600    30  310.4 -1.3699  16.7  342.1  717.6 232.8  58.2  0.987404   419s
  140  4.50    40  4.00   600    50  310.4 -1.3699  10.0  342.1  704.2 232.8  58.2  0.988207   418s
  141  4.50    40  4.00   600    70  310.4 -1.3699   7.1  342.1  698.5 232.8  58.2  0.988441   418s
  142  4.50    40  4.00   800    30  310.4 -1.3699  16.7  456.2  945.6 310.4  77.6  0.984701   422s
  143  4.50    40  4.00   800    50  310.4 -1.3699  10.0  456.2  932.3 310.4  77.6  0.985188   425s
  144  4.50    40  4.00   800    70  310.4 -1.3699   7.1  456.2  926.6 310.4  77.6  0.985336   423s
  145  4.50    50  3.00   400    30  310.4 -1.3699  16.7  146.0  325.3  99.3  33.1  0.990813   420s
  146  4.50    50  3.00   400    50  310.4 -1.3699  10.0  146.0  311.9  99.3  33.1  0.991041   416s
  147  4.50    50  3.00   400    70  310.4 -1.3699   7.1  146.0  306.2  99.3  33.1  0.991128   413s
  148  4.50    50  3.00   500    30  310.4 -1.3699  16.7  182.5  398.3 124.2  41.4  0.990911   410s
  149  4.50    50  3.00   500    50  310.4 -1.3699  10.0  182.5  384.9 124.2  41.4  0.991082   407s
  150  4.50    50  3.00   500    70  310.4 -1.3699   7.1  182.5  379.2 124.2  41.4  0.991141   404s
  151  4.50    50  3.00   600    30  310.4 -1.3699  16.7  219.0  471.2 149.0  49.7  0.990158   403s
  152  4.50    50  3.00   600    50  310.4 -1.3699  10.0  219.0  457.9 149.0  49.7  0.990396   401s
  153  4.50    50  3.00   600    70  310.4 -1.3699   7.1  219.0  452.2 149.0  49.7  0.990474   398s
  154  4.50    50  3.00   800    30  310.4 -1.3699  16.7  291.9  617.2 198.6  66.2  0.987744   399s
  155  4.50    50  3.00   800    50  310.4 -1.3699  10.0  291.9  603.9 198.6  66.2  0.988350   400s
  156  4.50    50  3.00   800    70  310.4 -1.3699   7.1  291.9  598.2 198.6  66.2  0.988528   401s
  157  4.50    50  3.50   400    30  310.4 -1.3699  16.7  146.0  325.3  99.3  28.4  0.992272   397s
  158  4.50    50  3.50   400    50  310.4 -1.3699  10.0  146.0  311.9  99.3  28.4  0.992514   394s
  159  4.50    50  3.50   400    70  310.4 -1.3699   7.1  146.0  306.2  99.3  28.4  0.992595   392s
  160  4.50    50  3.50   500    30  310.4 -1.3699  16.7  182.5  398.3 124.2  35.5  0.992185   389s
  161  4.50    50  3.50   500    50  310.4 -1.3699  10.0  182.5  384.9 124.2  35.5  0.992359   386s
  162  4.50    50  3.50   500    70  310.4 -1.3699   7.1  182.5  379.2 124.2  35.5  0.992418   384s
  163  4.50    50  3.50   600    30  310.4 -1.3699  16.7  219.0  471.2 149.0  42.6  0.991359   382s
  164  4.50    50  3.50   600    50  310.4 -1.3699  10.0  219.0  457.9 149.0  42.6  0.991597   380s
  165  4.50    50  3.50   600    70  310.4 -1.3699   7.1  219.0  452.2 149.0  42.6  0.991674   378s
  166  4.50    50  3.50   800    30  310.4 -1.3699  16.7  291.9  617.2 198.6  56.8  0.988847   378s
  167  4.50    50  3.50   800    50  310.4 -1.3699  10.0  291.9  603.9 198.6  56.8  0.989454   378s
  168  4.50    50  3.50   800    70  310.4 -1.3699   7.1  291.9  598.2 198.6  56.8  0.989631   377s
  169  4.50    50  4.00   400    30  310.4 -1.3699  16.7  146.0  325.3  99.3  24.8  0.992799   375s
  170  4.50    50  4.00   400    50  310.4 -1.3699  10.0  146.0  311.9  99.3  24.8  0.993043   372s
  171  4.50    50  4.00   400    70  310.4 -1.3699   7.1  146.0  306.2  99.3  24.8  0.993123   369s
  172  4.50    50  4.00   500    30  310.4 -1.3699  16.7  182.5  398.3 124.2  31.0  0.992915   367s
  173  4.50    50  4.00   500    50  310.4 -1.3699  10.0  182.5  384.9 124.2  31.0  0.993090   365s
  174  4.50    50  4.00   500    70  310.4 -1.3699   7.1  182.5  379.2 124.2  31.0  0.993150   362s
  175  4.50    50  4.00   600    30  310.4 -1.3699  16.7  219.0  471.2 149.0  37.2  0.992156   361s
  176  4.50    50  4.00   600    50  310.4 -1.3699  10.0  219.0  457.9 149.0  37.2  0.992394   359s
  177  4.50    50  4.00   600    70  310.4 -1.3699   7.1  219.0  452.2 149.0  37.2  0.992470   356s
  178  4.50    50  4.00   800    30  310.4 -1.3699  16.7  291.9  617.2 198.6  49.7  0.989645   357s
  179  4.50    50  4.00   800    50  310.4 -1.3699  10.0  291.9  603.9 198.6  49.7  0.990251   356s
  180  4.50    50  4.00   800    70  310.4 -1.3699   7.1  291.9  598.2 198.6  49.7  0.990428   356s
  181  4.50    60  3.00   400    30  310.4 -1.3699  16.7  101.4  236.1  69.0  23.0  0.990579   354s
  182  4.50    60  3.00   400    50  310.4 -1.3699  10.0  101.4  222.7  69.0  23.0  0.991029   351s
  183  4.50    60  3.00   400    70  310.4 -1.3699   7.1  101.4  217.0  69.0  23.0  0.991167   348s
  184  4.50    60  3.00   500    30  310.4 -1.3699  16.7  126.7  286.8  86.2  28.7  0.992077   346s
  185  4.50    60  3.00   500    50  310.4 -1.3699  10.0  126.7  273.4  86.2  28.7  0.992385   343s
  186  4.50    60  3.00   500    70  310.4 -1.3699   7.1  126.7  267.7  86.2  28.7  0.992493   341s
  187  4.50    60  3.00   600    30  310.4 -1.3699  16.7  152.1  337.4 103.5  34.5  0.992281   339s
  188  4.50    60  3.00   600    50  310.4 -1.3699  10.0  152.1  324.1 103.5  34.5  0.992499   336s
  189  4.50    60  3.00   600    70  310.4 -1.3699   7.1  152.1  318.4 103.5  34.5  0.992571   334s
  190  4.50    60  3.00   800    30  310.4 -1.3699  16.7  202.7  438.8 138.0  46.0  0.991308   332s
  191  4.50    60  3.00   800    50  310.4 -1.3699  10.0  202.7  425.5 138.0  46.0  0.991503   330s
  192  4.50    60  3.00   800    70  310.4 -1.3699   7.1  202.7  419.8 138.0  46.0  0.991566   329s
  193  4.50    60  3.50   400    30  310.4 -1.3699  16.7  101.4  236.1  69.0  19.7  0.991582   326s
  194  4.50    60  3.50   400    50  310.4 -1.3699  10.0  101.4  222.7  69.0  19.7  0.992037   324s
  195  4.50    60  3.50   400    70  310.4 -1.3699   7.1  101.4  217.0  69.0  19.7  0.992176   321s
  196  4.50    60  3.50   500    30  310.4 -1.3699  16.7  126.7  286.8  86.2  24.6  0.993026   319s
  197  4.50    60  3.50   500    50  310.4 -1.3699  10.0  126.7  273.4  86.2  24.6  0.993347   317s
  198  4.50    60  3.50   500    70  310.4 -1.3699   7.1  126.7  267.7  86.2  24.6  0.993448   315s
  199  4.50    60  3.50   600    30  310.4 -1.3699  16.7  152.1  337.4 103.5  29.6  0.993309   313s
  200  4.50    60  3.50   600    50  310.4 -1.3699  10.0  152.1  324.1 103.5  29.6  0.993526   311s
  201  4.50    60  3.50   600    70  310.4 -1.3699   7.1  152.1  318.4 103.5  29.6  0.993600   308s
  202  4.50    60  3.50   800    30  310.4 -1.3699  16.7  202.7  438.8 138.0  39.4  0.992409   307s
  203  4.50    60  3.50   800    50  310.4 -1.3699  10.0  202.7  425.5 138.0  39.4  0.992603   305s
  204  4.50    60  3.50   800    70  310.4 -1.3699   7.1  202.7  419.8 138.0  39.4  0.992668   304s
  205  4.50    60  4.00   400    30  310.4 -1.3699  16.7  101.4  236.1  69.0  17.2  0.989916   302s
  206  4.50    60  4.00   400    50  310.4 -1.3699  10.0  101.4  222.7  69.0  17.2  0.990381   299s
  207  4.50    60  4.00   400    70  310.4 -1.3699   7.1  101.4  217.0  69.0  17.2  0.990524   297s
  208  4.50    60  4.00   500    30  310.4 -1.3699  16.7  126.7  286.8  86.2  21.6  0.992591   295s
  209  4.50    60  4.00   500    50  310.4 -1.3699  10.0  126.7  273.4  86.2  21.6  0.992917   293s
  210  4.50    60  4.00   500    70  310.4 -1.3699   7.1  126.7  267.7  86.2  21.6  0.993021   291s
  211  4.50    60  4.00   600    30  310.4 -1.3699  16.7  152.1  337.4 103.5  25.9  0.993439   289s
  212  4.50    60  4.00   600    50  310.4 -1.3699  10.0  152.1  324.1 103.5  25.9  0.993662   287s
  213  4.50    60  4.00   600    70  310.4 -1.3699   7.1  152.1  318.4 103.5  25.9  0.993736   285s
  214  4.50    60  4.00   800    30  310.4 -1.3699  16.7  202.7  438.8 138.0  34.5  0.992989   284s
  215  4.50    60  4.00   800    50  310.4 -1.3699  10.0  202.7  425.5 138.0  34.5  0.993183   282s
  216  4.50    60  4.00   800    70  310.4 -1.3699   7.1  202.7  419.8 138.0  34.5  0.993247   281s
  217  5.00    40  3.00   400    30  226.3 -0.7280  16.7  228.1  489.5 113.1  37.7  0.989608   279s
  218  5.00    40  3.00   400    50  226.3 -0.7280  10.0  228.1  476.2 113.1  37.7  0.989760   278s
  219  5.00    40  3.00   400    70  226.3 -0.7280   7.1  228.1  470.4 113.1  37.7  0.989812   276s
  220  5.00    40  3.00   500    30  226.3 -0.7280  16.7  285.1  603.5 141.4  47.1  0.988592   274s
  221  5.00    40  3.00   500    50  226.3 -0.7280  10.0  285.1  590.2 141.4  47.1  0.988705   273s
  222  5.00    40  3.00   500    70  226.3 -0.7280   7.1  285.1  584.5 141.4  47.1  0.988749   271s
  223  5.00    40  3.00   600    30  226.3 -0.7280  16.7  342.1  717.6 169.7  56.6  0.987215   271s
  224  5.00    40  3.00   600    50  226.3 -0.7280  10.0  342.1  704.2 169.7  56.6  0.987316   270s
  225  5.00    40  3.00   600    70  226.3 -0.7280   7.1  342.1  698.5 169.7  56.6  0.987356   269s
  226  5.00    40  3.00   800    30  226.3 -0.7280  16.7  456.2  945.6 226.3  75.4  0.984121   271s
  227  5.00    40  3.00   800    50  226.3 -0.7280  10.0  456.2  932.3 226.3  75.4  0.984267   271s
  228  5.00    40  3.00   800    70  226.3 -0.7280   7.1  456.2  926.6 226.3  75.4  0.984318   271s
  229  5.00    40  3.50   400    30  226.3 -0.7280  16.7  228.1  489.5 113.1  32.3  0.990789   269s
  230  5.00    40  3.50   400    50  226.3 -0.7280  10.0  228.1  476.2 113.1  32.3  0.990941   267s
  231  5.00    40  3.50   400    70  226.3 -0.7280   7.1  228.1  470.4 113.1  32.3  0.990994   266s
  232  5.00    40  3.50   500    30  226.3 -0.7280  16.7  285.1  603.5 141.4  40.4  0.989754   264s
  233  5.00    40  3.50   500    50  226.3 -0.7280  10.0  285.1  590.2 141.4  40.4  0.989867   263s
  234  5.00    40  3.50   500    70  226.3 -0.7280   7.1  285.1  584.5 141.4  40.4  0.989911   262s
  235  5.00    40  3.50   600    30  226.3 -0.7280  16.7  342.1  717.6 169.7  48.5  0.988347   261s
  236  5.00    40  3.50   600    50  226.3 -0.7280  10.0  342.1  704.2 169.7  48.5  0.988449   260s
  237  5.00    40  3.50   600    70  226.3 -0.7280   7.1  342.1  698.5 169.7  48.5  0.988488   259s
  238  5.00    40  3.50   800    30  226.3 -0.7280  16.7  456.2  945.6 226.3  64.6  0.985178   260s
  239  5.00    40  3.50   800    50  226.3 -0.7280  10.0  456.2  932.3 226.3  64.6  0.985324   260s
  240  5.00    40  3.50   800    70  226.3 -0.7280   7.1  456.2  926.6 226.3  64.6  0.985375   259s
  241  5.00    40  4.00   400    30  226.3 -0.7280  16.7  228.1  489.5 113.1  28.3  0.991249   257s
  242  5.00    40  4.00   400    50  226.3 -0.7280  10.0  228.1  476.2 113.1  28.3  0.991401   256s
  243  5.00    40  4.00   400    70  226.3 -0.7280   7.1  228.1  470.4 113.1  28.3  0.991455   254s
  244  5.00    40  4.00   500    30  226.3 -0.7280  16.7  285.1  603.5 141.4  35.4  0.990425   253s
  245  5.00    40  4.00   500    50  226.3 -0.7280  10.0  285.1  590.2 141.4  35.4  0.990542   251s
  246  5.00    40  4.00   500    70  226.3 -0.7280   7.1  285.1  584.5 141.4  35.4  0.990586   249s
  247  5.00    40  4.00   600    30  226.3 -0.7280  16.7  342.1  717.6 169.7  42.4  0.989093   249s
  248  5.00    40  4.00   600    50  226.3 -0.7280  10.0  342.1  704.2 169.7  42.4  0.989195   248s
  249  5.00    40  4.00   600    70  226.3 -0.7280   7.1  342.1  698.5 169.7  42.4  0.989234   247s
  250  5.00    40  4.00   800    30  226.3 -0.7280  16.7  456.2  945.6 226.3  56.6  0.985925   248s
  251  5.00    40  4.00   800    50  226.3 -0.7280  10.0  456.2  932.3 226.3  56.6  0.986071   248s
  252  5.00    40  4.00   800    70  226.3 -0.7280   7.1  456.2  926.6 226.3  56.6  0.986122   248s
  253  5.00    50  3.00   400    30  226.3 -0.7280  16.7  146.0  325.3  72.4  24.1  0.991272   247s
  254  5.00    50  3.00   400    50  226.3 -0.7280  10.0  146.0  311.9  72.4  24.1  0.991483   245s
  255  5.00    50  3.00   400    70  226.3 -0.7280   7.1  146.0  306.2  72.4  24.1  0.991565   243s
  256  5.00    50  3.00   500    30  226.3 -0.7280  16.7  182.5  398.3  90.5  30.2  0.991529   241s
  257  5.00    50  3.00   500    50  226.3 -0.7280  10.0  182.5  384.9  90.5  30.2  0.991719   239s
  258  5.00    50  3.00   500    70  226.3 -0.7280   7.1  182.5  379.2  90.5  30.2  0.991782   237s
  259  5.00    50  3.00   600    30  226.3 -0.7280  16.7  219.0  471.2 108.6  36.2  0.990990   236s
  260  5.00    50  3.00   600    50  226.3 -0.7280  10.0  219.0  457.9 108.6  36.2  0.991148   235s
  261  5.00    50  3.00   600    70  226.3 -0.7280   7.1  219.0  452.2 108.6  36.2  0.991205   233s
  262  5.00    50  3.00   800    30  226.3 -0.7280  16.7  291.9  617.2 144.8  48.3  0.989210   232s
  263  5.00    50  3.00   800    50  226.3 -0.7280  10.0  291.9  603.9 144.8  48.3  0.989322   231s
  264  5.00    50  3.00   800    70  226.3 -0.7280   7.1  291.9  598.2 144.8  48.3  0.989365   230s
  265  5.00    50  3.50   400    30  226.3 -0.7280  16.7  146.0  325.3  72.4  20.7  0.991570   228s
  266  5.00    50  3.50   400    50  226.3 -0.7280  10.0  146.0  311.9  72.4  20.7  0.991796   227s
  267  5.00    50  3.50   400    70  226.3 -0.7280   7.1  146.0  306.2  72.4  20.7  0.991873   225s
  268  5.00    50  3.50   500    30  226.3 -0.7280  16.7  182.5  398.3  90.5  25.9  0.992231   223s
  269  5.00    50  3.50   500    50  226.3 -0.7280  10.0  182.5  384.9  90.5  25.9  0.992422   221s
  270  5.00    50  3.50   500    70  226.3 -0.7280   7.1  182.5  379.2  90.5  25.9  0.992487   219s
  271  5.00    50  3.50   600    30  226.3 -0.7280  16.7  219.0  471.2 108.6  31.0  0.991907   218s
  272  5.00    50  3.50   600    50  226.3 -0.7280  10.0  219.0  457.9 108.6  31.0  0.992066   216s
  273  5.00    50  3.50   600    70  226.3 -0.7280   7.1  219.0  452.2 108.6  31.0  0.992122   214s
  274  5.00    50  3.50   800    30  226.3 -0.7280  16.7  291.9  617.2 144.8  41.4  0.990276   214s
  275  5.00    50  3.50   800    50  226.3 -0.7280  10.0  291.9  603.9 144.8  41.4  0.990389   213s
  276  5.00    50  3.50   800    70  226.3 -0.7280   7.1  291.9  598.2 144.8  41.4  0.990432   212s
  277  5.00    50  4.00   400    30  226.3 -0.7280  16.7  146.0  325.3  72.4  18.1  0.989642   211s
  278  5.00    50  4.00   400    50  226.3 -0.7280  10.0  146.0  311.9  72.4  18.1  0.989869   209s
  279  5.00    50  4.00   400    70  226.3 -0.7280   7.1  146.0  306.2  72.4  18.1  0.989942   207s
  280  5.00    50  4.00   500    30  226.3 -0.7280  16.7  182.5  398.3  90.5  22.6  0.991645   205s
  281  5.00    50  4.00   500    50  226.3 -0.7280  10.0  182.5  384.9  90.5  22.6  0.991838   204s
  282  5.00    50  4.00   500    70  226.3 -0.7280   7.1  182.5  379.2  90.5  22.6  0.991902   202s
  283  5.00    50  4.00   600    30  226.3 -0.7280  16.7  219.0  471.2 108.6  27.2  0.991947   200s
  284  5.00    50  4.00   600    50  226.3 -0.7280  10.0  219.0  457.9 108.6  27.2  0.992107   199s
  285  5.00    50  4.00   600    70  226.3 -0.7280   7.1  219.0  452.2 108.6  27.2  0.992164   197s
  286  5.00    50  4.00   800    30  226.3 -0.7280  16.7  291.9  617.2 144.8  36.2  0.990811   196s
  287  5.00    50  4.00   800    50  226.3 -0.7280  10.0  291.9  603.9 144.8  36.2  0.990924   195s
  288  5.00    50  4.00   800    70  226.3 -0.7280   7.1  291.9  598.2 144.8  36.2  0.990967   194s
  289  5.00    60  3.00   400    30  226.3 -0.7280  16.7  101.4  236.1  50.3  16.8  0.990104   192s
  290  5.00    60  3.00   400    50  226.3 -0.7280  10.0  101.4  222.7  50.3  16.8  0.990359   191s
  291  5.00    60  3.00   400    70  226.3 -0.7280   7.1  101.4  217.0  50.3  16.8  0.990440   189s
  292  5.00    60  3.00   500    30  226.3 -0.7280  16.7  126.7  286.8  62.9  21.0  0.992230   187s
  293  5.00    60  3.00   500    50  226.3 -0.7280  10.0  126.7  273.4  62.9  21.0  0.992460   186s
  294  5.00    60  3.00   500    70  226.3 -0.7280   7.1  126.7  267.7  62.9  21.0  0.992545   184s
  295  5.00    60  3.00   600    30  226.3 -0.7280  16.7  152.1  337.4  75.4  25.1  0.992686   182s
  296  5.00    60  3.00   600    50  226.3 -0.7280  10.0  152.1  324.1  75.4  25.1  0.992902   181s
  297  5.00    60  3.00   600    70  226.3 -0.7280   7.1  152.1  318.4  75.4  25.1  0.992974   179s
  298  5.00    60  3.00   800    30  226.3 -0.7280  16.7  202.7  438.8 100.6  33.5  0.992002   178s
  299  5.00    60  3.00   800    50  226.3 -0.7280  10.0  202.7  425.5 100.6  33.5  0.992174   176s
  300  5.00    60  3.00   800    70  226.3 -0.7280   7.1  202.7  419.8 100.6  33.5  0.992233   175s
  301  5.00    60  3.50   400    30  226.3 -0.7280  16.7  101.4  236.1  50.3  14.4  0.987763   173s
  302  5.00    60  3.50   400    50  226.3 -0.7280  10.0  101.4  222.7  50.3  14.4  0.988020   172s
  303  5.00    60  3.50   400    70  226.3 -0.7280   7.1  101.4  217.0  50.3  14.4  0.988102   170s
  304  5.00    60  3.50   500    30  226.3 -0.7280  16.7  126.7  286.8  62.9  18.0  0.991344   169s
  305  5.00    60  3.50   500    50  226.3 -0.7280  10.0  126.7  273.4  62.9  18.0  0.991585   167s
  306  5.00    60  3.50   500    70  226.3 -0.7280   7.1  126.7  267.7  62.9  18.0  0.991663   165s
  307  5.00    60  3.50   600    30  226.3 -0.7280  16.7  152.1  337.4  75.4  21.5  0.992633   164s
  308  5.00    60  3.50   600    50  226.3 -0.7280  10.0  152.1  324.1  75.4  21.5  0.992848   162s
  309  5.00    60  3.50   600    70  226.3 -0.7280   7.1  152.1  318.4  75.4  21.5  0.992920   161s
  310  5.00    60  3.50   800    30  226.3 -0.7280  16.7  202.7  438.8 100.6  28.7  0.992696   159s
  311  5.00    60  3.50   800    50  226.3 -0.7280  10.0  202.7  425.5 100.6  28.7  0.992868   158s
  312  5.00    60  3.50   800    70  226.3 -0.7280   7.1  202.7  419.8 100.6  28.7  0.992927   157s
  313  5.00    60  4.00   400    30  226.3 -0.7280  16.7  101.4  236.1  50.3  12.6  0.979437   155s
  314  5.00    60  4.00   400    50  226.3 -0.7280  10.0  101.4  222.7  50.3  12.6  0.979696   154s
  315  5.00    60  4.00   400    70  226.3 -0.7280   7.1  101.4  217.0  50.3  12.6  0.979778   152s
  316  5.00    60  4.00   500    30  226.3 -0.7280  16.7  126.7  286.8  62.9  15.7  0.987180   150s
  317  5.00    60  4.00   500    50  226.3 -0.7280  10.0  126.7  273.4  62.9  15.7  0.987423   149s
  318  5.00    60  4.00   500    70  226.3 -0.7280   7.1  126.7  267.7  62.9  15.7  0.987501   147s
  319  5.00    60  4.00   600    30  226.3 -0.7280  16.7  152.1  337.4  75.4  18.9  0.990487   146s
  320  5.00    60  4.00   600    50  226.3 -0.7280  10.0  152.1  324.1  75.4  18.9  0.990708   144s
  321  5.00    60  4.00   600    70  226.3 -0.7280   7.1  152.1  318.4  75.4  18.9  0.990779   143s
  322  5.00    60  4.00   800    30  226.3 -0.7280  16.7  202.7  438.8 100.6  25.1  0.992287   142s
  323  5.00    60  4.00   800    50  226.3 -0.7280  10.0  202.7  425.5 100.6  25.1  0.992461   140s
  324  5.00    60  4.00   800    70  226.3 -0.7280   7.1  202.7  419.8 100.6  25.1  0.992520   139s
  325  5.50    40  3.00   400    30  170.0 -0.4109  16.7  228.1  489.5  85.0  28.3  0.990150   138s
  326  5.50    40  3.00   400    50  170.0 -0.4109  10.0  228.1  476.2  85.0  28.3  0.990275   136s
  327  5.50    40  3.00   400    70  170.0 -0.4109   7.1  228.1  470.4  85.0  28.3  0.990321   135s
  328  5.50    40  3.00   500    30  170.0 -0.4109  16.7  285.1  603.5 106.3  35.4  0.989207   133s
  329  5.50    40  3.00   500    50  170.0 -0.4109  10.0  285.1  590.2 106.3  35.4  0.989323   132s
  330  5.50    40  3.00   500    70  170.0 -0.4109   7.1  285.1  584.5 106.3  35.4  0.989366   131s
  331  5.50    40  3.00   600    30  170.0 -0.4109  16.7  342.1  717.6 127.5  42.5  0.987842   130s
  332  5.50    40  3.00   600    50  170.0 -0.4109  10.0  342.1  704.2 127.5  42.5  0.987950   129s
  333  5.50    40  3.00   600    70  170.0 -0.4109   7.1  342.1  698.5 127.5  42.5  0.987991   128s
  334  5.50    40  3.00   800    30  170.0 -0.4109  16.7  456.2  945.6 170.0  56.7  0.984797   127s
  335  5.50    40  3.00   800    50  170.0 -0.4109  10.0  456.2  932.3 170.0  56.7  0.984889   126s
  336  5.50    40  3.00   800    70  170.0 -0.4109   7.1  456.2  926.6 170.0  56.7  0.984926   125s
  337  5.50    40  3.50   400    30  170.0 -0.4109  16.7  228.1  489.5  85.0  24.3  0.990647   124s
  338  5.50    40  3.50   400    50  170.0 -0.4109  10.0  228.1  476.2  85.0  24.3  0.990773   122s
  339  5.50    40  3.50   400    70  170.0 -0.4109   7.1  228.1  470.4  85.0  24.3  0.990818   121s
  340  5.50    40  3.50   500    30  170.0 -0.4109  16.7  285.1  603.5 106.3  30.4  0.990062   119s
  341  5.50    40  3.50   500    50  170.0 -0.4109  10.0  285.1  590.2 106.3  30.4  0.990179   118s
  342  5.50    40  3.50   500    70  170.0 -0.4109   7.1  285.1  584.5 106.3  30.4  0.990223   117s
  343  5.50    40  3.50   600    30  170.0 -0.4109  16.7  342.1  717.6 127.5  36.4  0.988853   116s
  344  5.50    40  3.50   600    50  170.0 -0.4109  10.0  342.1  704.2 127.5  36.4  0.988958   114s
  345  5.50    40  3.50   600    70  170.0 -0.4109   7.1  342.1  698.5 127.5  36.4  0.988999   113s
  346  5.50    40  3.50   800    30  170.0 -0.4109  16.7  456.2  945.6 170.0  48.6  0.985878   113s
  347  5.50    40  3.50   800    50  170.0 -0.4109  10.0  456.2  932.3 170.0  48.6  0.985970   112s
  348  5.50    40  3.50   800    70  170.0 -0.4109   7.1  456.2  926.6 170.0  48.6  0.986007   111s
  349  5.50    40  4.00   400    30  170.0 -0.4109  16.7  228.1  489.5  85.0  21.3  0.989605   109s
  350  5.50    40  4.00   400    50  170.0 -0.4109  10.0  228.1  476.2  85.0  21.3  0.989731   108s
  351  5.50    40  4.00   400    70  170.0 -0.4109   7.1  228.1  470.4  85.0  21.3  0.989778   106s
  352  5.50    40  4.00   500    30  170.0 -0.4109  16.7  285.1  603.5 106.3  26.6  0.989965   105s
  353  5.50    40  4.00   500    50  170.0 -0.4109  10.0  285.1  590.2 106.3  26.6  0.990082   104s
  354  5.50    40  4.00   500    70  170.0 -0.4109   7.1  285.1  584.5 106.3  26.6  0.990126   102s
  355  5.50    40  4.00   600    30  170.0 -0.4109  16.7  342.1  717.6 127.5  31.9  0.989179   101s
  356  5.50    40  4.00   600    50  170.0 -0.4109  10.0  342.1  704.2 127.5  31.9  0.989286   100s
  357  5.50    40  4.00   600    70  170.0 -0.4109   7.1  342.1  698.5 127.5  31.9  0.989327    99s
  358  5.50    40  4.00   800    30  170.0 -0.4109  16.7  456.2  945.6 170.0  42.5  0.986510    98s
  359  5.50    40  4.00   800    50  170.0 -0.4109  10.0  456.2  932.3 170.0  42.5  0.986602    97s
  360  5.50    40  4.00   800    70  170.0 -0.4109   7.1  456.2  926.6 170.0  42.5  0.986639    96s
  361  5.50    50  3.00   400    30  170.0 -0.4109  16.7  146.0  325.3  54.4  18.1  0.990820    94s
  362  5.50    50  3.00   400    50  170.0 -0.4109  10.0  146.0  311.9  54.4  18.1  0.990946    93s
  363  5.50    50  3.00   400    70  170.0 -0.4109   7.1  146.0  306.2  54.4  18.1  0.991006    91s
  364  5.50    50  3.00   500    30  170.0 -0.4109  16.7  182.5  398.3  68.0  22.7  0.991721    90s
  365  5.50    50  3.00   500    50  170.0 -0.4109  10.0  182.5  384.9  68.0  22.7  0.991854    88s
  366  5.50    50  3.00   500    70  170.0 -0.4109   7.1  182.5  379.2  68.0  22.7  0.991900    87s
  367  5.50    50  3.00   600    30  170.0 -0.4109  16.7  219.0  471.2  81.6  27.2  0.991445    86s
  368  5.50    50  3.00   600    50  170.0 -0.4109  10.0  219.0  457.9  81.6  27.2  0.991572    84s
  369  5.50    50  3.00   600    70  170.0 -0.4109   7.1  219.0  452.2  81.6  27.2  0.991620    83s
  370  5.50    50  3.00   800    30  170.0 -0.4109  16.7  291.9  617.2 108.8  36.3  0.989809    82s
  371  5.50    50  3.00   800    50  170.0 -0.4109  10.0  291.9  603.9 108.8  36.3  0.989924    81s
  372  5.50    50  3.00   800    70  170.0 -0.4109   7.1  291.9  598.2 108.8  36.3  0.989968    79s
  373  5.50    50  3.50   400    30  170.0 -0.4109  16.7  146.0  325.3  54.4  15.5  0.988485    78s
  374  5.50    50  3.50   400    50  170.0 -0.4109  10.0  146.0  311.9  54.4  15.5  0.988626    76s
  375  5.50    50  3.50   400    70  170.0 -0.4109   7.1  146.0  306.2  54.4  15.5  0.988677    75s
  376  5.50    50  3.50   500    30  170.0 -0.4109  16.7  182.5  398.3  68.0  19.4  0.991008    74s
  377  5.50    50  3.50   500    50  170.0 -0.4109  10.0  182.5  384.9  68.0  19.4  0.991145    72s
  378  5.50    50  3.50   500    70  170.0 -0.4109   7.1  182.5  379.2  68.0  19.4  0.991188    71s
  379  5.50    50  3.50   600    30  170.0 -0.4109  16.7  219.0  471.2  81.6  23.3  0.991546    70s
  380  5.50    50  3.50   600    50  170.0 -0.4109  10.0  219.0  457.9  81.6  23.3  0.991673    68s
  381  5.50    50  3.50   600    70  170.0 -0.4109   7.1  219.0  452.2  81.6  23.3  0.991720    67s
  382  5.50    50  3.50   800    30  170.0 -0.4109  16.7  291.9  617.2 108.8  31.1  0.990587    66s
  383  5.50    50  3.50   800    50  170.0 -0.4109  10.0  291.9  603.9 108.8  31.1  0.990703    64s
  384  5.50    50  3.50   800    70  170.0 -0.4109   7.1  291.9  598.2 108.8  31.1  0.990746    63s
  385  5.50    50  4.00   400    30  170.0 -0.4109  16.7  146.0  325.3  54.4  13.6  0.981333    62s
  386  5.50    50  4.00   400    50  170.0 -0.4109  10.0  146.0  311.9  54.4  13.6  0.981471    60s
  387  5.50    50  4.00   400    70  170.0 -0.4109   7.1  146.0  306.2  54.4  13.6  0.981523    59s
  388  5.50    50  4.00   500    30  170.0 -0.4109  16.7  182.5  398.3  68.0  17.0  0.987536    58s
  389  5.50    50  4.00   500    50  170.0 -0.4109  10.0  182.5  384.9  68.0  17.0  0.987669    56s
  390  5.50    50  4.00   500    70  170.0 -0.4109   7.1  182.5  379.2  68.0  17.0  0.987718    55s
  391  5.50    50  4.00   600    30  170.0 -0.4109  16.7  219.0  471.2  81.6  20.4  0.989847    54s
  392  5.50    50  4.00   600    50  170.0 -0.4109  10.0  219.0  457.9  81.6  20.4  0.989974    52s
  393  5.50    50  4.00   600    70  170.0 -0.4109   7.1  219.0  452.2  81.6  20.4  0.990022    51s
  394  5.50    50  4.00   800    30  170.0 -0.4109  16.7  291.9  617.2 108.8  27.2  0.990388    50s
  395  5.50    50  4.00   800    50  170.0 -0.4109  10.0  291.9  603.9 108.8  27.2  0.990504    49s
  396  5.50    50  4.00   800    70  170.0 -0.4109   7.1  291.9  598.2 108.8  27.2  0.990548    47s
  397  5.50    60  3.00   400    30  170.0 -0.4109  16.7  101.4  236.1  37.8  12.6  0.986786    46s
  398  5.50    60  3.00   400    50  170.0 -0.4109  10.0  101.4  222.7  37.8  12.6  0.986925    45s
  399  5.50    60  3.00   400    70  170.0 -0.4109   7.1  101.4  217.0  37.8  12.6  0.986973    43s
  400  5.50    60  3.00   500    30  170.0 -0.4109  16.7  126.7  286.8  47.2  15.7  0.990868    42s
  401  5.50    60  3.00   500    50  170.0 -0.4109  10.0  126.7  273.4  47.2  15.7  0.990999    40s
  402  5.50    60  3.00   500    70  170.0 -0.4109   7.1  126.7  267.7  47.2  15.7  0.991056    39s
  403  5.50    60  3.00   600    30  170.0 -0.4109  16.7  152.1  337.4  56.7  18.9  0.992267    38s
  404  5.50    60  3.00   600    50  170.0 -0.4109  10.0  152.1  324.1  56.7  18.9  0.992402    36s
  405  5.50    60  3.00   600    70  170.0 -0.4109   7.1  152.1  318.4  56.7  18.9  0.992449    35s
  406  5.50    60  3.00   800    30  170.0 -0.4109  16.7  202.7  438.8  75.6  25.2  0.992324    34s
  407  5.50    60  3.00   800    50  170.0 -0.4109  10.0  202.7  425.5  75.6  25.2  0.992454    32s
  408  5.50    60  3.00   800    70  170.0 -0.4109   7.1  202.7  419.8  75.6  25.2  0.992501    31s
  409  5.50    60  3.50   400    30  170.0 -0.4109  16.7  101.4  236.1  37.8  10.8  0.977359    30s
  410  5.50    60  3.50   400    50  170.0 -0.4109  10.0  101.4  222.7  37.8  10.8  0.977497    28s
  411  5.50    60  3.50   400    70  170.0 -0.4109   7.1  101.4  217.0  37.8  10.8  0.977545    27s
  412  5.50    60  3.50   500    30  170.0 -0.4109  16.7  126.7  286.8  47.2  13.5  0.985996    26s
  413  5.50    60  3.50   500    50  170.0 -0.4109  10.0  126.7  273.4  47.2  13.5  0.986136    24s
  414  5.50    60  3.50   500    70  170.0 -0.4109   7.1  126.7  267.7  47.2  13.5  0.986185    23s
  415  5.50    60  3.50   600    30  170.0 -0.4109  16.7  152.1  337.4  56.7  16.2  0.989771    22s
  416  5.50    60  3.50   600    50  170.0 -0.4109  10.0  152.1  324.1  56.7  16.2  0.989904    21s
  417  5.50    60  3.50   600    70  170.0 -0.4109   7.1  152.1  318.4  56.7  16.2  0.989954    19s
  418  5.50    60  3.50   800    30  170.0 -0.4109  16.7  202.7  438.8  75.6  21.6  0.991956    18s
  419  5.50    60  3.50   800    50  170.0 -0.4109  10.0  202.7  425.5  75.6  21.6  0.992085    17s
  420  5.50    60  3.50   800    70  170.0 -0.4109   7.1  202.7  419.8  75.6  21.6  0.992132    15s
  421  5.50    60  4.00   400    30  170.0 -0.4109  16.7  101.4  236.1  37.8   9.4  0.955167    14s
  422  5.50    60  4.00   400    50  170.0 -0.4109  10.0  101.4  222.7  37.8   9.4  0.955303    13s
  423  5.50    60  4.00   400    70  170.0 -0.4109   7.1  101.4  217.0  37.8   9.4  0.955354    12s
  424  5.50    60  4.00   500    30  170.0 -0.4109  16.7  126.7  286.8  47.2  11.8  0.974027    10s
  425  5.50    60  4.00   500    50  170.0 -0.4109  10.0  126.7  273.4  47.2  11.8  0.974164     9s
  426  5.50    60  4.00   500    70  170.0 -0.4109   7.1  126.7  267.7  47.2  11.8  0.974215     8s
  427  5.50    60  4.00   600    30  170.0 -0.4109  16.7  152.1  337.4  56.7  14.2  0.982799     6s
  428  5.50    60  4.00   600    50  170.0 -0.4109  10.0  152.1  324.1  56.7  14.2  0.982935     5s
  429  5.50    60  4.00   600    70  170.0 -0.4109   7.1  152.1  318.4  56.7  14.2  0.982984     4s
  430  5.50    60  4.00   800    30  170.0 -0.4109  16.7  202.7  438.8  75.6  18.9  0.989346     3s
  431  5.50    60  4.00   800    50  170.0 -0.4109  10.0  202.7  425.5  75.6  18.9  0.989477     1s
  432  5.50    60  4.00   800    70  170.0 -0.4109   7.1  202.7  419.8  75.6  18.9  0.989522     0s

Wrote brute_force_results.csv (432 rows).

==========================================================================================
Cells with F_bar > 0.99:  221 / 432
==========================================================================================
rank     a    Op     r     D    Oc     F_bar      F_11  robust   Ttot    M2
------------------------------------------------------------------------------------------
   1  4.00    60  4.00   500    70  0.994161  0.988333    1.00  267.7  30.7
   2  4.00    60  4.00   400    70  0.994111  0.990620    1.00  217.0  24.6
   3  4.00    60  4.00   400    50  0.993936  0.989985    1.00  222.7  24.6
   4  4.00    60  4.00   500    50  0.993744  0.986731    1.00  273.4  30.7
   5  4.50    60  4.00   600    70  0.993736  0.989512    1.00  318.4  25.9
   6  4.50    60  4.00   600    50  0.993662  0.989282    1.00  324.1  25.9
   7  4.50    60  3.50   600    70  0.993600  0.988609    1.00  318.4  29.6
   8  4.50    60  3.50   600    50  0.993526  0.988382    1.00  324.1  29.6
   9  4.00    60  4.00   600    70  0.993473  0.985588    1.00  318.4  36.8
  10  4.50    60  3.50   500    70  0.993448  0.989916    1.00  267.7  24.6
  11  4.50    60  4.00   600    30  0.993439  0.988542    1.00  337.4  25.9
  12  4.50    60  3.50   500    50  0.993347  0.989575    1.00  273.4  24.6
  13  4.50    60  4.00   800    70  0.993247  0.986606    1.00  419.8  34.5
  14  4.50    60  4.00   800    50  0.993183  0.986413    1.00  425.5  34.5
  15  4.50    50  4.00   500    70  0.993150  0.987098    1.00  379.2  31.0
  16  4.50    60  3.50   500    30  0.993026  0.988446    1.00  286.8  24.6
  17  4.00    60  3.50   500    70  0.993026  0.987310    1.00  267.7  35.1
  18  5.00    60  3.00   600    70  0.992974  0.988640    1.00  318.4  25.1
  19  4.00    50  4.00   400    70  0.992968  0.985235    1.00  306.2  35.4
  20  5.00    60  3.50   800    70  0.992927  0.986784    1.00  419.8  28.7
  21  5.00    60  3.00   600    50  0.992902  0.988419    1.00  324.1  25.1
  22  4.00    60  3.50   400    70  0.992894  0.989514    1.00  217.0  28.1
  23  5.00    60  3.50   800    50  0.992868  0.986611    1.00  425.5  28.7
  24  4.00    60  4.00   600    50  0.992740  0.982721    1.00  324.1  36.8
  25  4.00    60  3.50   400    50  0.992719  0.988874    1.00  222.7  28.1
  26  5.00    60  3.50   800    30  0.992696  0.986068    1.00  438.8  28.7
  27  5.00    60  3.00   600    30  0.992686  0.987701    1.00  337.4  25.1
  28  4.50    50  3.50   400    70  0.992595  0.987962    1.00  306.2  28.4
  29  4.50    60  3.00   600    70  0.992571  0.987525    1.00  318.4  34.5
  30  5.00    60  3.00   500    70  0.992545  0.990040    1.00  267.7  21.0

Wrote brute_force_robust.csv (221 rows).

==========================================================================================
MOST ROBUST cell (highest fraction of >0.99 neighbors):
   a_um                   = 4.000000
   omega_p_MHz            = 60.000000
   ratio                  = 4.000000
   delta_MHz              = 500.000000
   omega_c_MHz            = 70.000000
   omega_R_MHz            = 240.000000
   V_ct_MHz               = 441.941738
   V_DD_MHz               = 2.214355
   V_cc_MHz               = -2.777100
   R_DD                   = 199.580304
   R_AA                   = 159.137878
   T_c_ns                 = 7.142857
   T_f_ns                 = 126.710290
   sigma_ns               = 0.508599
   t_total_ns             = 267.706295
   M1                     = 122.761594
   M2                     = 30.690398
   F_bar                  = 0.994161
   F_00                   = 0.999428
   F_01                   = 0.994442
   F_10                   = 0.994442
   F_11                   = 0.988333
   n_neighbors_total      = 6
   n_neighbors_pass       = 6
   robust_score           = 1.000000
   pass                   = 1

FASTEST cell with F_bar > 0.99:
   a_um                   = 4.000000
   omega_p_MHz            = 60.000000
   ratio                  = 4.000000
   delta_MHz              = 400.000000
   omega_c_MHz            = 70.000000
   omega_R_MHz            = 240.000000
   V_ct_MHz               = 441.941738
   V_DD_MHz               = 2.214355
   V_cc_MHz               = -2.777100
   R_DD                   = 199.580304
   R_AA                   = 159.137878
   T_c_ns                 = 7.142857
   T_f_ns                 = 101.368232
   sigma_ns               = 0.260403
   t_total_ns             = 217.022179
   M1                     = 98.209275
   M2                     = 24.552319
   F_bar                  = 0.994111
   F_00                   = 0.998682
   F_01                   = 0.993572
   F_10                   = 0.993572
   F_11                   = 0.990620
   n_neighbors_total      = 5
   n_neighbors_pass       = 5
   robust_score           = 1.000000
   pass                   = 1

HIGHEST F_bar cell:
   a_um                   = 4.000000
   omega_p_MHz            = 60.000000
   ratio                  = 4.000000
   delta_MHz              = 500.000000
   omega_c_MHz            = 70.000000
   omega_R_MHz            = 240.000000
   V_ct_MHz               = 441.941738
   V_DD_MHz               = 2.214355
   V_cc_MHz               = -2.777100
   R_DD                   = 199.580304
   R_AA                   = 159.137878
   T_c_ns                 = 7.142857
   T_f_ns                 = 126.710290
   sigma_ns               = 0.508599
   t_total_ns             = 267.706295
   M1                     = 122.761594
   M2                     = 30.690398
   F_bar                  = 0.994161
   F_00                   = 0.999428
   F_01                   = 0.994442
   F_10                   = 0.994442
   F_11                   = 0.988333
   n_neighbors_total      = 6
   n_neighbors_pass       = 6
   robust_score           = 1.000000
   pass                   = 1

Total wall time: 548.9 s (9.1 min)  over 432 cells.
