================================================================================
Brute-force OR sweep, K = 1 variant
================================================================================
Fixed:   K = 1.0,  alpha = 4.0
Pulse area:  area = K * pi/4 = 0.785398  (canonical paper value)
Total cells: 432

    #     a    Op     r     D    Oc    Vct    Tc     Tf   Ttot    M2     F_bar   eta
-----------------------------------------------------------------------------------------------
/Users/wanda/QSTC_PROJECT/TriQG/.venv/lib/python3.12/site-packages/qutip/core/data/expm.py:146: LinAlgWarning: Matrix is singular. The result might be inaccurate or the array might not have a square root.
  return Dense(scipy.linalg.sqrtm(matrix.as_ndarray()))
    1  4.00    40  3.00   400    30  441.9  16.7  240.1  513.5  73.7  0.988754   627s
    2  4.00    40  3.00   400    50  441.9  10.0  240.1  500.2  73.7  0.989812   666s
    3  4.00    40  3.00   400    70  441.9   7.1  240.1  494.5  73.7  0.990127   671s
    4  4.00    40  3.00   500    30  441.9  16.7  300.1  633.5  92.1  0.987008   583s
    5  4.00    40  3.00   500    50  441.9  10.0  300.1  620.2  92.1  0.988257   660s
    6  4.00    40  3.00   500    70  441.9   7.1  300.1  614.5  92.1  0.988601   679s
    7  4.00    40  3.00   600    30  441.9  16.7  360.1  753.6 110.5  0.982472   658s
    8  4.00    40  3.00   600    50  441.9  10.0  360.1  740.2 110.5  0.985614   630s
    9  4.00    40  3.00   600    70  441.9   7.1  360.1  734.5 110.5  0.986497   651s
   10  4.00    40  3.00   800    30  441.9  16.7  480.2  993.7 147.3  0.982461   791s
   11  4.00    40  3.00   800    50  441.9  10.0  480.2  980.3 147.3  0.983704   852s
   12  4.00    40  3.00   800    70  441.9   7.1  480.2  974.6 147.3  0.984046   830s
   13  4.00    40  3.50   400    30  441.9  16.7  240.1  513.5  63.1  0.989209   808s
   14  4.00    40  3.50   400    50  441.9  10.0  240.1  500.2  63.1  0.990270   776s
   15  4.00    40  3.50   400    70  441.9   7.1  240.1  494.5  63.1  0.990586   765s
   16  4.00    40  3.50   500    30  441.9  16.7  300.1  633.5  78.9  0.987919   763s
   17  4.00    40  3.50   500    50  441.9  10.0  300.1  620.2  78.9  0.989170   772s
   18  4.00    40  3.50   500    70  441.9   7.1  300.1  614.5  78.9  0.989514   779s
   19  4.00    40  3.50   600    30  441.9  16.7  360.1  753.6  94.7  0.983671   757s
   20  4.00    40  3.50   600    50  441.9  10.0  360.1  740.2  94.7  0.986809   761s
   21  4.00    40  3.50   600    70  441.9   7.1  360.1  734.5  94.7  0.987692   769s
   22  4.00    40  3.50   800    30  441.9  16.7  480.2  993.7 126.3  0.983956   786s
   23  4.00    40  3.50   800    50  441.9  10.0  480.2  980.3 126.3  0.985202   813s
   24  4.00    40  3.50   800    70  441.9   7.1  480.2  974.6 126.3  0.985545   803s
   25  4.00    40  4.00   400    30  441.9  16.7  240.1  513.5  55.2  0.988609   785s
   26  4.00    40  4.00   400    50  441.9  10.0  240.1  500.2  55.2  0.989674   770s
   27  4.00    40  4.00   400    70  441.9   7.1  240.1  494.5  55.2  0.989992   763s
   28  4.00    40  4.00   500    30  441.9  16.7  300.1  633.5  69.1  0.987656   746s
   29  4.00    40  4.00   500    50  441.9  10.0  300.1  620.2  69.1  0.988901   750s
   30  4.00    40  4.00   500    70  441.9   7.1  300.1  614.5  69.1  0.989244   743s
   31  4.00    40  4.00   600    30  441.9  16.7  360.1  753.6  82.9  0.983608   749s
   32  4.00    40  4.00   600    50  441.9  10.0  360.1  740.2  82.9  0.986747   737s
   33  4.00    40  4.00   600    70  441.9   7.1  360.1  734.5  82.9  0.987630   725s
   34  4.00    40  4.00   800    30  441.9  16.7  480.2  993.7 110.5  0.984126   734s
   35  4.00    40  4.00   800    50  441.9  10.0  480.2  980.3 110.5  0.985371   752s
   36  4.00    40  4.00   800    70  441.9   7.1  480.2  974.6 110.5  0.985713   770s
   37  4.00    50  3.00   400    30  441.9  16.7  153.7  340.6  47.1  0.988373   758s
   38  4.00    50  3.00   400    50  441.9  10.0  153.7  327.3  47.1  0.991094   743s
   39  4.00    50  3.00   400    70  441.9   7.1  153.7  321.6  47.1  0.991846   732s
   40  4.00    50  3.00   500    30  441.9  16.7  192.1  417.5  58.9  0.987056   725s
   41  4.00    50  3.00   500    50  441.9  10.0  192.1  404.1  58.9  0.990068   711s
   42  4.00    50  3.00   500    70  441.9   7.1  192.1  398.4  58.9  0.990918   700s
   43  4.00    50  3.00   600    30  441.9  16.7  230.5  494.3  70.7  0.988496   693s
   44  4.00    50  3.00   600    50  441.9  10.0  230.5  481.0  70.7  0.989961   691s
   45  4.00    50  3.00   600    70  441.9   7.1  230.5  475.2  70.7  0.990391   689s
   46  4.00    50  3.00   800    30  441.9  16.7  307.3  647.9  94.3  0.986465   681s
   47  4.00    50  3.00   800    50  441.9  10.0  307.3  634.6  94.3  0.988036   679s
   48  4.00    50  3.00   800    70  441.9   7.1  307.3  628.9  94.3  0.988465   687s
   49  4.00    50  3.50   400    30  441.9  16.7  153.7  340.6  40.4  0.987848   680s
   50  4.00    50  3.50   400    50  441.9  10.0  153.7  327.3  40.4  0.990566   669s
   51  4.00    50  3.50   400    70  441.9   7.1  153.7  321.6  40.4  0.991313   660s
   52  4.00    50  3.50   500    30  441.9  16.7  192.1  417.5  50.5  0.987237   653s
   53  4.00    50  3.50   500    50  441.9  10.0  192.1  404.1  50.5  0.990244   645s
   54  4.00    50  3.50   500    70  441.9   7.1  192.1  398.4  50.5  0.991097   641s
   55  4.00    50  3.50   600    30  441.9  16.7  230.5  494.3  60.6  0.989136   640s
   56  4.00    50  3.50   600    50  441.9  10.0  230.5  481.0  60.6  0.990603   635s
   57  4.00    50  3.50   600    70  441.9   7.1  230.5  475.2  60.6  0.991035   633s
   58  4.00    50  3.50   800    30  441.9  16.7  307.3  647.9  80.8  0.987628   628s
   59  4.00    50  3.50   800    50  441.9  10.0  307.3  634.6  80.8  0.989196   625s
   60  4.00    50  3.50   800    70  441.9   7.1  307.3  628.9  80.8  0.989628   635s
   61  4.00    50  4.00   400    30  441.9  16.7  153.7  340.6  35.4  0.986235   629s
   62  4.00    50  4.00   400    50  441.9  10.0  153.7  327.3  35.4  0.988941   621s
   63  4.00    50  4.00   400    70  441.9   7.1  153.7  321.6  35.4  0.989686   614s
   64  4.00    50  4.00   500    30  441.9  16.7  192.1  417.5  44.2  0.986198   611s
   65  4.00    50  4.00   500    50  441.9  10.0  192.1  404.1  44.2  0.989208   603s
   66  4.00    50  4.00   500    70  441.9   7.1  192.1  398.4  44.2  0.990060   599s
   67  4.00    50  4.00   600    30  441.9  16.7  230.5  494.3  53.0  0.988493   599s
   68  4.00    50  4.00   600    50  441.9  10.0  230.5  481.0  53.0  0.989966   595s
   69  4.00    50  4.00   600    70  441.9   7.1  230.5  475.2  53.0  0.990399   591s
   70  4.00    50  4.00   800    30  441.9  16.7  307.3  647.9  70.7  0.987459   586s
   71  4.00    50  4.00   800    50  441.9  10.0  307.3  634.6  70.7  0.989024   586s
   72  4.00    50  4.00   800    70  441.9   7.1  307.3  628.9  70.7  0.989455   594s
   73  4.00    60  3.00   400    30  441.9  16.7  106.7  246.7  32.7  0.991828   587s
   74  4.00    60  3.00   400    50  441.9  10.0  106.7  233.4  32.7  0.992585   580s
   75  4.00    60  3.00   400    70  441.9   7.1  106.7  227.7  32.7  0.992795   572s
   76  4.00    60  3.00   500    30  441.9  16.7  133.4  300.1  40.9  0.990154   567s
   77  4.00    60  3.00   500    50  441.9  10.0  133.4  286.8  40.9  0.992005   561s
   78  4.00    60  3.00   500    70  441.9   7.1  133.4  281.0  40.9  0.992517   555s
   79  4.00    60  3.00   600    30  441.9  16.7  160.1  353.4  49.1  0.987971   550s
   80  4.00    60  3.00   600    50  441.9  10.0  160.1  340.1  49.1  0.990894   545s
   81  4.00    60  3.00   600    70  441.9   7.1  160.1  334.4  49.1  0.991705   540s
   82  4.00    60  3.00   800    30  441.9  16.7  213.4  460.1  65.5  0.987691   536s
   83  4.00    60  3.00   800    50  441.9  10.0  213.4  446.8  65.5  0.989947   534s
   84  4.00    60  3.00   800    70  441.9   7.1  213.4  441.1  65.5  0.990597   534s
   85  4.00    60  3.50   400    30  441.9  16.7  106.7  246.7  28.1  0.989883   529s
   86  4.00    60  3.50   400    50  441.9  10.0  106.7  233.4  28.1  0.990634   523s
   87  4.00    60  3.50   400    70  441.9   7.1  106.7  227.7  28.1  0.990845   517s
   88  4.00    60  3.50   500    30  441.9  16.7  133.4  300.1  35.1  0.989274   513s
   89  4.00    60  3.50   500    50  441.9  10.0  133.4  286.8  35.1  0.991113   509s
   90  4.00    60  3.50   500    70  441.9   7.1  133.4  281.0  35.1  0.991620   504s
   91  4.00    60  3.50   600    30  441.9  16.7  160.1  353.4  42.1  0.987813   499s
   92  4.00    60  3.50   600    50  441.9  10.0  160.1  340.1  42.1  0.990728   495s
   93  4.00    60  3.50   600    70  441.9   7.1  160.1  334.4  42.1  0.991537   492s
   94  4.00    60  3.50   800    30  441.9  16.7  213.4  460.1  56.1  0.988352   490s
   95  4.00    60  3.50   800    50  441.9  10.0  213.4  446.8  56.1  0.990611   489s
   96  4.00    60  3.50   800    70  441.9   7.1  213.4  441.1  56.1  0.991261   489s
   97  4.00    60  4.00   400    30  441.9  16.7  106.7  246.7  24.6  0.986475   484s
   98  4.00    60  4.00   400    50  441.9  10.0  106.7  233.4  24.6  0.987216   480s
   99  4.00    60  4.00   400    70  441.9   7.1  106.7  227.7  24.6  0.987425   475s
  100  4.00    60  4.00   500    30  441.9  16.7  133.4  300.1  30.7  0.986964   471s
  101  4.00    60  4.00   500    50  441.9  10.0  133.4  286.8  30.7  0.988788   468s
  102  4.00    60  4.00   500    70  441.9   7.1  133.4  281.0  30.7  0.989288   465s
  103  4.00    60  4.00   600    30  441.9  16.7  160.1  353.4  36.8  0.986228   461s
  104  4.00    60  4.00   600    50  441.9  10.0  160.1  340.1  36.8  0.989132   458s
  105  4.00    60  4.00   600    70  441.9   7.1  160.1  334.4  36.8  0.989939   456s
  106  4.00    60  4.00   800    30  441.9  16.7  213.4  460.1  49.1  0.987588   458s
  107  4.00    60  4.00   800    50  441.9  10.0  213.4  446.8  49.1  0.989853   456s
  108  4.00    60  4.00   800    70  441.9   7.1  213.4  441.1  49.1  0.990505   457s
  109  4.50    40  3.00   400    30  310.4  16.7  240.1  513.5  51.7  0.989429   455s
  110  4.50    40  3.00   400    50  310.4  10.0  240.1  500.2  51.7  0.989755   453s
  111  4.50    40  3.00   400    70  310.4   7.1  240.1  494.5  51.7  0.989855   449s
  112  4.50    40  3.00   500    30  310.4  16.7  300.1  633.5  64.7  0.987571   449s
  113  4.50    40  3.00   500    50  310.4  10.0  300.1  620.2  64.7  0.988222   449s
  114  4.50    40  3.00   500    70  310.4   7.1  300.1  614.5  64.7  0.988411   448s
  115  4.50    40  3.00   600    30  310.4  16.7  360.1  753.6  77.6  0.985864   446s
  116  4.50    40  3.00   600    50  310.4  10.0  360.1  740.2  77.6  0.986689   446s
  117  4.50    40  3.00   600    70  310.4   7.1  360.1  734.5  77.6  0.986928   444s
  118  4.50    40  3.00   800    30  310.4  16.7  480.2  993.7 103.5  0.983666   449s
  119  4.50    40  3.00   800    50  310.4  10.0  480.2  980.3 103.5  0.984023   453s
  120  4.50    40  3.00   800    70  310.4   7.1  480.2  974.6 103.5  0.984134   459s
  121  4.50    40  3.50   400    30  310.4  16.7  240.1  513.5  44.3  0.989384   456s
  122  4.50    40  3.50   400    50  310.4  10.0  240.1  500.2  44.3  0.989709   453s
  123  4.50    40  3.50   400    70  310.4   7.1  240.1  494.5  44.3  0.989809   451s
  124  4.50    40  3.50   500    30  310.4  16.7  300.1  633.5  55.4  0.988161   450s
  125  4.50    40  3.50   500    50  310.4  10.0  300.1  620.2  55.4  0.988811   448s
  126  4.50    40  3.50   500    70  310.4   7.1  300.1  614.5  55.4  0.989000   447s
  127  4.50    40  3.50   600    30  310.4  16.7  360.1  753.6  66.5  0.986831   447s
  128  4.50    40  3.50   600    50  310.4  10.0  360.1  740.2  66.5  0.987657   446s
  129  4.50    40  3.50   600    70  310.4   7.1  360.1  734.5  66.5  0.987897   445s
  130  4.50    40  3.50   800    30  310.4  16.7  480.2  993.7  88.7  0.985038   446s
  131  4.50    40  3.50   800    50  310.4  10.0  480.2  980.3  88.7  0.985394   449s
  132  4.50    40  3.50   800    70  310.4   7.1  480.2  974.6  88.7  0.985507   449s
  133  4.50    40  4.00   400    30  310.4  16.7  240.1  513.5  38.8  0.987973   446s
  134  4.50    40  4.00   400    50  310.4  10.0  240.1  500.2  38.8  0.988297   444s
  135  4.50    40  4.00   400    70  310.4   7.1  240.1  494.5  38.8  0.988397   442s
  136  4.50    40  4.00   500    30  310.4  16.7  300.1  633.5  48.5  0.987373   439s
  137  4.50    40  4.00   500    50  310.4  10.0  300.1  620.2  48.5  0.988019   437s
  138  4.50    40  4.00   500    70  310.4   7.1  300.1  614.5  48.5  0.988209   434s
  139  4.50    40  4.00   600    30  310.4  16.7  360.1  753.6  58.2  0.986410   433s
  140  4.50    40  4.00   600    50  310.4  10.0  360.1  740.2  58.2  0.987235   431s
  141  4.50    40  4.00   600    70  310.4   7.1  360.1  734.5  58.2  0.987474   430s
  142  4.50    40  4.00   800    30  310.4  16.7  480.2  993.7  77.6  0.985006   431s
  143  4.50    40  4.00   800    50  310.4  10.0  480.2  980.3  77.6  0.985363   433s
  144  4.50    40  4.00   800    70  310.4   7.1  480.2  974.6  77.6  0.985475   432s
  145  4.50    50  3.00   400    30  310.4  16.7  153.7  340.6  33.1  0.991016   428s
  146  4.50    50  3.00   400    50  310.4  10.0  153.7  327.3  33.1  0.991231   425s
  147  4.50    50  3.00   400    70  310.4   7.1  153.7  321.6  33.1  0.991303   422s
  148  4.50    50  3.00   500    30  310.4  16.7  192.1  417.5  41.4  0.990678   419s
  149  4.50    50  3.00   500    50  310.4  10.0  192.1  404.1  41.4  0.990857   415s
  150  4.50    50  3.00   500    70  310.4   7.1  192.1  398.4  41.4  0.990918   413s
  151  4.50    50  3.00   600    30  310.4  16.7  230.5  494.3  49.7  0.989799   411s
  152  4.50    50  3.00   600    50  310.4  10.0  230.5  481.0  49.7  0.990082   408s
  153  4.50    50  3.00   600    70  310.4   7.1  230.5  475.2  49.7  0.990171   407s
  154  4.50    50  3.00   800    30  310.4  16.7  307.3  647.9  66.2  0.987470   405s
  155  4.50    50  3.00   800    50  310.4  10.0  307.3  634.6  66.2  0.988155   403s
  156  4.50    50  3.00   800    70  310.4   7.1  307.3  628.9  66.2  0.988355   404s
  157  4.50    50  3.50   400    30  310.4  16.7  153.7  340.6  28.4  0.989191   402s
  158  4.50    50  3.50   400    50  310.4  10.0  153.7  327.3  28.4  0.989409   399s
  159  4.50    50  3.50   400    70  310.4   7.1  153.7  321.6  28.4  0.989481   395s
  160  4.50    50  3.50   500    30  310.4  16.7  192.1  417.5  35.5  0.990034   393s
  161  4.50    50  3.50   500    50  310.4  10.0  192.1  404.1  35.5  0.990213   391s
  162  4.50    50  3.50   500    70  310.4   7.1  192.1  398.4  35.5  0.990274   389s
  163  4.50    50  3.50   600    30  310.4  16.7  230.5  494.3  42.6  0.989874   387s
  164  4.50    50  3.50   600    50  310.4  10.0  230.5  481.0  42.6  0.990157   385s
  165  4.50    50  3.50   600    70  310.4   7.1  230.5  475.2  42.6  0.990245   383s
  166  4.50    50  3.50   800    30  310.4  16.7  307.3  647.9  56.8  0.988316   381s
  167  4.50    50  3.50   800    50  310.4  10.0  307.3  634.6  56.8  0.989001   379s
  168  4.50    50  3.50   800    70  310.4   7.1  307.3  628.9  56.8  0.989199   380s
  169  4.50    50  4.00   400    30  310.4  16.7  153.7  340.6  24.8  0.985422   377s
  170  4.50    50  4.00   400    50  310.4  10.0  153.7  327.3  24.8  0.985641   374s
  171  4.50    50  4.00   400    70  310.4   7.1  153.7  321.6  24.8  0.985715   372s
  172  4.50    50  4.00   500    30  310.4  16.7  192.1  417.5  31.0  0.987652   370s
  173  4.50    50  4.00   500    50  310.4  10.0  192.1  404.1  31.0  0.987832   367s
  174  4.50    50  4.00   500    70  310.4   7.1  192.1  398.4  31.0  0.987893   365s
  175  4.50    50  4.00   600    30  310.4  16.7  230.5  494.3  37.2  0.988322   364s
  176  4.50    50  4.00   600    50  310.4  10.0  230.5  481.0  37.2  0.988603   362s
  177  4.50    50  4.00   600    70  310.4   7.1  230.5  475.2  37.2  0.988691   359s
  178  4.50    50  4.00   800    30  310.4  16.7  307.3  647.9  49.7  0.987636   358s
  179  4.50    50  4.00   800    50  310.4  10.0  307.3  634.6  49.7  0.988319   356s
  180  4.50    50  4.00   800    70  310.4   7.1  307.3  628.9  49.7  0.988517   357s
  181  4.50    60  3.00   400    30  310.4  16.7  106.7  246.7  23.0  0.989707   355s
  182  4.50    60  3.00   400    50  310.4  10.0  106.7  233.4  23.0  0.990128   352s
  183  4.50    60  3.00   400    70  310.4   7.1  106.7  227.7  23.0  0.990258   349s
  184  4.50    60  3.00   500    30  310.4  16.7  133.4  300.1  28.7  0.990808   347s
  185  4.50    60  3.00   500    50  310.4  10.0  133.4  286.8  28.7  0.991095   345s
  186  4.50    60  3.00   500    70  310.4   7.1  133.4  281.0  28.7  0.991191   342s
  187  4.50    60  3.00   600    30  310.4  16.7  160.1  353.4  34.5  0.990970   340s
  188  4.50    60  3.00   600    50  310.4  10.0  160.1  340.1  34.5  0.991167   338s
  189  4.50    60  3.00   600    70  310.4   7.1  160.1  334.4  34.5  0.991234   335s
  190  4.50    60  3.00   800    30  310.4  16.7  213.4  460.1  46.0  0.990205   335s
  191  4.50    60  3.00   800    50  310.4  10.0  213.4  446.8  46.0  0.990427   333s
  192  4.50    60  3.00   800    70  310.4   7.1  213.4  441.1  46.0  0.990498   332s
  193  4.50    60  3.50   400    30  310.4  16.7  106.7  246.7  19.7  0.984944   330s
  194  4.50    60  3.50   400    50  310.4  10.0  106.7  233.4  19.7  0.985372   327s
  195  4.50    60  3.50   400    70  310.4   7.1  106.7  227.7  19.7  0.985506   325s
  196  4.50    60  3.50   500    30  310.4  16.7  133.4  300.1  24.6  0.988125   322s
  197  4.50    60  3.50   500    50  310.4  10.0  133.4  286.8  24.6  0.988416   320s
  198  4.50    60  3.50   500    70  310.4   7.1  133.4  281.0  24.6  0.988510   318s
  199  4.50    60  3.50   600    30  310.4  16.7  160.1  353.4  29.6  0.989568   316s
  200  4.50    60  3.50   600    50  310.4  10.0  160.1  340.1  29.6  0.989768   314s
  201  4.50    60  3.50   600    70  310.4   7.1  160.1  334.4  29.6  0.989835   312s
  202  4.50    60  3.50   800    30  310.4  16.7  213.4  460.1  39.4  0.990189   311s
  203  4.50    60  3.50   800    50  310.4  10.0  213.4  446.8  39.4  0.990411   309s
  204  4.50    60  3.50   800    70  310.4   7.1  213.4  441.1  39.4  0.990482   308s
  205  4.50    60  4.00   400    30  310.4  16.7  106.7  246.7  17.2  0.976752   306s
  206  4.50    60  4.00   400    50  310.4  10.0  106.7  233.4  17.2  0.977187   304s
  207  4.50    60  4.00   400    70  310.4   7.1  106.7  227.7  17.2  0.977319   301s
  208  4.50    60  4.00   500    30  310.4  16.7  133.4  300.1  21.6  0.982811   299s
  209  4.50    60  4.00   500    50  310.4  10.0  133.4  286.8  21.6  0.983106   297s
  210  4.50    60  4.00   500    70  310.4   7.1  133.4  281.0  21.6  0.983200   295s
  211  4.50    60  4.00   600    30  310.4  16.7  160.1  353.4  25.9  0.985944   293s
  212  4.50    60  4.00   600    50  310.4  10.0  160.1  340.1  25.9  0.986144   291s
  213  4.50    60  4.00   600    70  310.4   7.1  160.1  334.4  25.9  0.986212   289s
  214  4.50    60  4.00   800    30  310.4  16.7  213.4  460.1  34.5  0.988334   289s
  215  4.50    60  4.00   800    50  310.4  10.0  213.4  446.8  34.5  0.988554   288s
  216  4.50    60  4.00   800    70  310.4   7.1  213.4  441.1  34.5  0.988625   287s
  217  5.00    40  3.00   400    30  226.3  16.7  240.1  513.5  37.7  0.988759   285s
  218  5.00    40  3.00   400    50  226.3  10.0  240.1  500.2  37.7  0.988901   283s
  219  5.00    40  3.00   400    70  226.3   7.1  240.1  494.5  37.7  0.988952   281s
  220  5.00    40  3.00   500    30  226.3  16.7  300.1  633.5  47.1  0.987788   280s
  221  5.00    40  3.00   500    50  226.3  10.0  300.1  620.2  47.1  0.987897   279s
  222  5.00    40  3.00   500    70  226.3   7.1  300.1  614.5  47.1  0.987939   277s
  223  5.00    40  3.00   600    30  226.3  16.7  360.1  753.6  56.6  0.986557   276s
  224  5.00    40  3.00   600    50  226.3  10.0  360.1  740.2  56.6  0.986657   275s
  225  5.00    40  3.00   600    70  226.3   7.1  360.1  734.5  56.6  0.986696   275s
  226  5.00    40  3.00   800    30  226.3  16.7  480.2  993.7  75.4  0.983722   276s
  227  5.00    40  3.00   800    50  226.3  10.0  480.2  980.3  75.4  0.983886   277s
  228  5.00    40  3.00   800    70  226.3   7.1  480.2  974.6  75.4  0.983943   276s
  229  5.00    40  3.50   400    30  226.3  16.7  240.1  513.5  32.3  0.987775   274s
  230  5.00    40  3.50   400    50  226.3  10.0  240.1  500.2  32.3  0.987919   273s
  231  5.00    40  3.50   400    70  226.3   7.1  240.1  494.5  32.3  0.987969   271s
  232  5.00    40  3.50   500    30  226.3  16.7  300.1  633.5  40.4  0.987781   269s
  233  5.00    40  3.50   500    50  226.3  10.0  300.1  620.2  40.4  0.987892   268s
  234  5.00    40  3.50   500    70  226.3   7.1  300.1  614.5  40.4  0.987933   267s
  235  5.00    40  3.50   600    30  226.3  16.7  360.1  753.6  48.5  0.987115   266s
  236  5.00    40  3.50   600    50  226.3  10.0  360.1  740.2  48.5  0.987215   265s
  237  5.00    40  3.50   600    70  226.3   7.1  360.1  734.5  48.5  0.987255   264s
  238  5.00    40  3.50   800    30  226.3  16.7  480.2  993.7  64.6  0.984866   265s
  239  5.00    40  3.50   800    50  226.3  10.0  480.2  980.3  64.6  0.985030   265s
  240  5.00    40  3.50   800    70  226.3   7.1  480.2  974.6  64.6  0.985087   264s
  241  5.00    40  4.00   400    30  226.3  16.7  240.1  513.5  28.3  0.984827   262s
  242  5.00    40  4.00   400    50  226.3  10.0  240.1  500.2  28.3  0.984971   260s
  243  5.00    40  4.00   400    70  226.3   7.1  240.1  494.5  28.3  0.985021   258s
  244  5.00    40  4.00   500    30  226.3  16.7  300.1  633.5  35.4  0.986027   256s
  245  5.00    40  4.00   500    50  226.3  10.0  300.1  620.2  35.4  0.986137   255s
  246  5.00    40  4.00   500    70  226.3   7.1  300.1  614.5  35.4  0.986178   254s
  247  5.00    40  4.00   600    30  226.3  16.7  360.1  753.6  42.4  0.986033   253s
  248  5.00    40  4.00   600    50  226.3  10.0  360.1  740.2  42.4  0.986135   253s
  249  5.00    40  4.00   600    70  226.3   7.1  360.1  734.5  42.4  0.986175   252s
  250  5.00    40  4.00   800    30  226.3  16.7  480.2  993.7  56.6  0.984475   252s
  251  5.00    40  4.00   800    50  226.3  10.0  480.2  980.3  56.6  0.984638   252s
  252  5.00    40  4.00   800    70  226.3   7.1  480.2  974.6  56.6  0.984695   251s
  253  5.00    50  3.00   400    30  226.3  16.7  153.7  340.6  24.1  0.988646   249s
  254  5.00    50  3.00   400    50  226.3  10.0  153.7  327.3  24.1  0.988862   247s
  255  5.00    50  3.00   400    70  226.3   7.1  153.7  321.6  24.1  0.988934   245s
  256  5.00    50  3.00   500    30  226.3  16.7  192.1  417.5  30.2  0.989123   243s
  257  5.00    50  3.00   500    50  226.3  10.0  192.1  404.1  30.2  0.989308   241s
  258  5.00    50  3.00   500    70  226.3   7.1  192.1  398.4  30.2  0.989365   239s
  259  5.00    50  3.00   600    30  226.3  16.7  230.5  494.3  36.2  0.988917   238s
  260  5.00    50  3.00   600    50  226.3  10.0  230.5  481.0  36.2  0.989063   236s
  261  5.00    50  3.00   600    70  226.3   7.1  230.5  475.2  36.2  0.989117   234s
  262  5.00    50  3.00   800    30  226.3  16.7  307.3  647.9  48.3  0.987751   233s
  263  5.00    50  3.00   800    50  226.3  10.0  307.3  634.6  48.3  0.987858   231s
  264  5.00    50  3.00   800    70  226.3   7.1  307.3  628.9  48.3  0.987898   230s
  265  5.00    50  3.50   400    30  226.3  16.7  153.7  340.6  20.7  0.984393   228s
  266  5.00    50  3.50   400    50  226.3  10.0  153.7  327.3  20.7  0.984608   226s
  267  5.00    50  3.50   400    70  226.3   7.1  153.7  321.6  20.7  0.984680   225s
  268  5.00    50  3.50   500    30  226.3  16.7  192.1  417.5  25.9  0.986947   223s
  269  5.00    50  3.50   500    50  226.3  10.0  192.1  404.1  25.9  0.987130   221s
  270  5.00    50  3.50   500    70  226.3   7.1  192.1  398.4  25.9  0.987190   219s
  271  5.00    50  3.50   600    30  226.3  16.7  230.5  494.3  31.0  0.987939   218s
  272  5.00    50  3.50   600    50  226.3  10.0  230.5  481.0  31.0  0.988089   217s
  273  5.00    50  3.50   600    70  226.3   7.1  230.5  475.2  31.0  0.988142   215s
  274  5.00    50  3.50   800    30  226.3  16.7  307.3  647.9  41.4  0.988016   215s
  275  5.00    50  3.50   800    50  226.3  10.0  307.3  634.6  41.4  0.988124   214s
  276  5.00    50  3.50   800    70  226.3   7.1  307.3  628.9  41.4  0.988165   213s
  277  5.00    50  4.00   400    30  226.3  16.7  153.7  340.6  18.1  0.976527   211s
  278  5.00    50  4.00   400    50  226.3  10.0  153.7  327.3  18.1  0.976745   209s
  279  5.00    50  4.00   400    70  226.3   7.1  153.7  321.6  18.1  0.976816   207s
  280  5.00    50  4.00   500    30  226.3  16.7  192.1  417.5  22.6  0.982028   206s
  281  5.00    50  4.00   500    50  226.3  10.0  192.1  404.1  22.6  0.982212   204s
  282  5.00    50  4.00   500    70  226.3   7.1  192.1  398.4  22.6  0.982273   203s
  283  5.00    50  4.00   600    30  226.3  16.7  230.5  494.3  27.2  0.984667   201s
  284  5.00    50  4.00   600    50  226.3  10.0  230.5  481.0  27.2  0.984818   200s
  285  5.00    50  4.00   600    70  226.3   7.1  230.5  475.2  27.2  0.984871   198s
  286  5.00    50  4.00   800    30  226.3  16.7  307.3  647.9  36.2  0.986404   197s
  287  5.00    50  4.00   800    50  226.3  10.0  307.3  634.6  36.2  0.986511   195s
  288  5.00    50  4.00   800    70  226.3   7.1  307.3  628.9  36.2  0.986552   195s
  289  5.00    60  3.00   400    30  226.3  16.7  106.7  246.7  16.8  0.984923   193s
  290  5.00    60  3.00   400    50  226.3  10.0  106.7  233.4  16.8  0.985176   191s
  291  5.00    60  3.00   400    70  226.3   7.1  106.7  227.7  16.8  0.985257   190s
  292  5.00    60  3.00   500    30  226.3  16.7  133.4  300.1  21.0  0.987600   188s
  293  5.00    60  3.00   500    50  226.3  10.0  133.4  286.8  21.0  0.987834   186s
  294  5.00    60  3.00   500    70  226.3   7.1  133.4  281.0  21.0  0.987912   185s
  295  5.00    60  3.00   600    30  226.3  16.7  160.1  353.4  25.1  0.988642   183s
  296  5.00    60  3.00   600    50  226.3  10.0  160.1  340.1  25.1  0.988854   181s
  297  5.00    60  3.00   600    70  226.3   7.1  160.1  334.4  25.1  0.988921   180s
  298  5.00    60  3.00   800    30  226.3  16.7  213.4  460.1  33.5  0.988984   179s
  299  5.00    60  3.00   800    50  226.3  10.0  213.4  446.8  33.5  0.989147   178s
  300  5.00    60  3.00   800    70  226.3   7.1  213.4  441.1  33.5  0.989203   176s
  301  5.00    60  3.50   400    30  226.3  16.7  106.7  246.7  14.4  0.974755   175s
  302  5.00    60  3.50   400    50  226.3  10.0  106.7  233.4  14.4  0.975007   173s
  303  5.00    60  3.50   400    70  226.3   7.1  106.7  227.7  14.4  0.975088   171s
  304  5.00    60  3.50   500    30  226.3  16.7  133.4  300.1  18.0  0.981541   170s
  305  5.00    60  3.50   500    50  226.3  10.0  133.4  286.8  18.0  0.981774   168s
  306  5.00    60  3.50   500    70  226.3   7.1  133.4  281.0  18.0  0.981849   166s
  307  5.00    60  3.50   600    30  226.3  16.7  160.1  353.4  21.5  0.984943   165s
  308  5.00    60  3.50   600    50  226.3  10.0  160.1  340.1  21.5  0.985153   163s
  309  5.00    60  3.50   600    70  226.3   7.1  160.1  334.4  21.5  0.985223   162s
  310  5.00    60  3.50   800    30  226.3  16.7  213.4  460.1  28.7  0.987713   160s
  311  5.00    60  3.50   800    50  226.3  10.0  213.4  446.8  28.7  0.987877   159s
  312  5.00    60  3.50   800    70  226.3   7.1  213.4  441.1  28.7  0.987933   158s
  313  5.00    60  4.00   400    30  226.3  16.7  106.7  246.7  12.6  0.957184   156s
  314  5.00    60  4.00   400    50  226.3  10.0  106.7  233.4  12.6  0.957437   155s
  315  5.00    60  4.00   400    70  226.3   7.1  106.7  227.7  12.6  0.957516   153s
  316  5.00    60  4.00   500    30  226.3  16.7  133.4  300.1  15.7  0.970487   152s
  317  5.00    60  4.00   500    50  226.3  10.0  133.4  286.8  15.7  0.970720   150s
  318  5.00    60  4.00   500    70  226.3   7.1  133.4  281.0  15.7  0.970796   148s
  319  5.00    60  4.00   600    30  226.3  16.7  160.1  353.4  18.9  0.977471   147s
  320  5.00    60  4.00   600    50  226.3  10.0  160.1  340.1  18.9  0.977683   145s
  321  5.00    60  4.00   600    70  226.3   7.1  160.1  334.4  18.9  0.977751   144s
  322  5.00    60  4.00   800    30  226.3  16.7  213.4  460.1  25.1  0.983799   143s
  323  5.00    60  4.00   800    50  226.3  10.0  213.4  446.8  25.1  0.983965   141s
  324  5.00    60  4.00   800    70  226.3   7.1  213.4  441.1  25.1  0.984021   140s
  325  5.50    40  3.00   400    30  170.0  16.7  240.1  513.5  28.3  0.987126   139s
  326  5.50    40  3.00   400    50  170.0  10.0  240.1  500.2  28.3  0.987250   137s
  327  5.50    40  3.00   400    70  170.0   7.1  240.1  494.5  28.3  0.987295   136s
  328  5.50    40  3.00   500    30  170.0  16.7  300.1  633.5  35.4  0.986705   134s
  329  5.50    40  3.00   500    50  170.0  10.0  300.1  620.2  35.4  0.986819   133s
  330  5.50    40  3.00   500    70  170.0   7.1  300.1  614.5  35.4  0.986862   132s
  331  5.50    40  3.00   600    30  170.0  16.7  360.1  753.6  42.5  0.985802   130s
  332  5.50    40  3.00   600    50  170.0  10.0  360.1  740.2  42.5  0.985905   129s
  333  5.50    40  3.00   600    70  170.0   7.1  360.1  734.5  42.5  0.985944   128s
  334  5.50    40  3.00   800    30  170.0  16.7  480.2  993.7  56.7  0.983416   127s
  335  5.50    40  3.00   800    50  170.0  10.0  480.2  980.3  56.7  0.983504   127s
  336  5.50    40  3.00   800    70  170.0   7.1  480.2  974.6  56.7  0.983540   126s
  337  5.50    40  3.50   400    30  170.0  16.7  240.1  513.5  24.3  0.984503   124s
  338  5.50    40  3.50   400    50  170.0  10.0  240.1  500.2  24.3  0.984628   123s
  339  5.50    40  3.50   400    70  170.0   7.1  240.1  494.5  24.3  0.984673   121s
  340  5.50    40  3.50   500    30  170.0  16.7  300.1  633.5  30.4  0.985671   120s
  341  5.50    40  3.50   500    50  170.0  10.0  300.1  620.2  30.4  0.985785   119s
  342  5.50    40  3.50   500    70  170.0   7.1  300.1  614.5  30.4  0.985828   117s
  343  5.50    40  3.50   600    30  170.0  16.7  360.1  753.6  36.4  0.985655   116s
  344  5.50    40  3.50   600    50  170.0  10.0  360.1  740.2  36.4  0.985760   115s
  345  5.50    40  3.50   600    70  170.0   7.1  360.1  734.5  36.4  0.985800   114s
  346  5.50    40  3.50   800    30  170.0  16.7  480.2  993.7  48.6  0.984172   113s
  347  5.50    40  3.50   800    50  170.0  10.0  480.2  980.3  48.6  0.984261   112s
  348  5.50    40  3.50   800    70  170.0   7.1  480.2  974.6  48.6  0.984299   111s
  349  5.50    40  4.00   400    30  170.0  16.7  240.1  513.5  21.3  0.978831   110s
  350  5.50    40  4.00   400    50  170.0  10.0  240.1  500.2  21.3  0.978955   108s
  351  5.50    40  4.00   400    70  170.0   7.1  240.1  494.5  21.3  0.979000   107s
  352  5.50    40  4.00   500    30  170.0  16.7  300.1  633.5  26.6  0.982234   106s
  353  5.50    40  4.00   500    50  170.0  10.0  300.1  620.2  26.6  0.982348   104s
  354  5.50    40  4.00   500    70  170.0   7.1  300.1  614.5  26.6  0.982393   103s
  355  5.50    40  4.00   600    30  170.0  16.7  360.1  753.6  31.9  0.983439   102s
  356  5.50    40  4.00   600    50  170.0  10.0  360.1  740.2  31.9  0.983542   101s
  357  5.50    40  4.00   600    70  170.0   7.1  360.1  734.5  31.9  0.983583    99s
  358  5.50    40  4.00   800    30  170.0  16.7  480.2  993.7  42.5  0.983163    99s
  359  5.50    40  4.00   800    50  170.0  10.0  480.2  980.3  42.5  0.983252    98s
  360  5.50    40  4.00   800    70  170.0   7.1  480.2  974.6  42.5  0.983288    97s
  361  5.50    50  3.00   400    30  170.0  16.7  153.7  340.6  18.1  0.984570    95s
  362  5.50    50  3.00   400    50  170.0  10.0  153.7  327.3  18.1  0.984706    94s
  363  5.50    50  3.00   400    70  170.0   7.1  153.7  321.6  18.1  0.984755    92s
  364  5.50    50  3.00   500    30  170.0  16.7  192.1  417.5  22.7  0.986496    91s
  365  5.50    50  3.00   500    50  170.0  10.0  192.1  404.1  22.7  0.986625    89s
  366  5.50    50  3.00   500    70  170.0   7.1  192.1  398.4  22.7  0.986674    88s
  367  5.50    50  3.00   600    30  170.0  16.7  230.5  494.3  27.2  0.987071    86s
  368  5.50    50  3.00   600    50  170.0  10.0  230.5  481.0  27.2  0.987196    85s
  369  5.50    50  3.00   600    70  170.0   7.1  230.5  475.2  27.2  0.987241    84s
  370  5.50    50  3.00   800    30  170.0  16.7  307.3  647.9  36.3  0.986684    82s
  371  5.50    50  3.00   800    50  170.0  10.0  307.3  634.6  36.3  0.986797    81s
  372  5.50    50  3.00   800    70  170.0   7.1  307.3  628.9  36.3  0.986839    80s
  373  5.50    50  3.50   400    30  170.0  16.7  153.7  340.6  15.5  0.975954    78s
  374  5.50    50  3.50   400    50  170.0  10.0  153.7  327.3  15.5  0.976091    77s
  375  5.50    50  3.50   400    70  170.0   7.1  153.7  321.6  15.5  0.976139    75s
  376  5.50    50  3.50   500    30  170.0  16.7  192.1  417.5  19.4  0.981616    74s
  377  5.50    50  3.50   500    50  170.0  10.0  192.1  404.1  19.4  0.981750    73s
  378  5.50    50  3.50   500    70  170.0   7.1  192.1  398.4  19.4  0.981795    71s
  379  5.50    50  3.50   600    30  170.0  16.7  230.5  494.3  23.3  0.984264    70s
  380  5.50    50  3.50   600    50  170.0  10.0  230.5  481.0  23.3  0.984389    68s
  381  5.50    50  3.50   600    70  170.0   7.1  230.5  475.2  23.3  0.984435    67s
  382  5.50    50  3.50   800    30  170.0  16.7  307.3  647.9  31.1  0.985956    66s
  383  5.50    50  3.50   800    50  170.0  10.0  307.3  634.6  31.1  0.986069    65s
  384  5.50    50  3.50   800    70  170.0   7.1  307.3  628.9  31.1  0.986111    63s
  385  5.50    50  4.00   400    30  170.0  16.7  153.7  340.6  13.6  0.960600    62s
  386  5.50    50  4.00   400    50  170.0  10.0  153.7  327.3  13.6  0.960732    61s
  387  5.50    50  4.00   400    70  170.0   7.1  153.7  321.6  13.6  0.960778    59s
  388  5.50    50  4.00   500    30  170.0  16.7  192.1  417.5  17.0  0.972141    58s
  389  5.50    50  4.00   500    50  170.0  10.0  192.1  404.1  17.0  0.972272    56s
  390  5.50    50  4.00   500    70  170.0   7.1  192.1  398.4  17.0  0.972318    55s
  391  5.50    50  4.00   600    30  170.0  16.7  230.5  494.3  20.4  0.977948    54s
  392  5.50    50  4.00   600    50  170.0  10.0  230.5  481.0  20.4  0.978074    52s
  393  5.50    50  4.00   600    70  170.0   7.1  230.5  475.2  20.4  0.978119    51s
  394  5.50    50  4.00   800    30  170.0  16.7  307.3  647.9  27.2  0.982722    50s
  395  5.50    50  4.00   800    50  170.0  10.0  307.3  634.6  27.2  0.982834    49s
  396  5.50    50  4.00   800    70  170.0   7.1  307.3  628.9  27.2  0.982876    47s
  397  5.50    60  3.00   400    30  170.0  16.7  106.7  246.7  12.6  0.976003    46s
  398  5.50    60  3.00   400    50  170.0  10.0  106.7  233.4  12.6  0.976142    45s
  399  5.50    60  3.00   400    70  170.0   7.1  106.7  227.7  12.6  0.976193    43s
  400  5.50    60  3.00   500    30  170.0  16.7  133.4  300.1  15.7  0.981916    42s
  401  5.50    60  3.00   500    50  170.0  10.0  133.4  286.8  15.7  0.982054    41s
  402  5.50    60  3.00   500    70  170.0   7.1  133.4  281.0  15.7  0.982106    39s
  403  5.50    60  3.00   600    30  170.0  16.7  160.1  353.4  18.9  0.984721    38s
  404  5.50    60  3.00   600    50  170.0  10.0  160.1  340.1  18.9  0.984856    37s
  405  5.50    60  3.00   600    70  170.0   7.1  160.1  334.4  18.9  0.984904    35s
  406  5.50    60  3.00   800    30  170.0  16.7  213.4  460.1  25.2  0.986786    34s
  407  5.50    60  3.00   800    50  170.0  10.0  213.4  446.8  25.2  0.986914    33s
  408  5.50    60  3.00   800    70  170.0   7.1  213.4  441.1  25.2  0.986960    31s
  409  5.50    60  3.50   400    30  170.0  16.7  106.7  246.7  10.8  0.955895    30s
  410  5.50    60  3.50   400    50  170.0  10.0  106.7  233.4  10.8  0.956030    29s
  411  5.50    60  3.50   400    70  170.0   7.1  106.7  227.7  10.8  0.956081    27s
  412  5.50    60  3.50   500    30  170.0  16.7  133.4  300.1  13.5  0.969754    26s
  413  5.50    60  3.50   500    50  170.0  10.0  133.4  286.8  13.5  0.969889    25s
  414  5.50    60  3.50   500    70  170.0   7.1  133.4  281.0  13.5  0.969938    23s
  415  5.50    60  3.50   600    30  170.0  16.7  160.1  353.4  16.2  0.976925    22s
  416  5.50    60  3.50   600    50  170.0  10.0  160.1  340.1  16.2  0.977058    21s
  417  5.50    60  3.50   600    70  170.0   7.1  160.1  334.4  16.2  0.977107    19s
  418  5.50    60  3.50   800    30  170.0  16.7  213.4  460.1  21.6  0.983321    18s
  419  5.50    60  3.50   800    50  170.0  10.0  213.4  446.8  21.6  0.983449    17s
  420  5.50    60  3.50   800    70  170.0   7.1  213.4  441.1  21.6  0.983495    16s
  421  5.50    60  4.00   400    30  170.0  16.7  106.7  246.7   9.4  0.920772    14s
  422  5.50    60  4.00   400    50  170.0  10.0  106.7  233.4   9.4  0.920904    13s
  423  5.50    60  4.00   400    70  170.0   7.1  106.7  227.7   9.4  0.920951    12s
  424  5.50    60  4.00   500    30  170.0  16.7  133.4  300.1  11.8  0.948115    10s
  425  5.50    60  4.00   500    50  170.0  10.0  133.4  286.8  11.8  0.948247     9s
  426  5.50    60  4.00   500    70  170.0   7.1  133.4  281.0  11.8  0.948296     8s
  427  5.50    60  4.00   600    30  170.0  16.7  160.1  353.4  14.2  0.962459     6s
  428  5.50    60  4.00   600    50  170.0  10.0  160.1  340.1  14.2  0.962590     5s
  429  5.50    60  4.00   600    70  170.0   7.1  160.1  334.4  14.2  0.962638     4s
  430  5.50    60  4.00   800    30  170.0  16.7  213.4  460.1  18.9  0.975750     3s
  431  5.50    60  4.00   800    50  170.0  10.0  213.4  446.8  18.9  0.975877     1s
  432  5.50    60  4.00   800    70  170.0   7.1  213.4  441.1  18.9  0.975923     0s

Wrote brute_force_results_K1.csv (432 rows).

==========================================================================================
K = 1:  cells with F_bar > 0.99:  61 / 432
==========================================================================================
rank     a    Op     r     D    Oc     F_bar      F_11  robust   Ttot    M2
------------------------------------------------------------------------------------------
   1  4.00    60  3.00   400    70  0.992795  0.990763    1.00  227.7  32.7
   2  4.00    60  3.00   400    50  0.992585  0.989976    1.00  233.4  32.7
   3  4.00    60  3.00   500    70  0.992517  0.988714    1.00  281.0  40.9
   4  4.00    60  3.00   500    50  0.992005  0.986743    1.00  286.8  40.9
   5  4.00    50  3.00   400    70  0.991846  0.986317    1.00  321.6  47.1
   6  4.00    60  3.00   600    70  0.991705  0.986425    1.00  334.4  49.1
   7  4.00    50  3.50   500    70  0.991097  0.984118    0.88  398.4  50.5
   8  4.00    50  3.00   500    70  0.990918  0.984377    0.86  398.4  58.9
   9  4.00    60  3.50   800    70  0.991261  0.984536    0.83  441.1  56.1
  10  4.50    50  3.00   500    50  0.990857  0.987215    0.78  404.1  41.4
  11  4.50    60  3.00   600    50  0.991167  0.988830    0.75  340.1  34.5
  12  4.50    60  3.00   500    50  0.991095  0.989447    0.75  286.8  28.7
  13  4.00    50  3.50   600    70  0.991035  0.984287    0.75  475.2  60.6
  14  4.50    50  3.00   500    70  0.990918  0.987393    0.75  398.4  41.4
  15  4.00    60  3.50   500    70  0.991620  0.988190    0.71  281.0  35.1
  16  4.00    60  3.50   600    70  0.991537  0.986041    0.71  334.4  42.1
  17  4.00    50  3.50   400    70  0.991313  0.985960    0.71  321.6  40.4
  18  4.50    60  3.00   600    70  0.991234  0.989035    0.71  334.4  34.5
  19  4.50    60  3.00   500    70  0.991191  0.989751    0.71  281.0  28.7
  20  4.00    50  3.00   400    50  0.991094  0.983370    0.71  327.3  47.1
  21  4.00    60  3.50   400    70  0.990845  0.990023    0.67  227.7  28.1
  22  4.50    60  3.00   800    70  0.990498  0.986962    0.67  441.1  46.0
  23  4.50    60  3.00   400    70  0.990258  0.990167    0.67  227.7  23.0
  24  4.00    50  3.50   500    50  0.990244  0.980766    0.67  404.1  50.5
  25  4.50    50  3.00   400    50  0.991231  0.988463    0.62  327.3  33.1
  26  4.00    60  3.50   500    50  0.991113  0.986229    0.62  286.8  35.1
  27  4.00    60  3.50   600    50  0.990728  0.982866    0.62  340.1  42.1
  28  4.00    50  3.50   400    50  0.990566  0.983021    0.62  327.3  40.4
  29  4.50    50  3.00   600    70  0.990171  0.985740    0.62  475.2  49.7
  30  4.00    50  3.00   500    50  0.990068  0.981039    0.62  404.1  58.9

Wrote brute_force_robust_K1.csv (61 rows).

Pareto front (low T_total, high F) for F > 0.99:
  Tg= 227.7ns  F=0.9928  a=4.00 Op=60 r=3.0 D=400 Oc=70  robust=1.00

==========================================================================================
BEST F_bar cell at K = 1:
   a_um                   = 4.000000
   omega_p_MHz            = 60.000000
   ratio                  = 3.000000
   delta_MHz              = 400.000000
   omega_c_MHz            = 70.000000
   omega_R_MHz            = 180.000000
   V_ct_MHz               = 441.941738
   V_DD_MHz               = 2.214355
   V_cc_MHz               = -2.777100
   R_DD                   = 199.580304
   R_AA                   = 159.137878
   T_c_ns                 = 7.142857
   T_f_ns                 = 106.703402
   sigma_ns               = 0.303721
   t_total_ns             = 227.692519
   M1                     = 98.209275
   M2                     = 32.736425
   F_bar                  = 0.992795
   F_00                   = 0.997657
   F_01                   = 0.991380
   F_10                   = 0.991380
   F_11                   = 0.990763
   n_neighbors_total      = 5
   n_neighbors_pass       = 5
   robust_score           = 1.000000
   pass                   = 1

Total wall time: 553.7 s (9.2 min).
