/Users/wanda/QSTC_PROJECT/TriQG/.venv/lib/python3.12/site-packages/qutip/core/data/expm.py:146: LinAlgWarning: Matrix is singular. The result might be inaccurate or the array might not have a square root.
  return Dense(scipy.linalg.sqrtm(matrix.as_ndarray()))
Effective two-photon pulse area: 0.746144  (target: K*pi/4 = 0.746128, K = 0.95)

Champion configuration (brute_force_or.py rank #1)
======================================================================
  a        = 4.00 um
  Omega_p  = 2 pi * 60 MHz
  Omega_R  = 2 pi * 240 MHz  (ratio = 4.0)
  Omega_c  = 2 pi * 70 MHz  -> T_c = 7.143 ns
  Delta    = 2 pi * 500 MHz
  K        = 0.95  (area = 0.95*pi/4)
  alpha    = 4.0  (smoothness)
  sigma    = 0.5086 ns
  T_f      = 126.710 ns
  Total    = 267.71 ns

  V_ct/(2pi) =  441.94 MHz   (Rb-Cs Foerster)
  V_cc/(2pi) = -2.7771 MHz   (Cs-Cs vdW at r_AA = 5.657 um)
  V_DD/(2pi) =  2.2144 MHz   (Rb-Rb vdW at r_DD = 4.000 um)
  R_DD = V_ct / V_DD       =  199.6
  R_AA = V_ct / |V_cc|     =  159.1

  Strong-blockade margins (M >> 1 = safe):
    M1 = V_ct / [Omega_p^2 / (2 Delta)]        =  122.8
    M2 = V_ct / [Omega_p Omega_R / (2 Delta)]  =   30.7

Input                 F_k    final populations on target: A     B     P     R
------------------------------------------------------------------------------
  |0,0,A>      0.999424    0.9994 0.0003 0.0000 0.0003
  |0,0,B>      0.999424    0.0003 0.9994 0.0000 0.0003
  |0,1,A>      0.994441    0.0022 0.9944 0.0000 0.0001
  |0,1,B>      0.994441    0.9944 0.0022 0.0000 0.0001
  |1,0,A>      0.994441    0.0022 0.9944 0.0000 0.0001
  |1,0,B>      0.994441    0.9944 0.0022 0.0000 0.0001
  |1,1,A>      0.988335    0.0033 0.9883 0.0000 0.0000
  |1,1,B>      0.988335    0.9883 0.0033 0.0000 0.0000

Average gate fidelity:  F_bar     = 0.994160
Gate infidelity:        1 - F_bar = 5.840e-03
