/Users/wanda/QSTC_PROJECT/TriQG/.venv/lib/python3.12/site-packages/qutip/core/data/expm.py:146: LinAlgWarning: Matrix is singular. The result might be inaccurate or the array might not have a square root.
  return Dense(scipy.linalg.sqrtm(matrix.as_ndarray()))
========================================================================================
K-resweep at five (a, Omega_p, ratio, Delta, Omega_c) cells
Testing the finite-blockade amplitude-rescaling prediction:
                   K_opt ~ 1 - 1 / M_2
========================================================================================
K grid: 0.88 -> 1.02  (15 points, step 0.010)
alpha = 4.0

----------------------------------------------------------------------------------------
Cell REV4_FINAL:  a = 5.00 um,  Omega_p = 50,  r = 3.5,  Delta = 500,  Omega_c = 50
          V_ct = 226.27 MHz   M_2 = 25.86   K_pred (1 - 1/M_2) = 0.9613
     K area/(pi/4)  sigma(ns)   T_f(ns)   2Tf(ns)  Ttot(ns)     F_bar      F00      F01      F11
 0.880     0.88002     1.2071   169.018   338.036   358.036  0.980772  0.98655  0.98437  0.96779
 0.890     0.89002     1.2487   170.939   341.878   361.878  0.983585  0.98784  0.98722  0.97206
 0.900     0.90002     1.2913   172.860   345.719   365.719  0.986065  0.98939  0.98952  0.97583
 0.910     0.91002     1.3348   174.780   349.560   369.560  0.988180  0.99109  0.99127  0.97909
 0.920     0.92002     1.3793   176.701   353.402   373.402  0.989900  0.99283  0.99246  0.98185
 0.930     0.93002     1.4248   178.621   357.243   377.243  0.991196  0.99450  0.99310  0.98409
 0.940     0.94002     1.4712   180.542   361.084   381.084  0.992043  0.99599  0.99318  0.98583
 0.950     0.95002     1.5187   182.463   364.926   384.926  0.992422  0.99723  0.99270  0.98705
 0.960     0.96002     1.5671   184.383   368.767   388.767  0.992323  0.99819  0.99167  0.98775
 0.970     0.97002     1.6166   186.304   372.608   392.608  0.991740  0.99884  0.99009  0.98794
 0.980     0.98002     1.6671   188.225   376.450   396.450  0.990674  0.99918  0.98795  0.98761
 0.990     0.99002     1.7187   190.145   380.291   400.291  0.989133  0.99923  0.98527  0.98677
 1.000     1.00002     1.7713   192.066   384.132   404.132  0.987129  0.99904  0.98203  0.98541
 1.010     1.01002     1.8250   193.987   387.974   407.974  0.984679  0.99866  0.97826  0.98354
 1.020     1.02002     1.8797   195.907   391.815   411.815  0.981799  0.99816  0.97394  0.98116
   -> K_opt(empirical) ~ 0.9529   K_opt(pred 1 - 1/M2) = 0.9613   diff = -0.0084
----------------------------------------------------------------------------------------
Cell CHAMPION:  a = 4.00 um,  Omega_p = 60,  r = 4.0,  Delta = 500,  Omega_c = 70
          V_ct = 441.94 MHz   M_2 = 30.69   K_pred (1 - 1/M_2) = 0.9674
     K area/(pi/4)  sigma(ns)   T_f(ns)   2Tf(ns)  Ttot(ns)     F_bar      F00      F01      F11
 0.880     0.88002     0.4043   117.374   234.747   249.033  0.983642  0.99745  0.98440  0.96831
 0.890     0.89002     0.4182   118.708   237.415   251.701  0.986309  0.99759  0.98748  0.97268
 0.900     0.90002     0.4324   120.041   240.083   254.368  0.988607  0.99784  0.99002  0.97655
 0.910     0.91002     0.4470   121.375   242.750   257.036  0.990524  0.99816  0.99200  0.97993
 0.920     0.92002     0.4619   122.709   245.418   259.704  0.992045  0.99851  0.99344  0.98280
 0.930     0.93002     0.4771   124.043   248.085   262.371  0.993165  0.99886  0.99432  0.98515
 0.940     0.94002     0.4927   125.376   250.753   265.039  0.993874  0.99918  0.99466  0.98700
 0.950     0.95002     0.5086   126.710   253.421   267.706  0.994161  0.99942  0.99444  0.98834
 0.960     0.96002     0.5248   128.044   256.088   270.374  0.994028  0.99961  0.99367  0.98916
 0.970     0.97002     0.5414   129.378   258.756   273.041  0.993469  0.99970  0.99235  0.98947
 0.980     0.98002     0.5583   130.712   261.423   275.709  0.992490  0.99973  0.99049  0.98926
 0.990     0.99002     0.5756   132.045   264.091   278.377  0.991095  0.99970  0.98807  0.98854
 1.000     1.00002     0.5932   133.379   266.759   281.044  0.989288  0.99963  0.98511  0.98730
 1.010     1.01002     0.6112   134.713   269.426   283.712  0.987078  0.99953  0.98161  0.98556
 1.020     1.02002     0.6295   136.047   272.094   286.379  0.984474  0.99944  0.97758  0.98331
   -> K_opt(empirical) ~ 0.9518   K_opt(pred 1 - 1/M2) = 0.9674   diff = -0.0156
----------------------------------------------------------------------------------------
Cell FASTEST:  a = 4.00 um,  Omega_p = 60,  r = 4.0,  Delta = 400,  Omega_c = 70
          V_ct = 441.94 MHz   M_2 = 24.55   K_pred (1 - 1/M_2) = 0.9593
     K area/(pi/4)  sigma(ns)   T_f(ns)   2Tf(ns)  Ttot(ns)     F_bar      F00      F01      F11
 0.880     0.88002     0.2070    93.899   187.798   202.084  0.986354  0.99780  0.98804  0.97154
 0.890     0.89002     0.2141    94.966   189.932   204.218  0.988612  0.99761  0.99052  0.97580
 0.900     0.90002     0.2214    96.033   192.066   206.352  0.990494  0.99755  0.99244  0.97955
 0.910     0.91002     0.2289    97.100   194.200   208.486  0.991999  0.99761  0.99380  0.98279
 0.920     0.92002     0.2365    98.167   196.334   210.620  0.993121  0.99778  0.99459  0.98553
 0.930     0.93002     0.2443    99.234   198.468   212.754  0.993853  0.99804  0.99482  0.98774
 0.940     0.94002     0.2523   100.301   200.602   214.888  0.994187  0.99835  0.99448  0.98944
 0.950     0.95002     0.2604   101.368   202.736   217.022  0.994112  0.99868  0.99357  0.99062
 0.960     0.96002     0.2687   102.435   204.871   219.156  0.993622  0.99900  0.99210  0.99128
 0.970     0.97002     0.2772   103.502   207.005   221.290  0.992710  0.99928  0.99007  0.99142
 0.980     0.98002     0.2859   104.569   209.139   223.424  0.991374  0.99950  0.98748  0.99104
 0.990     0.99002     0.2947   105.636   211.273   225.558  0.989611  0.99965  0.98433  0.99013
 1.000     1.00002     0.3037   106.703   213.407   227.693  0.987426  0.99973  0.98063  0.98872
 1.010     1.01002     0.3129   107.770   215.541   229.827  0.984819  0.99975  0.97638  0.98678
 1.020     1.02002     0.3223   108.837   217.675   231.961  0.981799  0.99971  0.97158  0.98432
   -> K_opt(empirical) ~ 0.9432   K_opt(pred 1 - 1/M2) = 0.9593   diff = -0.0161
----------------------------------------------------------------------------------------
Cell a4_lowOp:  a = 4.00 um,  Omega_p = 50,  r = 3.5,  Delta = 500,  Omega_c = 50
          V_ct = 441.94 MHz   M_2 = 50.51   K_pred (1 - 1/M_2) = 0.9802
     K area/(pi/4)  sigma(ns)   T_f(ns)   2Tf(ns)  Ttot(ns)     F_bar      F00      F01      F11
 0.880     0.88002     1.2071   169.018   338.036   358.036  0.971589  0.98655  0.97279  0.95423
 0.890     0.89002     1.2487   170.939   341.878   361.878  0.975262  0.98784  0.97709  0.95904
 0.900     0.90002     1.2913   172.860   345.719   365.719  0.978636  0.98939  0.98088  0.96338
 0.910     0.91002     1.3348   174.780   349.560   369.560  0.981678  0.99109  0.98418  0.96726
 0.920     0.92002     1.3793   176.701   353.402   373.402  0.984354  0.99283  0.98696  0.97067
 0.930     0.93002     1.4248   178.621   357.243   377.243  0.986638  0.99450  0.98922  0.97361
 0.940     0.94002     1.4712   180.542   361.084   381.084  0.988502  0.99599  0.99097  0.97607
 0.950     0.95002     1.5187   182.463   364.926   384.926  0.989926  0.99723  0.99221  0.97806
 0.960     0.96002     1.5671   184.383   368.767   388.767  0.990900  0.99819  0.99292  0.97957
 0.970     0.97002     1.6166   186.304   372.608   392.608  0.991417  0.99884  0.99312  0.98059
 0.980     0.98002     1.6671   188.225   376.450   396.450  0.991474  0.99918  0.99279  0.98114
 0.990     0.99002     1.7187   190.145   380.291   400.291  0.991080  0.99923  0.99195  0.98120
 1.000     1.00002     1.7713   192.066   384.132   404.132  0.990246  0.99904  0.99058  0.98077
 1.010     1.01002     1.8250   193.987   387.974   407.974  0.988985  0.99866  0.98870  0.97987
 1.020     1.02002     1.8797   195.907   391.815   411.815  0.987315  0.99816  0.98631  0.97848
   -> K_opt(empirical) ~ 0.9763   K_opt(pred 1 - 1/M2) = 0.9802   diff = -0.0039
----------------------------------------------------------------------------------------
Cell a45_r35:  a = 4.50 um,  Omega_p = 60,  r = 3.5,  Delta = 500,  Omega_c = 70
          V_ct = 310.39 MHz   M_2 = 24.63   K_pred (1 - 1/M_2) = 0.9594
     K area/(pi/4)  sigma(ns)   T_f(ns)   2Tf(ns)  Ttot(ns)     F_bar      F00      F01      F11
 0.880     0.88002     0.4043   117.374   234.747   249.033  0.982055  0.98578  0.98609  0.97026
 0.890     0.89002     0.4182   118.708   237.415   251.701  0.984744  0.98659  0.98890  0.97459
 0.900     0.90002     0.4324   120.041   240.083   254.368  0.987125  0.98778  0.99115  0.97842
 0.910     0.91002     0.4470   121.375   242.750   257.036  0.989168  0.98923  0.99285  0.98174
 0.920     0.92002     0.4619   122.709   245.418   259.704  0.990854  0.99087  0.99400  0.98455
 0.930     0.93002     0.4771   124.043   248.085   262.371  0.992146  0.99256  0.99458  0.98685
 0.940     0.94002     0.4927   125.376   250.753   265.039  0.993019  0.99421  0.99461  0.98864
 0.950     0.95002     0.5086   126.710   253.421   267.706  0.993448  0.99571  0.99408  0.98992
 0.960     0.96002     0.5248   128.044   256.088   270.374  0.993414  0.99699  0.99300  0.99067
 0.970     0.97002     0.5414   129.378   258.756   273.041  0.992904  0.99800  0.99135  0.99091
 0.980     0.98002     0.5583   130.712   261.423   275.709  0.991918  0.99872  0.98916  0.99064
 0.990     0.99002     0.5756   132.045   264.091   278.377  0.990451  0.99915  0.98641  0.98984
 1.000     1.00002     0.5932   133.379   266.759   281.044  0.988510  0.99929  0.98311  0.98853
 1.010     1.01002     0.6112   134.713   269.426   283.712  0.986103  0.99918  0.97926  0.98671
 1.020     1.02002     0.6295   136.047   272.094   286.379  0.983251  0.99888  0.97488  0.98437
   -> K_opt(empirical) ~ 0.9543   K_opt(pred 1 - 1/M2) = 0.9594   diff = -0.0051

========================================================================================
Theis-style scaling test:    1 - K_opt  =  c / M_2 + residual
========================================================================================
cell              M_2    1/M_2    1-Kopt   c/M_2 (fit)     resid
REV4_FINAL      25.86  0.03867   0.04707       0.04964  -0.00257
CHAMPION        30.69  0.03258   0.04817       0.04182   0.00635
FASTEST         24.55  0.04073   0.05682       0.05228   0.00454
a4_lowOp        50.51  0.01980   0.02373       0.02541  -0.00169
a45_r35         24.63  0.04059   0.04573       0.05211  -0.00638

Fitted slope c = 1.2836   (Theis prediction: c ~ 1)
R^2 of through-origin fit (variance about 0): 0.9893

Wrote K_resweep_a4um.csv (75 rows = 5 cells x 15 K values).
Wrote K_resweep_a4um_optimum.csv (one row per cell).
Wrote K_resweep_a4um.png

Total wall time: 48.5 s
