Using ARC-verified lifetimes:  tau_r = 83.90 us, tau_R = 83.41 us, tau_P = 0.131 us

================================================================================
Case A: FINAL transplanted with ARC lifetimes:  a = 5.00 um,  Delta = 500 MHz
   V_ct = 226.27 MHz,  V_cc = -0.7280 MHz,  R_AA = 310.8
================================================================================
    K   gate(ns)      M2      F_bar        1-F
--------------------------------------------------
 0.92     373.40   25.86   0.990284  9.716e-03
 0.94     381.08   25.86   0.992437  7.563e-03
 0.95     384.93   25.86   0.992821  7.179e-03
 0.96     388.77   25.86   0.992726  7.274e-03
 0.97     392.61   25.86   0.992147  7.853e-03
 0.98     396.45   25.86   0.991084  8.916e-03
 1.00     404.13   25.86   0.987545  1.245e-02

Best:  K = 0.95, F_bar = 0.992821, gate = 384.93 ns, M2 = 25.86
   |00A>     F = 0.997245
   |00B>     F = 0.997245
   |01A>     F = 0.993100
   |01B>     F = 0.993100
   |10A>     F = 0.993100
   |10B>     F = 0.993100
   |11A>     F = 0.987838
   |11B>     F = 0.987838

================================================================================
Case B: a = 4 um, same Delta = 500 MHz:  a = 4.00 um,  Delta = 500 MHz
   V_ct = 441.94 MHz,  V_cc = -2.7771 MHz,  R_AA = 159.1
================================================================================
    K   gate(ns)      M2      F_bar        1-F
--------------------------------------------------
 0.92     373.40   50.51   0.984735  1.526e-02
 0.94     381.08   50.51   0.988893  1.111e-02
 0.95     384.93   50.51   0.990323  9.677e-03
 0.96     388.77   50.51   0.991302  8.698e-03
 0.97     392.61   50.51   0.991821  8.179e-03
 0.98     396.45   50.51   0.991883  8.117e-03
 1.00     404.13   50.51   0.990662  9.338e-03

Best:  K = 0.98, F_bar = 0.991883, gate = 396.45 ns, M2 = 50.51
   |00A>     F = 0.999192
   |00B>     F = 0.999192
   |01A>     F = 0.993199
   |01B>     F = 0.993199
   |10A>     F = 0.993199
   |10B>     F = 0.993199
   |11A>     F = 0.981943
   |11B>     F = 0.981943

================================================================================
Case C: a = 4 um, Delta = 250 MHz (M_2 ~ FINAL):  a = 4.00 um,  Delta = 250 MHz
   V_ct = 441.94 MHz,  V_cc = -2.7771 MHz,  R_AA = 159.1
================================================================================
    K   gate(ns)      M2      F_bar        1-F
--------------------------------------------------
 0.92     196.70   25.25   0.987800  1.220e-02
 0.94     200.54   25.25   0.990094  9.906e-03
 0.95     202.46   25.25   0.990789  9.211e-03
 0.96     204.38   25.25   0.991170  8.830e-03
 0.97     206.30   25.25   0.991217  8.783e-03
 0.98     208.22   25.25   0.990917  9.083e-03
 1.00     212.07   25.25   0.989173  1.083e-02

Best:  K = 0.97, F_bar = 0.991217, gate = 206.30 ns, M2 = 25.25
   |00A>     F = 0.989528
   |00B>     F = 0.989528
   |01A>     F = 0.992565
   |01B>     F = 0.992565
   |10A>     F = 0.992565
   |10B>     F = 0.992565
   |11A>     F = 0.990211
   |11B>     F = 0.990211

================================================================================
Summary  (all with ARC lifetimes tau_r = 83.90, tau_R = 83.41 us)
================================================================================
Case                             a (um)    Delta      K   gate(ns)      M2      F_bar        1-F
------------------------------------------------------------------------------------------
A: FINAL (a=5)                     5.00      500   0.95     384.93   25.86   0.992821  7.179e-03
B: a=4, Delta=500                  4.00      500   0.98     396.45   50.51   0.991883  8.117e-03
C: a=4, Delta=250                  4.00      250   0.97     206.30   25.25   0.991217  8.783e-03

Decay floor on |11,*>  (2 * T_gate / tau_r, with tau_r = 83.9 us):
   Case A:  T_gate = 384.93 ns, floor =  0.92%,  simulated 1 - F_(11,*) =  1.22%, residual =  0.30%
   Case B:  T_gate = 396.45 ns, floor =  0.95%,  simulated 1 - F_(11,*) =  1.81%, residual =  0.86%
   Case C:  T_gate = 206.30 ns, floor =  0.49%,  simulated 1 - F_(11,*) =  0.98%, residual =  0.49%
