================================================================================
REF: a=5, Omega_c=50, Delta=500, K=0.95 (FINAL with ARC lifetimes)
gate = 384.93 ns,  F_bar = 0.992820
  per-input: 0.9972 0.9972 0.9931 0.9931 0.9931 0.9931 0.9878 0.9878

================================================================================
Sweep Omega_c at a = 4 um, Delta = 500 MHz, K = 0.98 (Case B optimum)
================================================================================
   Oc     T_c     gate      F_bar        1-F     F|00*>     F|01*>     F|11*>
------------------------------------------------------------------------------------------
   50   10.00   396.45   0.991883  8.117e-03   0.999192   0.993199   0.981941
   75    6.67   389.78   0.992871  7.129e-03   0.999192   0.993233   0.985827
  100    5.00   386.45   0.993224  6.776e-03   0.999192   0.993250   0.987203
  150    3.33   383.12   0.993481  6.519e-03   0.999192   0.993267   0.988197
  200    2.50   381.45   0.993573  6.427e-03   0.999192   0.993275   0.988552

================================================================================
Other (Delta, K) at a = 4 um, Omega_c = 50 MHz (cheap probe)
================================================================================
  Delta      K     gate      F_bar     F|00*>     F|01*>     F|11*>
--------------------------------------------------------------------------------
    400   0.96   315.01   0.991981   0.996573   0.993909   0.983535
    500   0.98   396.45   0.991883   0.999192   0.993199   0.981941
    600   0.98   471.74   0.992094   0.999229   0.992823   0.983503
    700   0.99   552.41   0.991813   0.998805   0.991784   0.984881
    800   1.00   634.61   0.989857   0.998070   0.990371   0.980616

================================================================================
SUMMARY
================================================================================
REF:                                              gate = 384.9 ns,  F_bar = 0.992820
Best Omega_c (a=4, D=500, K=0.98):  Oc = 200 MHz,  gate = 381.4 ns,  F_bar = 0.993573
