==============================================================================
OR-gate at a = 4.00 um  (Rb 54 D_3/2 + Cs 62 D_5/2)
==============================================================================
r_DA = 2.8284 um,  r_DD = 4.0000 um,  r_AA = 5.6569 um
V_ct/(2 pi) = +441.9417 MHz
V_DD/(2 pi) =   +2.2144 MHz   (R_DD = 199.6)
V_cc/(2 pi) =   -2.7771 MHz   (R_AA = 159.1)
Lifetimes (level_parameters n^3-scaled): tau_r = 77.0 us, tau_R = 74.0 us, tau_P = 0.131 us

==============================================================================
Pass A:  Delta scan at K = 0.95,  Omega_p = 50, Omega_R = 175 MHz
==============================================================================
  Delta      T_f     gate      M1      M2      F_bar        1-F
----------------------------------------------------------------------
    150    54.74   129.48    53.0   15.15   0.991396  8.604e-03
    200    72.99   165.97    70.7   20.20   0.990474  9.526e-03
    250    91.23   202.46    88.4   25.25   0.990586  9.414e-03
    300   109.48   238.96   106.1   30.30   0.991127  8.873e-03
    400   145.97   311.94   141.4   40.41   0.990801  9.199e-03
    500   182.46   384.93   176.8   50.51   0.989927  1.007e-02

Pass A best: F_bar = 0.991396 at Delta = 150 MHz (gate = 129.48 ns,  M1 = 53.0, M2 = 15.15)
   |00A>     F = 0.998918
   |00B>     F = 0.998918
   |01A>     F = 0.991393
   |01B>     F = 0.991393
   |10A>     F = 0.991393
   |10B>     F = 0.991393
   |11A>     F = 0.983879
   |11B>     F = 0.983879

==============================================================================
Pass B:  K refinement at Delta = 150 MHz
==============================================================================
    K      T_f     gate      F_bar        1-F
-------------------------------------------------------
 0.85    48.98   117.95   0.965338  3.466e-02
 0.90    51.86   123.72   0.984567  1.543e-02
 0.93    53.59   127.17   0.990232  9.768e-03
 0.95    54.74   129.48   0.991396  8.604e-03
 0.97    55.89   131.78   0.990549  9.451e-03
 1.00    57.62   135.24   0.985836  1.416e-02
 1.03    59.35   138.70   0.977519  2.248e-02

Pass B best: F_bar = 0.991396 at K = 0.95, gate = 129.48 ns
   |00A>     F = 0.998918
   |00B>     F = 0.998918
   |01A>     F = 0.991393
   |01B>     F = 0.991393
   |10A>     F = 0.991393
   |10B>     F = 0.991393
   |11A>     F = 0.983879
   |11B>     F = 0.983879

==============================================================================
Pass C:  side-by-side  a = 5.00 um (FINAL)  vs  a = 4.00 um (this run)
==============================================================================
metric                           a = 5.00 um     a = 4.00 um       gain
------------------------------------------------------------------------
V_ct/(2 pi)  (MHz)                    226.27          441.94       1.95x
R_DD                                   389.8           199.6       0.51x
R_AA                                   310.8           159.1       0.51x
best Delta/(2 pi)  (MHz)                 500             150 
gate time (ns)                           385          129.48      2.97x faster
F_bar OR (this run)                   0.9924        0.991396 
1 - F_bar                           7.58e-03       8.604e-03      0.88x

Decay floor on |11,*>  (2 T_gate / tau_r):
   a = 5 um:  1.00 %    (vs simulated 1 - F_(11,*) ~ 1.3 %)
   a = 4 um:  0.34 %    (vs simulated 1 - F_(11,*) = 1.61%)
