====================================================================================
REF:  FINAL config with ARC lifetimes
      a=5 um, Omega_c=50 MHz, Delta=500 MHz, K=0.95
====================================================================================
T_c = 10.00 ns,  T_f = 182.46 ns,  gate = 384.93 ns,  M_2 = 25.86
F_bar = 0.992820,  1-F = 7.180e-03
   |00A>     F = 0.997244
   |00B>     F = 0.997244
   |01A>     F = 0.993100
   |01B>     F = 0.993100
   |10A>     F = 0.993100
   |10B>     F = 0.993100
   |11A>     F = 0.987836
   |11B>     F = 0.987836

====================================================================================
Sweep Omega_c at  a = 4 um,  Delta = 250 MHz,  K = 0.97
====================================================================================
   Oc     T_c     gate      M2      F_bar        1-F (Vcc/Oc)^2*4
------------------------------------------------------------------------------
   50   10.00   206.30   25.25   0.991217  8.783e-03   1.2340e-02
   75    6.67   199.64   25.25   0.991381  8.619e-03   5.4843e-03
  100    5.00   196.30   25.25   0.991442  8.558e-03   3.0849e-03
  150    3.33   192.97   25.25   0.991493  8.507e-03   1.3711e-03
  200    2.50   191.30   25.25   0.991509  8.491e-03   7.7123e-04

Best Omega_c = 200 MHz:  F_bar = 0.991509, gate = 191.30 ns
Per-input at best Omega_c:
   |00A>     F = 0.989504
   |00B>     F = 0.989504
   |01A>     F = 0.992640
   |01B>     F = 0.992640
   |10A>     F = 0.992640
   |10B>     F = 0.992640
   |11A>     F = 0.991253
   |11B>     F = 0.991253

====================================================================================
K refinement at a = 4 um, Delta = 250 MHz, Omega_c = 200 MHz
====================================================================================
    K     gate      F_bar        1-F
---------------------------------------------
 0.94   185.54   0.990377  9.623e-03
 0.95   187.46   0.991077  8.923e-03
 0.96   189.38   0.991459  8.541e-03
 0.97   191.30   0.991509  8.491e-03
 0.98   193.22   0.991204  8.796e-03
 1.00   197.07   0.989479  1.052e-02

Best K = 0.97:  F_bar = 0.991509, gate = 191.30 ns
   |00A>     F = 0.989504
   |00B>     F = 0.989504
   |01A>     F = 0.992640
   |01B>     F = 0.992640
   |10A>     F = 0.992640
   |10B>     F = 0.992640
   |11A>     F = 0.991253
   |11B>     F = 0.991253

====================================================================================
SUMMARY  (ARC lifetimes throughout)
====================================================================================
Config                                       gate      F_bar        1-F
---------------------------------------------------------------------------
REF: a=5, Oc=50, D=500, K=0.95             384.93   0.992820  7.180e-03
Rev4 candidate: a=4, Oc=200, D=250, K=0.97   191.30   0.991509  8.491e-03

Decay floor on |11,*>:
   REF:           0.92%   simulated 1-F_(11,*) = 1.22%
   Rev4 candidate: 0.46%   simulated 1-F_(11,*) = 0.87%
