================================================================================================
Pass A:  Omega_p = 20 MHz,  K = 0.95,  alpha = 4  (sweep Delta, ratio)
================================================================================================
 Delta  ratio    OR      T_f     gate      M1      M2   Op/2D     F_bar       1-F
------------------------------------------------------------------------------------------------
   100   2.00    40   228.08   476.16   113.1   56.57  0.1000  0.895657 1.043e-01
   100   2.50    50   228.08   476.16   113.1   45.25  0.1000  0.980678 1.932e-02
   100   3.00    60   228.08   476.16   113.1   37.71  0.1000  0.976927 2.307e-02
   100   3.50    70   228.08   476.16   113.1   32.32  0.1000  0.982740 1.726e-02
   100   4.50    90   228.08   476.16   113.1   25.14  0.1000  0.985568 1.443e-02
   100   6.00   120   228.08   476.16   113.1   18.86  0.1000  0.973349 2.665e-02

   150   2.00    40   342.12   704.24   169.7   84.85  0.0667  0.895860 1.041e-01
   150   2.50    50   342.12   704.24   169.7   67.88  0.0667  0.975856 2.414e-02
   150   3.00    60   342.12   704.24   169.7   56.57  0.0667  0.981265 1.874e-02
   150   3.50    70   342.12   704.24   169.7   48.49  0.0667  0.983408 1.659e-02
   150   4.50    90   342.12   704.24   169.7   37.71  0.0667  0.985679 1.432e-02
   150   6.00   120   342.12   704.24   169.7   28.28  0.0667  0.982572 1.743e-02

   200   2.00    40   456.16   932.31   226.3  113.14  0.0500  0.894875 1.051e-01
   200   2.50    50   456.16   932.31   226.3   90.51  0.0500  0.971337 2.866e-02
   200   3.00    60   456.16   932.31   226.3   75.42  0.0500  0.980530 1.947e-02
   200   3.50    70   456.16   932.31   226.3   64.65  0.0500  0.981942 1.806e-02
   200   4.50    90   456.16   932.31   226.3   50.28  0.0500  0.983718 1.628e-02
   200   6.00   120   456.16   932.31   226.3   37.71  0.0500  0.983334 1.667e-02

   300   2.00    40   684.24  1388.47   339.4  169.71  0.0333  0.890779 1.092e-01
   300   2.50    50   684.24  1388.47   339.4  135.76  0.0333  0.964132 3.587e-02
   300   3.00    60   684.24  1388.47   339.4  113.14  0.0333  0.975981 2.402e-02
   300   3.50    70   684.24  1388.47   339.4   96.97  0.0333  0.977009 2.299e-02
   300   4.50    90   684.24  1388.47   339.4   75.42  0.0333  0.978366 2.163e-02
   300   6.00   120   684.24  1388.47   339.4   56.57  0.0333  0.979394 2.061e-02

   500   2.00    40  1140.39  2300.79   565.7  282.84  0.0200  0.880604 1.194e-01
   500   2.50    50  1140.39  2300.79   565.7  226.27  0.0200  0.952099 4.790e-02
   500   3.00    60  1140.39  2300.79   565.7  188.56  0.0200  0.965232 3.477e-02
   500   3.50    70  1140.39  2300.79   565.7  161.62  0.0200  0.966049 3.395e-02
   500   4.50    90  1140.39  2300.79   565.7  125.71  0.0200  0.967050 3.295e-02
   500   6.00   120  1140.39  2300.79   565.7   94.28  0.0200  0.968270 3.173e-02

   700   2.00    40  1596.55  3213.10   792.0  395.98  0.0143  0.869840 1.302e-01
   700   2.50    50  1596.55  3213.10   792.0  316.78  0.0143  0.940705 5.929e-02
   700   3.00    60  1596.55  3213.10   792.0  263.99  0.0143  0.954155 4.585e-02
   700   3.50    70  1596.55  3213.10   792.0  226.27  0.0143  0.954897 4.510e-02
   700   4.50    90  1596.55  3213.10   792.0  175.99  0.0143  0.955725 4.428e-02
   700   6.00   120  1596.55  3213.10   792.0  131.99  0.0143  0.956790 4.321e-02

  1000   2.00    40  2280.79  4581.57  1131.4  565.69  0.0100  0.853795 1.462e-01
  1000   2.50    50  2280.79  4581.57  1131.4  452.55  0.0100  0.924152 7.585e-02
  1000   3.00    60  2280.79  4581.57  1131.4  377.12  0.0100  0.937744 6.226e-02
  1000   3.50    70  2280.79  4581.57  1131.4  323.25  0.0100  0.938450 6.155e-02
  1000   4.50    90  2280.79  4581.57  1131.4  251.42  0.0100  0.939147 6.085e-02
  1000   6.00   120  2280.79  4581.57  1131.4  188.56  0.0100  0.940013 5.999e-02

F_bar matrix  (rows: Delta MHz, cols: ratio)
   D\r      2.00      2.50      3.00      3.50      4.50      6.00
------------------------------------------------------------------
   100  0.895657  0.980678  0.976927  0.982740  0.985568  0.973349
   150  0.895860  0.975856  0.981265  0.983408  0.985679  0.982572
   200  0.894875  0.971337  0.980530  0.981942  0.983718  0.983334
   300  0.890779  0.964132  0.975981  0.977009  0.978366  0.979394
   500  0.880604  0.952099  0.965232  0.966049  0.967050  0.968270
   700  0.869840  0.940705  0.954155  0.954897  0.955725  0.956790
  1000  0.853795  0.924152  0.937744  0.938450  0.939147  0.940013

Cells with F_bar > 0.99: 0 / 42
Cells with F_bar > 0.992: 0 / 42
Pass A best:  F_bar = 0.985679  at Delta = 150 MHz, ratio = 4.50
               gate = 704.24 ns,  M1 = 169.7,  M2 = 37.71
   |00A>     F = 0.999765
   |00B>     F = 0.999765
   |01A>     F = 0.984486
   |01B>     F = 0.984486
   |10A>     F = 0.984486
   |10B>     F = 0.984486
   |11A>     F = 0.973977
   |11B>     F = 0.973977

================================================================================================
Pass B:  K refinement at Omega_p = 20 MHz, Delta = 150 MHz, ratio = 4.50
================================================================================================
    K      T_f     gate     F_bar       1-F
--------------------------------------------------
 0.85   306.11   632.21  0.964339 3.566e-02
 0.90   324.11   668.22  0.979819 2.018e-02
 0.93   334.92   689.83  0.984516 1.548e-02
 0.95   342.12   704.24  0.985679 1.432e-02
 0.97   349.32   718.64  0.985262 1.474e-02
 1.00   360.12   740.25  0.981691 1.831e-02
 1.03   370.93   761.86  0.974644 2.536e-02
 1.05   378.13   776.26  0.968047 3.195e-02

Pass B best:  F_bar = 0.985679  at K = 0.95
   |00A>     F = 0.999765
   |00B>     F = 0.999765
   |01A>     F = 0.984486
   |01B>     F = 0.984486
   |10A>     F = 0.984486
   |10B>     F = 0.984486
   |11A>     F = 0.973977
   |11B>     F = 0.973977

================================================================================================
Pass C:  Omega_p comparison at Delta = 150 MHz, ratio = 4.50, K = 0.95
================================================================================================
  Op    OR   Op/2D      T_f     gate      M1      M2     F_bar       1-F
--------------------------------------------------------------------------------
  15    68  0.0500   608.21  1236.42   301.7   67.04  0.978056 2.194e-02
  20    90  0.0667   342.12   704.24   169.7   37.71  0.985679 1.432e-02
  25   112  0.0833   218.96   457.91   108.6   24.14  0.987671 1.233e-02
  30   135  0.1000   152.05   324.10    75.4   16.76  0.984377 1.562e-02
  40   180  0.1333    85.53   191.06    42.4    9.43  0.952339 4.766e-02
  50   225  0.1667    54.74   129.48    27.2    6.03  0.857004 1.430e-01

Pass C best: F_bar = 0.987671  at Omega_p = 25 MHz (gate = 457.91 ns)
