==========================================================================================
Pass A: fine (Delta, Omega_R/Omega_p) grid at K = 0.95
==========================================================================================
 Delta  ratio    OR     T_f    gate     M2     F_bar       1-F
------------------------------------------------------------------------------
   150   2.00   100   54.74  129.48  13.58  0.913392 8.661e-02
   150   2.25   112   54.74  129.48  12.07  0.935108 6.489e-02
   150   2.50   125   54.74  129.48  10.86  0.981971 1.803e-02
   150   2.75   138   54.74  129.48   9.87  0.987197 1.280e-02
   150   3.00   150   54.74  129.48   9.05  0.973371 2.663e-02
   150   3.25   162   54.74  129.48   8.35  0.975063 2.494e-02
   150   3.50   175   54.74  129.48   7.76  0.970973 2.903e-02

   175   2.00   100   63.86  147.72  15.84  0.907637 9.236e-02
   175   2.25   112   63.86  147.72  14.08  0.944201 5.580e-02
   175   2.50   125   63.86  147.72  12.67  0.988937 1.106e-02
   175   2.75   138   63.86  147.72  11.52  0.982506 1.749e-02
   175   3.00   150   63.86  147.72  10.56  0.974934 2.507e-02
   175   3.25   162   63.86  147.72   9.75  0.983006 1.699e-02
   175   3.50   175   63.86  147.72   9.05  0.976422 2.358e-02

   200   2.00   100   72.99  165.97  18.10  0.904987 9.501e-02
   200   2.25   112   72.99  165.97  16.09  0.951860 4.814e-02
   200   2.50   125   72.99  165.97  14.48  0.991538 8.462e-03
   200   2.75   138   72.99  165.97  13.17  0.978468 2.153e-02
   200   3.00   150   72.99  165.97  12.07  0.978458 2.154e-02
   200   3.25   162   72.99  165.97  11.14  0.987397 1.260e-02
   200   3.50   175   72.99  165.97  10.34  0.979764 2.024e-02

   225   2.00   100   82.11  184.22  20.36  0.903871 9.613e-02
   225   2.25   112   82.11  184.22  18.10  0.957789 4.221e-02
   225   2.50   125   82.11  184.22  16.29  0.991949 8.051e-03
   225   2.75   138   82.11  184.22  14.81  0.975744 2.426e-02
   225   3.00   150   82.11  184.22  13.58  0.982013 1.799e-02
   225   3.25   162   82.11  184.22  12.53  0.989434 1.057e-02
   225   3.50   175   82.11  184.22  11.64  0.982557 1.744e-02

   250   2.00   100   91.23  202.46  22.63  0.903492 9.651e-02
   250   2.25   112   91.23  202.46  20.11  0.962264 3.774e-02
   250   2.50   125   91.23  202.46  18.10  0.991375 8.625e-03
   250   2.75   138   91.23  202.46  16.46  0.974059 2.594e-02
   250   3.00   150   91.23  202.46  15.08  0.984940 1.506e-02
   250   3.25   162   91.23  202.46  13.92  0.990255 9.745e-03
   250   3.50   175   91.23  202.46  12.93  0.984979 1.502e-02

   275   2.00   100  100.35  220.71  24.89  0.903449 9.655e-02
   275   2.25   112  100.35  220.71  22.12  0.965624 3.438e-02
   275   2.50   125  100.35  220.71  19.91  0.990403 9.597e-03
   275   2.75   138  100.35  220.71  18.10  0.973052 2.695e-02
   275   3.00   150  100.35  220.71  16.59  0.987143 1.286e-02
   275   3.25   162  100.35  220.71  15.32  0.990506 9.494e-03
   275   3.50   175  100.35  220.71  14.22  0.986983 1.302e-02

   300   2.00   100  109.48  238.96  27.15  0.903543 9.646e-02
   300   2.25   112  109.48  238.96  24.14  0.968159 3.184e-02
   300   2.50   125  109.48  238.96  21.72  0.989292 1.071e-02
   300   2.75   138  109.48  238.96  19.75  0.972453 2.755e-02
   300   3.00   150  109.48  238.96  18.10  0.988740 1.126e-02
   300   3.25   162  109.48  238.96  16.71  0.990497 9.503e-03
   300   3.50   175  109.48  238.96  15.52  0.988568 1.143e-02

F_bar matrix (rows: Delta, cols: ratio)
   D\r      2.00      2.25      2.50      2.75      3.00      3.25      3.50
----------------------------------------------------------------------------
   150  0.913392  0.935108  0.981971  0.987197  0.973371  0.975063  0.970973
   175  0.907637  0.944201  0.988937  0.982506  0.974934  0.983006  0.976422
   200  0.904987  0.951860  0.991538  0.978468  0.978458  0.987397  0.979764
   225  0.903871  0.957789  0.991949  0.975744  0.982013  0.989434  0.982557
   250  0.903492  0.962264  0.991375  0.974059  0.984940  0.990255  0.984979
   275  0.903449  0.965624  0.990403  0.973052  0.987143  0.990506  0.986983
   300  0.903543  0.968159  0.989292  0.972453  0.988740  0.990497  0.988568

Pass A best: F_bar = 0.991949 at Delta = 225 MHz, ratio = 2.50, gate = 184.22 ns
   |00A>     F = 0.992965
   |00B>     F = 0.992965
   |01A>     F = 0.993359
   |01B>     F = 0.993359
   |10A>     F = 0.993359
   |10B>     F = 0.993359
   |11A>     F = 0.988112
   |11B>     F = 0.988112

==========================================================================================
Pass B: K refinement at Delta = 225 MHz, ratio = 2.50
==========================================================================================
    K     T_f    gate     F_bar       1-F
--------------------------------------------------
 0.80   69.14  158.29  0.909374 9.063e-02
 0.85   73.47  166.93  0.952996 4.700e-02
 0.90   77.79  175.57  0.981919 1.808e-02
 0.93   80.38  180.76  0.990274 9.726e-03
 0.95   82.11  184.22  0.991949 8.051e-03
 0.97   83.84  187.67  0.990653 9.347e-03
 1.00   86.43  192.86  0.983672 1.633e-02
 1.03   89.02  198.05  0.971641 2.836e-02

Pass B best: F_bar = 0.991949 at K = 0.95
   |00A>     F = 0.992965
   |00B>     F = 0.992965
   |01A>     F = 0.993359
   |01B>     F = 0.993359
   |10A>     F = 0.993359
   |10B>     F = 0.993359
   |11A>     F = 0.988112
   |11B>     F = 0.988112

==========================================================================================
Pass C: (ratio, K) refinement at Delta = 225 MHz
==========================================================================================
 ratio\K      0.85      0.90      0.93      0.95      0.97      1.00
--------------------------------------------------------------------
    2.25  0.898242  0.930221  0.947698  0.957789  0.966159  0.974685
    2.40  0.930959  0.966366  0.980893  0.987080  0.990252  0.989262
    2.50  0.952995  0.981919  0.990273  0.991951  0.990654  0.983672
    2.60  0.967878  0.986584  0.988763  0.986948  0.982930  0.973650
    2.75  0.972801  0.979527  0.978121  0.975748  0.972578  0.966674
    3.00  0.964080  0.975533  0.980268  0.982013  0.982237  0.979055

Pass C: cells with F_bar > 0.99: 4 / 36
Pass C best: F_bar = 0.991951 at ratio = 2.50, K = 0.95
