  delta     M1     M2 sigma(ns)  T_f(ns)  2Tf(ns)     area     F_bar     1-Fbar
----------------------------------------------------------------------------------------
  300.0   54.3   15.5     0.383   115.24   230.48  0.78541  0.978108  2.189e-02
  400.0   72.4   20.7     0.907   153.65   307.31  0.78541  0.984608  1.539e-02
  500.0   90.5   25.9     1.771   192.07   384.13  0.78541  0.987129  1.287e-02
  600.0  108.6   31.0     3.061   230.48   460.96  0.78541  0.988090  1.191e-02
  800.0  144.8   41.4     7.255   307.31   614.61  0.78541  0.988124  1.188e-02
 1000.0  181.0   51.7    14.170   384.13   768.26  0.78541  0.987117  1.288e-02
 1500.0  271.5   77.6    47.825   576.20  1152.40  0.78541  0.983150  1.685e-02

Per-input fidelities (rows: input; cols: delta values)
input            300        400        500        600        800       1000       1500 
|00A>       0.997394   0.999243   0.999041   0.998637   0.998051   0.997714   0.997299 
|00B>       0.997394   0.999243   0.999041   0.998637   0.998051   0.997714   0.997299 
|01A>       0.964989   0.976696   0.982030   0.984631   0.986374   0.986200   0.983154 
|01B>       0.964989   0.976696   0.982030   0.984631   0.986374   0.986200   0.983154 
|10A>       0.964989   0.976696   0.982030   0.984631   0.986374   0.986200   0.983154 
|10B>       0.964989   0.976696   0.982030   0.984631   0.986374   0.986200   0.983154 
|11A>       0.985062   0.985799   0.985414   0.984459   0.981696   0.978354   0.968993 
|11B>       0.985062   0.985799   0.985414   0.984459   0.981696   0.978354   0.968993 

Best F_bar = 0.988124 at Delta = 800 MHz (M1=144.8, M2=41.4)
