V_ct/(2 pi) = 226.27 MHz,  fixed M2 = 30.0, alpha = 4.0

  Op    OR  Delta  Vct/OR    sigma     T_f  2Tf+Tc    M1    M2     F_bar       1-F
------------------------------------------------------------------------------------------
  10    35     23    6.46    2.766   222.8   465.6 105.0  30.0  0.964342 3.566e-02
  15    52     52    4.31    2.766   222.8   465.6 105.0  30.0  0.977631 2.237e-02
  20    70     93    3.23    2.766   222.8   465.6 105.0  30.0  0.982413 1.759e-02
  25    88    145    2.59    2.766   222.8   465.6 105.0  30.0  0.985386 1.461e-02
  30   105    209    2.15    2.766   222.8   465.6 105.0  30.0  0.986761 1.324e-02
  40   140    371    1.62    2.766   222.8   465.6 105.0  30.0  0.987706 1.229e-02
  50   175    580    1.29    2.766   222.8   465.6 105.0  30.0  0.987972 1.203e-02

Per-input fidelities (rows: input; cols: Omega_p values)
input           10         15         20         25         30         40         50 
|00A>     0.992195   0.989585   0.991878   0.996758   0.998699   0.999124   0.998711 
|00B>     0.992195   0.989585   0.991878   0.996758   0.998699   0.999124   0.998711 
|01A>     0.957616   0.974976   0.979959   0.981958   0.982946   0.983856   0.984249 
|01B>     0.957616   0.974976   0.979959   0.981958   0.982946   0.983856   0.984249 
|10A>     0.957616   0.974976   0.979959   0.981958   0.982946   0.983856   0.984249 
|10B>     0.957616   0.974976   0.979959   0.981958   0.982946   0.983856   0.984249 
|11A>     0.949939   0.970986   0.977855   0.980870   0.982455   0.983987   0.984680 
|11B>     0.949939   0.970986   0.977855   0.980870   0.982455   0.983987   0.984680 

Best F_bar = 0.987972 at Omega_p = 50 MHz, Delta = 580 MHz, V_ct/Omega_R = 1.29
