sweep_omega_R: V_ct/(2 pi) = 226.27 MHz,  Omega_p = 50.0 MHz,
               Omega_c = 50.0 MHz,  alpha = 4.0,  K = 0.95
               (Sigma fixed by area = K*pi/4 at each Delta; T_f from alpha.)

 Delta  OR/Op    OR   sigma     T_f  2Tf+2Tc     M1     M2     F_bar       1-F
------------------------------------------------------------------------------------------
   200   1.00    50   0.097   72.99   165.97   36.2  36.20  0.863264 1.367e-01
   200   1.50    75   0.097   72.99   165.97   36.2  24.14  0.983189 1.681e-02
   200   2.00   100   0.097   72.99   165.97   36.2  18.10  0.904988 9.501e-02
   200   2.50   125   0.097   72.99   165.97   36.2  14.48  0.991534 8.466e-03
   200   3.00   150   0.097   72.99   165.97   36.2  12.07  0.978468 2.153e-02
   200   3.50   175   0.097   72.99   165.97   36.2  10.34  0.979763 2.024e-02
   200   5.00   250   0.097   72.99   165.97   36.2   7.24  0.852017 1.480e-01

   300   1.00    50   0.328  109.48   238.96   54.3  54.31  0.875265 1.247e-01
   300   1.50    75   0.328  109.48   238.96   54.3  36.20  0.979391 2.061e-02
   300   2.00   100   0.328  109.48   238.96   54.3  27.15  0.903543 9.646e-02
   300   2.50   125   0.328  109.48   238.96   54.3  21.72  0.989293 1.071e-02
   300   3.00   150   0.328  109.48   238.96   54.3  18.10  0.988740 1.126e-02
   300   3.50   175   0.328  109.48   238.96   54.3  15.52  0.988568 1.143e-02
   300   5.00   250   0.328  109.48   238.96   54.3  10.86  0.943285 5.671e-02

   400   1.00    50   0.778  145.97   311.94   72.4  72.41  0.879172 1.208e-01
   400   1.50    75   0.778  145.97   311.94   72.4  48.27  0.976555 2.345e-02
   400   2.00   100   0.778  145.97   311.94   72.4  36.20  0.904001 9.600e-02
   400   2.50   125   0.778  145.97   311.94   72.4  28.96  0.985280 1.472e-02
   400   3.00   150   0.778  145.97   311.94   72.4  24.14  0.991483 8.517e-03
   400   3.50   175   0.778  145.97   311.94   72.4  20.69  0.991796 8.204e-03
   400   5.00   250   0.778  145.97   311.94   72.4  14.48  0.971706 2.829e-02

   500   1.00    50   1.519  182.46   384.93   90.5  90.51  0.880568 1.194e-01
   500   1.50    75   1.519  182.46   384.93   90.5  60.34  0.974561 2.544e-02
   500   2.00   100   1.519  182.46   384.93   90.5  45.25  0.904013 9.599e-02
   500   2.50   125   1.519  182.46   384.93   90.5  36.20  0.982321 1.768e-02
   500   3.00   150   1.519  182.46   384.93   90.5  30.17  0.991719 8.281e-03
   500   3.50   175   1.519  182.46   384.93   90.5  25.86  0.992422 7.578e-03
   500   5.00   250   1.519  182.46   384.93   90.5  18.10  0.982560 1.744e-02

   700   1.00    50   4.167  255.45   530.90  126.7 126.71  0.880809 1.192e-01
   700   1.50    75   4.167  255.45   530.90  126.7  84.48  0.971668 2.833e-02
   700   2.00   100   4.167  255.45   530.90  126.7  63.36  0.903069 9.693e-02
   700   2.50   125   4.167  255.45   530.90  126.7  50.69  0.978281 2.172e-02
   700   3.00   150   4.167  255.45   530.90  126.7  42.24  0.990292 9.708e-03
   700   3.50   175   4.167  255.45   530.90  126.7  36.20  0.991313 8.687e-03
   700   5.00   250   4.167  255.45   530.90  126.7  25.34  0.989011 1.099e-02

  1000   1.00    50  12.149  364.93   749.85  181.0 181.02  0.879176 1.208e-01
  1000   1.50    75  12.149  364.93   749.85  181.0 120.68  0.968260 3.174e-02
  1000   2.00   100  12.149  364.93   749.85  181.0  90.51  0.900727 9.927e-02
  1000   2.50   125  12.149  364.93   749.85  181.0  72.41  0.974036 2.596e-02
  1000   3.00   150  12.149  364.93   749.85  181.0  60.34  0.987273 1.273e-02
  1000   3.50   175  12.149  364.93   749.85  181.0  51.72  0.988352 1.165e-02
  1000   5.00   250  12.149  364.93   749.85  181.0  36.20  0.989063 1.094e-02

==========================================================================================
F_bar matrix  (rows: Delta MHz; cols: ratio = Omega_R / Omega_p)
 Delta\r      1.00      1.50      2.00      2.50      3.00      3.50      5.00
------------------------------------------------------------------------------
     200  0.863264  0.983189  0.904988  0.991534  0.978468  0.979763  0.852017
     300  0.875265  0.979391  0.903543  0.989293  0.988740  0.988568  0.943285
     400  0.879172  0.976555  0.904001  0.985280  0.991483  0.991796  0.971706
     500  0.880568  0.974561  0.904013  0.982321  0.991719  0.992422  0.982560
     700  0.880809  0.971668  0.903069  0.978281  0.990292  0.991313  0.989011
    1000  0.879176  0.968260  0.900727  0.974036  0.987273  0.988352  0.989063

1 - F_bar matrix  (infidelity)
 Delta\r      1.00      1.50      2.00      2.50      3.00      3.50      5.00
------------------------------------------------------------------------------
     200 1.367e-01 1.681e-02 9.501e-02 8.466e-03 2.153e-02 2.024e-02 1.480e-01
     300 1.247e-01 2.061e-02 9.646e-02 1.071e-02 1.126e-02 1.143e-02 5.671e-02
     400 1.208e-01 2.345e-02 9.600e-02 1.472e-02 8.517e-03 8.204e-03 2.829e-02
     500 1.194e-01 2.544e-02 9.599e-02 1.768e-02 8.281e-03 7.578e-03 1.744e-02
     700 1.192e-01 2.833e-02 9.693e-02 2.172e-02 9.708e-03 8.687e-03 1.099e-02
    1000 1.208e-01 3.174e-02 9.927e-02 2.596e-02 1.273e-02 1.165e-02 1.094e-02

M2 (two-photon blockade margin)  V_ct / [Omega_p Omega_R / (2 Delta)]
 Delta\r      1.00      1.50      2.00      2.50      3.00      3.50      5.00
------------------------------------------------------------------------------
     200     36.20     24.14     18.10     14.48     12.07     10.34      7.24
     300     54.31     36.20     27.15     21.72     18.10     15.52     10.86
     400     72.41     48.27     36.20     28.96     24.14     20.69     14.48
     500     90.51     60.34     45.25     36.20     30.17     25.86     18.10
     700    126.71     84.48     63.36     50.69     42.24     36.20     25.34
    1000    181.02    120.68     90.51     72.41     60.34     51.72     36.20

==========================================================================================
Best F_bar = 0.992422  at  Delta = 500 MHz,  Omega_R/Omega_p = 3.50  (Omega_R = 175 MHz)
   sigma = 1.5187 ns,  T_f = 182.463 ns,  total gate = 384.93 ns
   M1 = 90.5,  M2 = 25.86

Per-input fidelities at the best cell:
   |00A>     F = 0.997233
   |00B>     F = 0.997233
   |01A>     F = 0.992704
   |01B>     F = 0.992704
   |10A>     F = 0.992704
   |10B>     F = 0.992704
   |11A>     F = 0.987049
   |11B>     F = 0.987049

F_bar > 0.99 cells:
   Delta =  200 MHz,  Omega_R/Omega_p = 2.50   F_bar = 0.991534
   Delta =  400 MHz,  Omega_R/Omega_p = 3.00   F_bar = 0.991483
   Delta =  400 MHz,  Omega_R/Omega_p = 3.50   F_bar = 0.991796
   Delta =  500 MHz,  Omega_R/Omega_p = 3.00   F_bar = 0.991719
   Delta =  500 MHz,  Omega_R/Omega_p = 3.50   F_bar = 0.992422
   Delta =  700 MHz,  Omega_R/Omega_p = 3.00   F_bar = 0.990292
   Delta =  700 MHz,  Omega_R/Omega_p = 3.50   F_bar = 0.991313
Total cells with F_bar > 0.99: 7 / 42
